Component: ARM Compiler 5.06 update 1 (build 61) Tool: armlink [4d35a8]

==============================================================================

Section Cross References

    startup_stm32f030.o(STACK) refers (Special) to heapauxi.o(.text) for __use_two_region_memory
    startup_stm32f030.o(HEAP) refers (Special) to heapauxi.o(.text) for __use_two_region_memory
    startup_stm32f030.o(RESET) refers (Special) to heapauxi.o(.text) for __use_two_region_memory
    startup_stm32f030.o(RESET) refers to startup_stm32f030.o(STACK) for __initial_sp
    startup_stm32f030.o(RESET) refers to startup_stm32f030.o(.text) for Reset_Handler
    startup_stm32f030.o(RESET) refers to adc.o(i.DMA1_Channel1_IRQHandler) for DMA1_Channel1_IRQHandler
    startup_stm32f030.o(RESET) refers to adc.o(i.ADC1_IRQHandler) for ADC1_IRQHandler
    startup_stm32f030.o(RESET) refers to metronome.o(i.TIM17_IRQHandler) for TIM17_IRQHandler
    startup_stm32f030.o(RESET) refers to i2c_slave.o(i.I2C1_IRQHandler) for I2C1_IRQHandler
    startup_stm32f030.o(.text) refers (Special) to heapauxi.o(.text) for __use_two_region_memory
    startup_stm32f030.o(.text) refers to startup_stm32f030.o(STACK) for __initial_sp
    startup_stm32f030.o(.text) refers to user.o(i.SystemInit) for SystemInit
    startup_stm32f030.o(.text) refers to __main.o(!!!main) for __main
    startup_stm32f030.o(.text) refers to startup_stm32f030.o(HEAP) for Heap_Mem
    user.o(i.i2cRegUpdate) refers to user.o(.data) for .data
    user.o(i.i2cRegUpdate) refers to user.o(.bss) for .bss
    user.o(i.main) refers to user_init.o(i.RCC_cfg) for RCC_cfg
    user.o(i.main) refers to user_init.o(i.NVIC_cfg) for NVIC_cfg
    user.o(i.main) refers to adc.o(i.adc_GPIO_cfg) for adc_GPIO_cfg
    user.o(i.main) refers to adc.o(i.ADC_cfg) for ADC_cfg
    user.o(i.main) refers to adc.o(i.DMA_cfg) for DMA_cfg
    user.o(i.main) refers to i2c_slave.o(i.i2c1_GPIO_cfg) for i2c1_GPIO_cfg
    user.o(i.main) refers to i2c_slave.o(i.i2c1_cfg) for i2c1_cfg
    user.o(i.main) refers to metronome.o(i.mtn_TIM17_cfg) for mtn_TIM17_cfg
    user.o(i.main) refers to ctrl.o(i.heat_GPIO_cfg) for heat_GPIO_cfg
    user.o(i.main) refers to stm32f0xx_adc.o(i.ADC_StartOfConversion) for ADC_StartOfConversion
    user.o(i.main) refers to eeprom_emulation.o(i.rd_coff) for rd_coff
    user.o(i.main) refers to adc.o(i.init_temp_humi) for init_temp_humi
    user.o(i.main) refers to stm32f0xx_gpio.o(i.GPIO_ReadInputDataBit) for GPIO_ReadInputDataBit
    user.o(i.main) refers to stm32f0xx_i2c.o(i.I2C_Cmd) for I2C_Cmd
    user.o(i.main) refers to eeprom_emulation.o(i.wr_coff) for wr_coff
    user.o(i.main) refers to metronome.o(i.time2tell) for time2tell
    user.o(i.main) refers to ctrl.o(i.heat_ctr) for heat_ctr
    user.o(i.main) refers to adc.o(i.adcDataProcess) for adcDataProcess
    user.o(i.main) refers to user.o(.bss) for .bss
    user.o(i.main) refers to user.o(.data) for .data
    user_init.o(i.NVIC_cfg) refers to stm32f0xx_misc.o(i.NVIC_Init) for NVIC_Init
    user_init.o(i.NVIC_cfg) refers to user_init.o(.data) for .data
    user_init.o(i.RCC_cfg) refers to stm32f0xx_rcc.o(i.RCC_HSEConfig) for RCC_HSEConfig
    user_init.o(i.RCC_cfg) refers to stm32f0xx_rcc.o(i.RCC_PLLCmd) for RCC_PLLCmd
    user_init.o(i.RCC_cfg) refers to stm32f0xx_rcc.o(i.RCC_SYSCLKConfig) for RCC_SYSCLKConfig
    user_init.o(i.RCC_cfg) refers to stm32f0xx_rcc.o(i.RCC_HCLKConfig) for RCC_HCLKConfig
    user_init.o(i.RCC_cfg) refers to stm32f0xx_rcc.o(i.RCC_PCLKConfig) for RCC_PCLKConfig
    user_init.o(i.RCC_cfg) refers to stm32f0xx_rcc.o(i.RCC_APB1PeriphClockCmd) for RCC_APB1PeriphClockCmd
    user_init.o(i.RCC_cfg) refers to stm32f0xx_rcc.o(i.RCC_APB2PeriphClockCmd) for RCC_APB2PeriphClockCmd
    user_init.o(i.RCC_cfg) refers to stm32f0xx_rcc.o(i.RCC_AHBPeriphClockCmd) for RCC_AHBPeriphClockCmd
    adc.o(i.ADC_cfg) refers to stm32f0xx_adc.o(i.ADC_Init) for ADC_Init
    adc.o(i.ADC_cfg) refers to stm32f0xx_adc.o(i.ADC_ClockModeConfig) for ADC_ClockModeConfig
    adc.o(i.ADC_cfg) refers to stm32f0xx_adc.o(i.ADC_ChannelConfig) for ADC_ChannelConfig
    adc.o(i.ADC_cfg) refers to stm32f0xx_adc.o(i.ADC_TempSensorCmd) for ADC_TempSensorCmd
    adc.o(i.ADC_cfg) refers to stm32f0xx_adc.o(i.ADC_VrefintCmd) for ADC_VrefintCmd
    adc.o(i.ADC_cfg) refers to stm32f0xx_adc.o(i.ADC_GetCalibrationFactor) for ADC_GetCalibrationFactor
    adc.o(i.ADC_cfg) refers to stm32f0xx_adc.o(i.ADC_DMARequestModeConfig) for ADC_DMARequestModeConfig
    adc.o(i.ADC_cfg) refers to stm32f0xx_adc.o(i.ADC_DMACmd) for ADC_DMACmd
    adc.o(i.ADC_cfg) refers to stm32f0xx_adc.o(i.ADC_Cmd) for ADC_Cmd
    adc.o(i.ADC_cfg) refers to stm32f0xx_adc.o(i.ADC_GetFlagStatus) for ADC_GetFlagStatus
    adc.o(i.ADC_cfg) refers to adc.o(.bss) for .bss
    adc.o(i.DMA1_Channel1_IRQHandler) refers to stm32f0xx_dma.o(i.DMA_GetFlagStatus) for DMA_GetFlagStatus
    adc.o(i.DMA1_Channel1_IRQHandler) refers to stm32f0xx_dma.o(i.DMA_ClearITPendingBit) for DMA_ClearITPendingBit
[...]
    ../clib/angel/kernel.s                   0x00000000   Number         0  rtexit.o ABSOLUTE
    ../clib/angel/kernel.s                   0x00000000   Number         0  __rtentry2.o ABSOLUTE
    ../clib/angel/kernel.s                   0x00000000   Number         0  __rtentry4.o ABSOLUTE
    ../clib/angel/kernel.s                   0x00000000   Number         0  rtexit2.o ABSOLUTE
    ../clib/angel/kernel.s                   0x00000000   Number         0  __rtentry.o ABSOLUTE
    ../clib/angel/rt.s                       0x00000000   Number         0  aeabi_idiv0_sigfpe.o ABSOLUTE
    ../clib/angel/rt.s                       0x00000000   Number         0  aeabi_idiv0.o ABSOLUTE
    ../clib/angel/rt.s                       0x00000000   Number         0  rt_raise.o ABSOLUTE
    ../clib/angel/rt.s                       0x00000000   Number         0  rt_errno_addr_intlibspace.o ABSOLUTE
    ../clib/angel/rt.s                       0x00000000   Number         0  rt_errno_addr.o ABSOLUTE
    ../clib/angel/rt.s                       0x00000000   Number         0  rt_div0.o ABSOLUTE
    ../clib/angel/scatterp.s                 0x00000000   Number         0  __scatter.o ABSOLUTE
    ../clib/angel/startup.s                  0x00000000   Number         0  __main.o ABSOLUTE
    ../clib/angel/sys.s                      0x00000000   Number         0  indicate_semi.o ABSOLUTE
    ../clib/angel/sys.s                      0x00000000   Number         0  use_no_semi.o ABSOLUTE
    ../clib/angel/sys.s                      0x00000000   Number         0  tempstk.o ABSOLUTE
    ../clib/angel/sys.s                      0x00000000   Number         0  sys_stackheap_outer.o ABSOLUTE
    ../clib/angel/sys.s                      0x00000000   Number         0  libspace.o ABSOLUTE
    ../clib/angel/sysapp.c                   0x00000000   Number         0  sys_exit.o ABSOLUTE
    ../clib/angel/sysapp.c                   0x00000000   Number         0  sys_command.o ABSOLUTE
    ../clib/angel/sysapp.c                   0x00000000   Number         0  sys_wrch.o ABSOLUTE
    ../clib/armsys.c                         0x00000000   Number         0  argv_veneer.o ABSOLUTE
    ../clib/armsys.c                         0x00000000   Number         0  _get_argv_nomalloc.o ABSOLUTE
    ../clib/armsys.c                         0x00000000   Number         0  no_argv.o ABSOLUTE
    ../clib/division.s                       0x00000000   Number         0  aeabi_sdiv_div0.o ABSOLUTE
    ../clib/division.s                       0x00000000   Number         0  aeabi_sdiv.o ABSOLUTE
    ../clib/fenv.c                           0x00000000   Number         0  _rserrno.o ABSOLUTE
    ../clib/heapalloc.c                      0x00000000   Number         0  hrguard.o ABSOLUTE
    ../clib/heapaux.c                        0x00000000   Number         0  heapauxi.o ABSOLUTE
    ../clib/libinit.s                        0x00000000   Number         0  libshutdown.o ABSOLUTE
    ../clib/libinit.s                        0x00000000   Number         0  libinit.o ABSOLUTE
    ../clib/libinit.s                        0x00000000   Number         0  libshutdown2.o ABSOLUTE
    ../clib/libinit.s                        0x00000000   Number         0  libinit2.o ABSOLUTE
    ../clib/signal.c                         0x00000000   Number         0  defsig_stak_inner.o ABSOLUTE
    ../clib/signal.c                         0x00000000   Number         0  defsig_other.o ABSOLUTE
    ../clib/signal.c                         0x00000000   Number         0  defsig_general.o ABSOLUTE
    ../clib/signal.c                         0x00000000   Number         0  __raise.o ABSOLUTE
    ../clib/signal.c                         0x00000000   Number         0  defsig_cppl_inner.o ABSOLUTE
    ../clib/signal.c                         0x00000000   Number         0  defsig_rtmem_formal.o ABSOLUTE
    ../clib/signal.c                         0x00000000   Number         0  defsig_fpe_inner.o ABSOLUTE
    ../clib/signal.c                         0x00000000   Number         0  defsig_exit.o ABSOLUTE
    ../clib/signal.c                         0x00000000   Number         0  defsig_fpe_formal.o ABSOLUTE
    ../clib/signal.c                         0x00000000   Number         0  defsig_fpe_outer.o ABSOLUTE
    ../clib/signal.c                         0x00000000   Number         0  defsig_rtmem_outer.o ABSOLUTE
    ../clib/signal.c                         0x00000000   Number         0  defsig_rtmem_inner.o ABSOLUTE
    ../clib/signal.c                         0x00000000   Number         0  defsig_rtred_inner.o ABSOLUTE
    ../clib/signal.c                         0x00000000   Number         0  defsig_abrt_inner.o ABSOLUTE
    ../clib/signal.c                         0x00000000   Number         0  defsig_pvfn_inner.o ABSOLUTE
    ../clib/signal.c                         0x00000000   Number         0  defsig_segv_inner.o ABSOLUTE
    ../clib/signal.s                         0x00000000   Number         0  defsig.o ABSOLUTE
    ../clib/stdlib.c                         0x00000000   Number         0  exit.o ABSOLUTE
    ../clib/unhosted.c                       0x00000000   Number         0  uread4.o ABSOLUTE
    ../fplib/cfplib/cmpret.c                 0x00000000   Number         0  cmpret.o ABSOLUTE
    ../fplib/cfplib/d2f.c                    0x00000000   Number         0  d2f.o ABSOLUTE
    ../fplib/cfplib/daddsub.c                0x00000000   Number         0  daddsub.o ABSOLUTE
    ../fplib/cfplib/dcmpin.c                 0x00000000   Number         0  dcmpin.o ABSOLUTE
    ../fplib/cfplib/ddiv.c                   0x00000000   Number         0  ddiv.o ABSOLUTE
    ../fplib/cfplib/dmul.c                   0x00000000   Number         0  dmul.o ABSOLUTE
    ../fplib/cfplib/dsqrt.c                  0x00000000   Number         0  dsqrt.o ABSOLUTE
    ../fplib/cfplib/f2d.c                    0x00000000   Number         0  f2d.o ABSOLUTE
    ../fplib/cfplib/fdiv.c                   0x00000000   Number         0  fdiv.o ABSOLUTE
    ../fplib/cfplib/fflt.c                   0x00000000   Number         0  fflti.o ABSOLUTE
    ../fplib/cfplib/fflt.c                   0x00000000   Number         0  dflti.o ABSOLUTE
    ../fplib/cfplib/fpinit.c                 0x00000000   Number         0  fpinit.o ABSOLUTE
    ../fplib/cfplib/nan2.c                   0x00000000   Number         0  dnan2.o ABSOLUTE
    ../fplib/cfplib/retnan.c                 0x00000000   Number         0  retnan.o ABSOLUTE
    ../fplib/cfplib/scalbn.c                 0x00000000   Number         0  fscalbn.o ABSOLUTE
    ../fplib/cfplib/scalbn.c                 0x00000000   Number         0  dscalbn.o ABSOLUTE
    ../fplib/deqf6m.s                        0x00000000   Number         0  deqf.o ABSOLUTE
    ../fplib/dleqf6m.s                       0x00000000   Number         0  dlef.o ABSOLUTE
    ../fplib/drleqf6m.s                      0x00000000   Number         0  drlef.o ABSOLUTE
    ../fplib/faddsub6m.s                     0x00000000   Number         0  faddsub.o ABSOLUTE
    ../fplib/fmul6m.s                        0x00000000   Number         0  fmul.o ABSOLUTE
    ../fplib/usenofp.s                       0x00000000   Number         0  usenofp.o ABSOLUTE
    ../mathlib/dunder.c                      0x00000000   Number         0  dunder.o ABSOLUTE
    ../mathlib/fpclassify.c                  0x00000000   Number         0  fpclassify.o ABSOLUTE
    ../mathlib/log.c                         0x00000000   Number         0  log.o ABSOLUTE
    ../mathlib/log.c                         0x00000000   Number         0  log_x.o ABSOLUTE
    ../mathlib/poly.c                        0x00000000   Number         0  poly.o ABSOLUTE
    ../mathlib/pow.c                         0x00000000   Number         0  pow.o ABSOLUTE
    ../mathlib/pow.c                         0x00000000   Number         0  pow_x.o ABSOLUTE
    ../mathlib/qnan.c                        0x00000000   Number         0  qnan.o ABSOLUTE
    ../mathlib/sqrt.c                        0x00000000   Number         0  sqrt_x.o ABSOLUTE
    ../mathlib/sqrt.c                        0x00000000   Number         0  sqrt.o ABSOLUTE
    ..\STM32F0xx_StdPeriph_Lib_V1.5.0\Libraries\CMSIS\Device\ST\STM32F0xx\Source\Templates\arm\startup_stm32f030.s 0x00000000   Number         0  startup_stm32f030.o ABSOLUTE
    ..\STM32F0xx_StdPeriph_Lib_V1.5.0\Libraries\STM32F0xx_StdPeriph_Driver\src\stm32f0xx_adc.c 0x00000000   Number         0  stm32f0xx_adc.o ABSOLUTE
    ..\STM32F0xx_StdPeriph_Lib_V1.5.0\Libraries\STM32F0xx_StdPeriph_Driver\src\stm32f0xx_can.c 0x00000000   Number         0  stm32f0xx_can.o ABSOLUTE
    ..\STM32F0xx_StdPeriph_Lib_V1.5.0\Libraries\STM32F0xx_StdPeriph_Driver\src\stm32f0xx_cec.c 0x00000000   Number         0  stm32f0xx_cec.o ABSOLUTE
    ..\STM32F0xx_StdPeriph_Lib_V1.5.0\Libraries\STM32F0xx_StdPeriph_Driver\src\stm32f0xx_comp.c 0x00000000   Number         0  stm32f0xx_comp.o ABSOLUTE
    ..\STM32F0xx_StdPeriph_Lib_V1.5.0\Libraries\STM32F0xx_StdPeriph_Driver\src\stm32f0xx_crc.c 0x00000000   Number         0  stm32f0xx_crc.o ABSOLUTE
    ..\STM32F0xx_StdPeriph_Lib_V1.5.0\Libraries\STM32F0xx_StdPeriph_Driver\src\stm32f0xx_crs.c 0x00000000   Number         0  stm32f0xx_crs.o ABSOLUTE
    ..\STM32F0xx_StdPeriph_Lib_V1.5.0\Libraries\STM32F0xx_StdPeriph_Driver\src\stm32f0xx_dac.c 0x00000000   Number         0  stm32f0xx_dac.o ABSOLUTE
    ..\STM32F0xx_StdPeriph_Lib_V1.5.0\Libraries\STM32F0xx_StdPeriph_Driver\src\stm32f0xx_dbgmcu.c 0x00000000   Number         0  stm32f0xx_dbgmcu.o ABSOLUTE
    ..\STM32F0xx_StdPeriph_Lib_V1.5.0\Libraries\STM32F0xx_StdPeriph_Driver\src\stm32f0xx_dma.c 0x00000000   Number         0  stm32f0xx_dma.o ABSOLUTE
    ..\STM32F0xx_StdPeriph_Lib_V1.5.0\Libraries\STM32F0xx_StdPeriph_Driver\src\stm32f0xx_exti.c 0x00000000   Number         0  stm32f0xx_exti.o ABSOLUTE
    ..\STM32F0xx_StdPeriph_Lib_V1.5.0\Libraries\STM32F0xx_StdPeriph_Driver\src\stm32f0xx_flash.c 0x00000000   Number         0  stm32f0xx_flash.o ABSOLUTE
    ..\STM32F0xx_StdPeriph_Lib_V1.5.0\Libraries\STM32F0xx_StdPeriph_Driver\src\stm32f0xx_gpio.c 0x00000000   Number         0  stm32f0xx_gpio.o ABSOLUTE
    ..\STM32F0xx_StdPeriph_Lib_V1.5.0\Libraries\STM32F0xx_StdPeriph_Driver\src\stm32f0xx_i2c.c 0x00000000   Number         0  stm32f0xx_i2c.o ABSOLUTE
    ..\STM32F0xx_StdPeriph_Lib_V1.5.0\Libraries\STM32F0xx_StdPeriph_Driver\src\stm32f0xx_iwdg.c 0x00000000   Number         0  stm32f0xx_iwdg.o ABSOLUTE
    ..\STM32F0xx_StdPeriph_Lib_V1.5.0\Libraries\STM32F0xx_StdPeriph_Driver\src\stm32f0xx_misc.c 0x00000000   Number         0  stm32f0xx_misc.o ABSOLUTE
    ..\STM32F0xx_StdPeriph_Lib_V1.5.0\Libraries\STM32F0xx_StdPeriph_Driver\src\stm32f0xx_pwr.c 0x00000000   Number         0  stm32f0xx_pwr.o ABSOLUTE
    ..\STM32F0xx_StdPeriph_Lib_V1.5.0\Libraries\STM32F0xx_StdPeriph_Driver\src\stm32f0xx_rcc.c 0x00000000   Number         0  stm32f0xx_rcc.o ABSOLUTE
    ..\STM32F0xx_StdPeriph_Lib_V1.5.0\Libraries\STM32F0xx_StdPeriph_Driver\src\stm32f0xx_rtc.c 0x00000000   Number         0  stm32f0xx_rtc.o ABSOLUTE
    ..\STM32F0xx_StdPeriph_Lib_V1.5.0\Libraries\STM32F0xx_StdPeriph_Driver\src\stm32f0xx_spi.c 0x00000000   Number         0  stm32f0xx_spi.o ABSOLUTE
    ..\STM32F0xx_StdPeriph_Lib_V1.5.0\Libraries\STM32F0xx_StdPeriph_Driver\src\stm32f0xx_syscfg.c 0x00000000   Number         0  stm32f0xx_syscfg.o ABSOLUTE
    ..\STM32F0xx_StdPeriph_Lib_V1.5.0\Libraries\STM32F0xx_StdPeriph_Driver\src\stm32f0xx_tim.c 0x00000000   Number         0  stm32f0xx_tim.o ABSOLUTE
    ..\STM32F0xx_StdPeriph_Lib_V1.5.0\Libraries\STM32F0xx_StdPeriph_Driver\src\stm32f0xx_usart.c 0x00000000   Number         0  stm32f0xx_usart.o ABSOLUTE
    ..\STM32F0xx_StdPeriph_Lib_V1.5.0\Libraries\STM32F0xx_StdPeriph_Driver\src\stm32f0xx_wwdg.c 0x00000000   Number         0  stm32f0xx_wwdg.o ABSOLUTE
    ..\\STM32F0xx_StdPeriph_Lib_V1.5.0\\Libraries\\STM32F0xx_StdPeriph_Driver\\src\\stm32f0xx_adc.c 0x00000000   Number         0  stm32f0xx_adc.o ABSOLUTE
    ..\\STM32F0xx_StdPeriph_Lib_V1.5.0\\Libraries\\STM32F0xx_StdPeriph_Driver\\src\\stm32f0xx_can.c 0x00000000   Number         0  stm32f0xx_can.o ABSOLUTE
    ..\\STM32F0xx_StdPeriph_Lib_V1.5.0\\Libraries\\STM32F0xx_StdPeriph_Driver\\src\\stm32f0xx_cec.c 0x00000000   Number         0  stm32f0xx_cec.o ABSOLUTE
    ..\\STM32F0xx_StdPeriph_Lib_V1.5.0\\Libraries\\STM32F0xx_StdPeriph_Driver\\src\\stm32f0xx_comp.c 0x00000000   Number         0  stm32f0xx_comp.o ABSOLUTE
    ..\\STM32F0xx_StdPeriph_Lib_V1.5.0\\Libraries\\STM32F0xx_StdPeriph_Driver\\src\\stm32f0xx_crc.c 0x00000000   Number         0  stm32f0xx_crc.o ABSOLUTE
    ..\\STM32F0xx_StdPeriph_Lib_V1.5.0\\Libraries\\STM32F0xx_StdPeriph_Driver\\src\\stm32f0xx_crs.c 0x00000000   Number         0  stm32f0xx_crs.o ABSOLUTE
    ..\\STM32F0xx_StdPeriph_Lib_V1.5.0\\Libraries\\STM32F0xx_StdPeriph_Driver\\src\\stm32f0xx_dac.c 0x00000000   Number         0  stm32f0xx_dac.o ABSOLUTE
    ..\\STM32F0xx_StdPeriph_Lib_V1.5.0\\Libraries\\STM32F0xx_StdPeriph_Driver\\src\\stm32f0xx_dbgmcu.c 0x00000000   Number         0  stm32f0xx_dbgmcu.o ABSOLUTE
    ..\\STM32F0xx_StdPeriph_Lib_V1.5.0\\Libraries\\STM32F0xx_StdPeriph_Driver\\src\\stm32f0xx_dma.c 0x00000000   Number         0  stm32f0xx_dma.o ABSOLUTE
    ..\\STM32F0xx_StdPeriph_Lib_V1.5.0\\Libraries\\STM32F0xx_StdPeriph_Driver\\src\\stm32f0xx_exti.c 0x00000000   Number         0  stm32f0xx_exti.o ABSOLUTE
    ..\\STM32F0xx_StdPeriph_Lib_V1.5.0\\Libraries\\STM32F0xx_StdPeriph_Driver\\src\\stm32f0xx_flash.c 0x00000000   Number         0  stm32f0xx_flash.o ABSOLUTE
    ..\\STM32F0xx_StdPeriph_Lib_V1.5.0\\Libraries\\STM32F0xx_StdPeriph_Driver\\src\\stm32f0xx_gpio.c 0x00000000   Number         0  stm32f0xx_gpio.o ABSOLUTE
    ..\\STM32F0xx_StdPeriph_Lib_V1.5.0\\Libraries\\STM32F0xx_StdPeriph_Driver\\src\\stm32f0xx_i2c.c 0x00000000   Number         0  stm32f0xx_i2c.o ABSOLUTE
    ..\\STM32F0xx_StdPeriph_Lib_V1.5.0\\Libraries\\STM32F0xx_StdPeriph_Driver\\src\\stm32f0xx_iwdg.c 0x00000000   Number         0  stm32f0xx_iwdg.o ABSOLUTE
    ..\\STM32F0xx_StdPeriph_Lib_V1.5.0\\Libraries\\STM32F0xx_StdPeriph_Driver\\src\\stm32f0xx_misc.c 0x00000000   Number         0  stm32f0xx_misc.o ABSOLUTE
    ..\\STM32F0xx_StdPeriph_Lib_V1.5.0\\Libraries\\STM32F0xx_StdPeriph_Driver\\src\\stm32f0xx_pwr.c 0x00000000   Number         0  stm32f0xx_pwr.o ABSOLUTE
    ..\\STM32F0xx_StdPeriph_Lib_V1.5.0\\Libraries\\STM32F0xx_StdPeriph_Driver\\src\\stm32f0xx_rcc.c 0x00000000   Number         0  stm32f0xx_rcc.o ABSOLUTE
    ..\\STM32F0xx_StdPeriph_Lib_V1.5.0\\Libraries\\STM32F0xx_StdPeriph_Driver\\src\\stm32f0xx_rtc.c 0x00000000   Number         0  stm32f0xx_rtc.o ABSOLUTE
    ..\\STM32F0xx_StdPeriph_Lib_V1.5.0\\Libraries\\STM32F0xx_StdPeriph_Driver\\src\\stm32f0xx_spi.c 0x00000000   Number         0  stm32f0xx_spi.o ABSOLUTE
    ..\\STM32F0xx_StdPeriph_Lib_V1.5.0\\Libraries\\STM32F0xx_StdPeriph_Driver\\src\\stm32f0xx_syscfg.c 0x00000000   Number         0  stm32f0xx_syscfg.o ABSOLUTE
    ..\\STM32F0xx_StdPeriph_Lib_V1.5.0\\Libraries\\STM32F0xx_StdPeriph_Driver\\src\\stm32f0xx_tim.c 0x00000000   Number         0  stm32f0xx_tim.o ABSOLUTE
    ..\\STM32F0xx_StdPeriph_Lib_V1.5.0\\Libraries\\STM32F0xx_StdPeriph_Driver\\src\\stm32f0xx_usart.c 0x00000000   Number         0  stm32f0xx_usart.o ABSOLUTE
    ..\\STM32F0xx_StdPeriph_Lib_V1.5.0\\Libraries\\STM32F0xx_StdPeriph_Driver\\src\\stm32f0xx_wwdg.c 0x00000000   Number         0  stm32f0xx_wwdg.o ABSOLUTE
    dc.s                                     0x00000000   Number         0  dc.o ABSOLUTE
    source\\adc.c                            0x00000000   Number         0  adc.o ABSOLUTE
    source\\ctrl.c                           0x00000000   Number         0  ctrl.o ABSOLUTE
    source\\eeprom_emulation.c               0x00000000   Number         0  eeprom_emulation.o ABSOLUTE
    source\\i2c_slave.c                      0x00000000   Number         0  i2c_slave.o ABSOLUTE
    source\\metronome.c                      0x00000000   Number         0  metronome.o ABSOLUTE
    source\\user.c                           0x00000000   Number         0  user.o ABSOLUTE
    source\\user_init.c                      0x00000000   Number         0  user_init.o ABSOLUTE
    source\adc.c                             0x00000000   Number         0  adc.o ABSOLUTE
    source\ctrl.c                            0x00000000   Number         0  ctrl.o ABSOLUTE
    source\eeprom_emulation.c                0x00000000   Number         0  eeprom_emulation.o ABSOLUTE
    source\i2c_slave.c                       0x00000000   Number         0  i2c_slave.o ABSOLUTE
    source\metronome.c                       0x00000000   Number         0  metronome.o ABSOLUTE
    source\user.c                            0x00000000   Number         0  user.o ABSOLUTE
    source\user_init.c                       0x00000000   Number         0  user_init.o ABSOLUTE
    RESET                                    0x08000000   Section      180  startup_stm32f030.o(RESET)
    !!!main                                  0x080000b4   Section        8  __main.o(!!!main)
    !!!scatter                               0x080000bc   Section       60  __scatter.o(!!!scatter)
    !!handler_copy                           0x080000f8   Section       26  __scatter_copy.o(!!handler_copy)
    !!handler_zi                             0x08000114   Section       28  __scatter_zi.o(!!handler_zi)
    .ARM.Collect$$libinit$$00000000          0x08000130   Section        2  libinit.o(.ARM.Collect$$libinit$$00000000)
    .ARM.Collect$$libinit$$00000002          0x08000132   Section        0  libinit2.o(.ARM.Collect$$libinit$$00000002)
    .ARM.Collect$$libinit$$00000004          0x08000132   Section        0  libinit2.o(.ARM.Collect$$libinit$$00000004)
    .ARM.Collect$$libinit$$0000000A          0x08000132   Section        0  libinit2.o(.ARM.Collect$$libinit$$0000000A)
    .ARM.Collect$$libinit$$0000000C          0x08000132   Section        0  libinit2.o(.ARM.Collect$$libinit$$0000000C)
    .ARM.Collect$$libinit$$0000000E          0x08000132   Section        0  libinit2.o(.ARM.Collect$$libinit$$0000000E)
    .ARM.Collect$$libinit$$00000011          0x08000132   Section        0  libinit2.o(.ARM.Collect$$libinit$$00000011)
    .ARM.Collect$$libinit$$00000013          0x08000132   Section        0  libinit2.o(.ARM.Collect$$libinit$$00000013)
    .ARM.Collect$$libinit$$00000015          0x08000132   Section        0  libinit2.o(.ARM.Collect$$libinit$$00000015)
    .ARM.Collect$$libinit$$00000017          0x08000132   Section        0  libinit2.o(.ARM.Collect$$libinit$$00000017)
    .ARM.Collect$$libinit$$00000019          0x08000132   Section        0  libinit2.o(.ARM.Collect$$libinit$$00000019)
    .ARM.Collect$$libinit$$0000001B          0x08000132   Section        0  libinit2.o(.ARM.Collect$$libinit$$0000001B)
    .ARM.Collect$$libinit$$0000001D          0x08000132   Section        0  libinit2.o(.ARM.Collect$$libinit$$0000001D)
    .ARM.Collect$$libinit$$0000001F          0x08000132   Section        0  libinit2.o(.ARM.Collect$$libinit$$0000001F)
    .ARM.Collect$$libinit$$00000021          0x08000132   Section        0  libinit2.o(.ARM.Collect$$libinit$$00000021)
    .ARM.Collect$$libinit$$00000023          0x08000132   Section        0  libinit2.o(.ARM.Collect$$libinit$$00000023)
    .ARM.Collect$$libinit$$00000025          0x08000132   Section        0  libinit2.o(.ARM.Collect$$libinit$$00000025)
    .ARM.Collect$$libinit$$0000002C          0x08000132   Section        0  libinit2.o(.ARM.Collect$$libinit$$0000002C)
    .ARM.Collect$$libinit$$0000002E          0x08000132   Section        0  libinit2.o(.ARM.Collect$$libinit$$0000002E)
    .ARM.Collect$$libinit$$00000030          0x08000132   Section        0  libinit2.o(.ARM.Collect$$libinit$$00000030)
    .ARM.Collect$$libinit$$00000032          0x08000132   Section        0  libinit2.o(.ARM.Collect$$libinit$$00000032)
    .ARM.Collect$$libinit$$00000033          0x08000132   Section        2  libinit2.o(.ARM.Collect$$libinit$$00000033)
    .ARM.Collect$$libshutdown$$00000000      0x08000134   Section        2  libshutdown.o(.ARM.Collect$$libshutdown$$00000000)
    .ARM.Collect$$libshutdown$$00000002      0x08000136   Section        0  libshutdown2.o(.ARM.Collect$$libshutdown$$00000002)
    .ARM.Collect$$libshutdown$$00000004      0x08000136   Section        0  libshutdown2.o(.ARM.Collect$$libshutdown$$00000004)
    .ARM.Collect$$libshutdown$$00000007      0x08000136   Section        0  libshutdown2.o(.ARM.Collect$$libshutdown$$00000007)
    .ARM.Collect$$libshutdown$$0000000A      0x08000136   Section        0  libshutdown2.o(.ARM.Collect$$libshutdown$$0000000A)
    .ARM.Collect$$libshutdown$$0000000C      0x08000136   Section        0  libshutdown2.o(.ARM.Collect$$libshutdown$$0000000C)
    .ARM.Collect$$libshutdown$$0000000F      0x08000136   Section        0  libshutdown2.o(.ARM.Collect$$libshutdown$$0000000F)
    .ARM.Collect$$libshutdown$$00000010      0x08000136   Section        2  libshutdown2.o(.ARM.Collect$$libshutdown$$00000010)
    .ARM.Collect$$rtentry$$00000000          0x08000138   Section        0  __rtentry.o(.ARM.Collect$$rtentry$$00000000)
    .ARM.Collect$$rtentry$$00000002          0x08000138   Section        0  __rtentry2.o(.ARM.Collect$$rtentry$$00000002)
    .ARM.Collect$$rtentry$$00000004          0x08000138   Section        6  __rtentry4.o(.ARM.Collect$$rtentry$$00000004)
    .ARM.Collect$$rtentry$$00000009          0x0800013e   Section        0  __rtentry2.o(.ARM.Collect$$rtentry$$00000009)
    .ARM.Collect$$rtentry$$0000000A          0x0800013e   Section        4  __rtentry2.o(.ARM.Collect$$rtentry$$0000000A)
    .ARM.Collect$$rtentry$$0000000C          0x08000142   Section        0  __rtentry2.o(.ARM.Collect$$rtentry$$0000000C)
    .ARM.Collect$$rtentry$$0000000D          0x08000142   Section        8  __rtentry2.o(.ARM.Collect$$rtentry$$0000000D)
    .ARM.Collect$$rtexit$$00000000           0x0800014a   Section        2  rtexit.o(.ARM.Collect$$rtexit$$00000000)
    .ARM.Collect$$rtexit$$00000002           0x0800014c   Section        0  rtexit2.o(.ARM.Collect$$rtexit$$00000002)
    .ARM.Collect$$rtexit$$00000003           0x0800014c   Section        4  rtexit2.o(.ARM.Collect$$rtexit$$00000003)
    .ARM.Collect$$rtexit$$00000004           0x08000150   Section        6  rtexit2.o(.ARM.Collect$$rtexit$$00000004)
    .text                                    0x08000158   Section      116  startup_stm32f030.o(.text)
    .text                                    0x080001cc   Section      346  aeabi_sdiv.o(.text)
    .text                                    0x08000326   Section        0  heapauxi.o(.text)
    .text                                    0x0800032c   Section        0  d2f.o(.text)
    .text                                    0x080003a8   Section        0  daddsub.o(.text)
    _dadd1                                   0x080003a9   Thumb Code   290  daddsub.o(.text)
    _dsub1                                   0x080004cb   Thumb Code   470  daddsub.o(.text)
    .text                                    0x08000700   Section        0  ddiv.o(.text)
    .text                                    0x08000b48   Section        0  dmul.o(.text)
    .text                                    0x08000d90   Section        0  f2d.o(.text)
    .text                                    0x08000de4   Section        0  fdiv.o(.text)
    .text                                    0x08000f44   Section        0  fflti.o(.text)
    .text                                    0x08000fa4   Section        0  fscalbn.o(.text)
    .text                                    0x08000fe8   Section        0  _rserrno.o(.text)
    .text                                    0x08000ffe   Section        0  dflti.o(.text)
    .text                                    0x08001058   Section        0  dscalbn.o(.text)
    .text                                    0x080010b8   Section        8  rt_errno_addr_intlibspace.o(.text)
    .text                                    0x080010c0   Section        0  dcmpin.o(.text)
    .text                                    0x08001150   Section        0  dsqrt.o(.text)
    .text                                    0x08001250   Section        8  libspace.o(.text)
    .text                                    0x08001258   Section       62  sys_stackheap_outer.o(.text)
    .text                                    0x08001296   Section        0  exit.o(.text)
    .text                                    0x080012a6   Section        0  cmpret.o(.text)
    .text                                    0x080012d4   Section        0  dnan2.o(.text)
    .text                                    0x080012e8   Section        0  retnan.o(.text)
    .text                                    0x08001348   Section        0  sys_exit.o(.text)
    .text                                    0x08001354   Section        2  use_no_semi.o(.text)
    .text                                    0x08001356   Section        0  indicate_semi.o(.text)
    i.ADC1_IRQHandler                        0x08001356   Section        0  adc.o(i.ADC1_IRQHandler)
    i.ADC_ChannelConfig                      0x08001358   Section        0  stm32f0xx_adc.o(i.ADC_ChannelConfig)
    i.ADC_ClockModeConfig                    0x08001362   Section        0  stm32f0xx_adc.o(i.ADC_ClockModeConfig)
    i.ADC_Cmd                                0x08001366   Section        0  stm32f0xx_adc.o(i.ADC_Cmd)
    i.ADC_DMACmd                             0x08001378   Section        0  stm32f0xx_adc.o(i.ADC_DMACmd)
    i.ADC_DMARequestModeConfig               0x0800138c   Section        0  stm32f0xx_adc.o(i.ADC_DMARequestModeConfig)
    i.ADC_GetCalibrationFactor               0x0800139c   Section        0  stm32f0xx_adc.o(i.ADC_GetCalibrationFactor)
    i.ADC_GetFlagStatus                      0x080013ca   Section        0  stm32f0xx_adc.o(i.ADC_GetFlagStatus)
    i.ADC_Init                               0x080013e8   Section        0  stm32f0xx_adc.o(i.ADC_Init)
    i.ADC_StartOfConversion                  0x08001414   Section        0  stm32f0xx_adc.o(i.ADC_StartOfConversion)
    i.ADC_TempSensorCmd                      0x08001420   Section        0  stm32f0xx_adc.o(i.ADC_TempSensorCmd)
    i.ADC_VrefintCmd                         0x0800143c   Section        0  stm32f0xx_adc.o(i.ADC_VrefintCmd)
    i.ADC_cfg                                0x08001458   Section        0  adc.o(i.ADC_cfg)
    i.DMA1_Channel1_IRQHandler               0x080014c8   Section        0  adc.o(i.DMA1_Channel1_IRQHandler)
    i.DMA_ClearITPendingBit                  0x080014e8   Section        0  stm32f0xx_dma.o(i.DMA_ClearITPendingBit)
    i.DMA_Cmd                                0x08001500   Section        0  stm32f0xx_dma.o(i.DMA_Cmd)
    i.DMA_GetFlagStatus                      0x08001518   Section        0  stm32f0xx_dma.o(i.DMA_GetFlagStatus)
    i.DMA_ITConfig                           0x08001538   Section        0  stm32f0xx_dma.o(i.DMA_ITConfig)
    i.DMA_Init                               0x08001548   Section        0  stm32f0xx_dma.o(i.DMA_Init)
    i.DMA_cfg                                0x08001584   Section        0  adc.o(i.DMA_cfg)
    i.FLASH_GetStatus                        0x080015dc   Section        0  stm32f0xx_flash.o(i.FLASH_GetStatus)
    i.FLASH_Lock                             0x08001604   Section        0  stm32f0xx_flash.o(i.FLASH_Lock)
    i.FLASH_ProgramHalfWord                  0x08001614   Section        0  stm32f0xx_flash.o(i.FLASH_ProgramHalfWord)
    i.FLASH_Unlock                           0x08001648   Section        0  stm32f0xx_flash.o(i.FLASH_Unlock)
    i.FLASH_WaitForLastOperation             0x08001668   Section        0  stm32f0xx_flash.o(i.FLASH_WaitForLastOperation)
    i.GPIO_Init                              0x0800168a   Section        0  stm32f0xx_gpio.o(i.GPIO_Init)
    i.GPIO_PinAFConfig                       0x080016fa   Section        0  stm32f0xx_gpio.o(i.GPIO_PinAFConfig)
    i.GPIO_ReadInputDataBit                  0x0800171a   Section        0  stm32f0xx_gpio.o(i.GPIO_ReadInputDataBit)
    i.GPIO_ResetBits                         0x08001728   Section        0  stm32f0xx_gpio.o(i.GPIO_ResetBits)
    i.GPIO_SetBits                           0x0800172c   Section        0  stm32f0xx_gpio.o(i.GPIO_SetBits)
    i.I2C1_IRQHandler                        0x08001730   Section        0  i2c_slave.o(i.I2C1_IRQHandler)
    i.I2C_ClearITPendingBit                  0x08001888   Section        0  stm32f0xx_i2c.o(i.I2C_ClearITPendingBit)
    i.I2C_Cmd                                0x0800188c   Section        0  stm32f0xx_i2c.o(i.I2C_Cmd)
    i.I2C_GetITStatus                        0x080018a0   Section        0  stm32f0xx_i2c.o(i.I2C_GetITStatus)
    i.I2C_GetTransferDirection               0x080018d0   Section        0  stm32f0xx_i2c.o(i.I2C_GetTransferDirection)
    i.I2C_ITConfig                           0x080018e2   Section        0  stm32f0xx_i2c.o(i.I2C_ITConfig)
    i.I2C_Init                               0x080018f4   Section        0  stm32f0xx_i2c.o(i.I2C_Init)
    i.I2C_ReceiveData                        0x08001958   Section        0  stm32f0xx_i2c.o(i.I2C_ReceiveData)
    i.I2C_SendData                           0x0800195e   Section        0  stm32f0xx_i2c.o(i.I2C_SendData)
    i.NVIC_Init                              0x08001964   Section        0  stm32f0xx_misc.o(i.NVIC_Init)
    i.NVIC_cfg                               0x080019b4   Section        0  user_init.o(i.NVIC_cfg)
    i.RCC_AHBPeriphClockCmd                  0x08001a20   Section        0  stm32f0xx_rcc.o(i.RCC_AHBPeriphClockCmd)
    i.RCC_APB1PeriphClockCmd                 0x08001a38   Section        0  stm32f0xx_rcc.o(i.RCC_APB1PeriphClockCmd)
    i.RCC_APB2PeriphClockCmd                 0x08001a50   Section        0  stm32f0xx_rcc.o(i.RCC_APB2PeriphClockCmd)
    i.RCC_HCLKConfig                         0x08001a68   Section        0  stm32f0xx_rcc.o(i.RCC_HCLKConfig)
    i.RCC_HSEConfig                          0x08001a7c   Section        0  stm32f0xx_rcc.o(i.RCC_HSEConfig)
    i.RCC_PCLKConfig                         0x08001a8c   Section        0  stm32f0xx_rcc.o(i.RCC_PCLKConfig)
    i.RCC_PLLCmd                             0x08001aa0   Section        0  stm32f0xx_rcc.o(i.RCC_PLLCmd)
    i.RCC_SYSCLKConfig                       0x08001abc   Section        0  stm32f0xx_rcc.o(i.RCC_SYSCLKConfig)
    i.RCC_cfg                                0x08001ad0   Section        0  user_init.o(i.RCC_cfg)
    i.SystemInit                             0x08001b2c   Section        0  user.o(i.SystemInit)
    i.TIM17_IRQHandler                       0x08001b30   Section        0  metronome.o(i.TIM17_IRQHandler)
    i.TIM_ARRPreloadConfig                   0x08001b58   Section        0  stm32f0xx_tim.o(i.TIM_ARRPreloadConfig)
    i.TIM_ClearITPendingBit                  0x08001b6a   Section        0  stm32f0xx_tim.o(i.TIM_ClearITPendingBit)
    i.TIM_Cmd                                0x08001b70   Section        0  stm32f0xx_tim.o(i.TIM_Cmd)
    i.TIM_GetITStatus                        0x08001b84   Section        0  stm32f0xx_tim.o(i.TIM_GetITStatus)
    i.TIM_ITConfig                           0x08001b9c   Section        0  stm32f0xx_tim.o(i.TIM_ITConfig)
    i.TIM_TimeBaseInit                       0x08001bac   Section        0  stm32f0xx_tim.o(i.TIM_TimeBaseInit)
    i.__ARM_fpclassify                       0x08001c20   Section        0  fpclassify.o(i.__ARM_fpclassify)
    i.__kernel_poly                          0x08001c4c   Section        0  poly.o(i.__kernel_poly)
    i.__mathlib_dbl_divzero                  0x08001cf8   Section        0  dunder.o(i.__mathlib_dbl_divzero)
    i.__mathlib_dbl_infnan                   0x08001d0c   Section        0  dunder.o(i.__mathlib_dbl_infnan)
    i.__mathlib_dbl_infnan2                  0x08001d16   Section        0  dunder.o(i.__mathlib_dbl_infnan2)
    i.__mathlib_dbl_invalid                  0x08001d1e   Section        0  dunder.o(i.__mathlib_dbl_invalid)
    i.__mathlib_dbl_overflow                 0x08001d30   Section        0  dunder.o(i.__mathlib_dbl_overflow)
    i.__mathlib_dbl_underflow                0x08001d44   Section        0  dunder.o(i.__mathlib_dbl_underflow)
    i.adcDataProcess                         0x08001d58   Section        0  adc.o(i.adcDataProcess)
    i.adc_GPIO_cfg                           0x08001ee8   Section        0  adc.o(i.adc_GPIO_cfg)
    i.fx                                     0x08001f08   Section        0  adc.o(i.fx)
    i.heat_GPIO_cfg                          0x08001f6c   Section        0  ctrl.o(i.heat_GPIO_cfg)
    i.heat_ctr                               0x08001f94   Section        0  ctrl.o(i.heat_ctr)
    i.i2c1_GPIO_cfg                          0x08001fb8   Section        0  i2c_slave.o(i.i2c1_GPIO_cfg)
    i.i2c1_cfg                               0x08002008   Section        0  i2c_slave.o(i.i2c1_cfg)
    i.i2cRegUpdate                           0x08002044   Section        0  user.o(i.i2cRegUpdate)
    i.init_temp_humi                         0x080020a8   Section        0  adc.o(i.init_temp_humi)
    i.log                                    0x080020c8   Section        0  log.o(i.log)
    i.main                                   0x0800241c   Section        0  user.o(i.main)
    i.mtn_TIM17_cfg                          0x080024c4   Section        0  metronome.o(i.mtn_TIM17_cfg)
    i.ntcCalc                                0x08002508   Section        0  adc.o(i.ntcCalc)
    i.pow                                    0x08002590   Section        0  pow.o(i.pow)
    i.rd_coff                                0x08002f8c   Section        0  eeprom_emulation.o(i.rd_coff)
    i.rd_flash_1hw                           0x08002fc4   Section        0  eeprom_emulation.o(i.rd_flash_1hw)
    i.rd_flash_hw                            0x08002fd4   Section        0  eeprom_emulation.o(i.rd_flash_hw)
    i.sqrt                                   0x08002ff8   Section        0  sqrt.o(i.sqrt)
    i.time2tell                              0x08003040   Section        0  metronome.o(i.time2tell)
    i.wr_coff                                0x08003058   Section        0  eeprom_emulation.o(i.wr_coff)
    i.wr_flash_hw                            0x0800309c   Section        0  eeprom_emulation.o(i.wr_flash_hw)
    x$fpl$deqf                               0x080030d0   Section      100  deqf.o(x$fpl$deqf)
    x$fpl$drleqf                             0x08003134   Section      104  drlef.o(x$fpl$drleqf)
    x$fpl$fadd                               0x0800319c   Section      140  faddsub.o(x$fpl$fadd)
    _fadd1                                   0x080031a9   Thumb Code     0  faddsub.o(x$fpl$fadd)
    x$fpl$fmul                               0x08003228   Section      176  fmul.o(x$fpl$fmul)
    x$fpl$fsub                               0x080032d8   Section      208  faddsub.o(x$fpl$fsub)
    _fsub1                                   0x080032e5   Thumb Code     0  faddsub.o(x$fpl$fsub)
    .constdata                               0x080033a8   Section      128  ddiv.o(.constdata)
    x$fpl$usenofp                            0x080033a8   Section        0  usenofp.o(x$fpl$usenofp)
    ddiv_reciptbl                            0x080033a8   Data         128  ddiv.o(.constdata)
    .constdata                               0x08003428   Section       64  fdiv.o(.constdata)
    fdiv_tab                                 0x08003428   Data          64  fdiv.o(.constdata)
    .constdata                               0x08003468   Section       56  log.o(.constdata)
    Lg2                                      0x08003468   Data          24  log.o(.constdata)
    Lg                                       0x08003480   Data          32  log.o(.constdata)
    .constdata                               0x080034a0   Section      136  pow.o(.constdata)
    bp                                       0x080034a0   Data          16  pow.o(.constdata)
    dp_h                                     0x080034b0   Data          16  pow.o(.constdata)
    dp_l                                     0x080034c0   Data          16  pow.o(.constdata)
    L                                        0x080034d0   Data          48  pow.o(.constdata)
    P                                        0x08003500   Data          40  pow.o(.constdata)
    .constdata                               0x08003528   Section        8  qnan.o(.constdata)
    .data                                    0x20000000   Section        8  user.o(.data)
    usRegHoldingStart                        0x20000000   Data           2  user.o(.data)
    v0                                       0x20000004   Data           4  user.o(.data)
    .data                                    0x20000008   Section        3  user_init.o(.data)
    NVIC_InitStructure                       0x20000008   Data           3  user_init.o(.data)
    .data                                    0x2000000c   Section       48  adc.o(.data)
    dma_complete_flag                        0x2000000c   Data           1  adc.o(.data)
    rstd                                     0x2000000e   Data           2  adc.o(.data)
    rl                                       0x20000010   Data           2  adc.o(.data)
    adcValue                                 0x20000012   Data           2  adc.o(.data)
    ntcValue                                 0x20000014   Data           2  adc.o(.data)
    tempValue                                0x20000016   Data           2  adc.o(.data)
    vrefValue                                0x20000018   Data           2  adc.o(.data)
    sa                                       0x2000001c   Data           4  adc.o(.data)
    sb                                       0x20000020   Data           4  adc.o(.data)
    ta                                       0x20000024   Data           4  adc.o(.data)
    tb                                       0x20000028   Data           4  adc.o(.data)
    ha                                       0x2000002c   Data           4  adc.o(.data)
    hb                                       0x20000030   Data           4  adc.o(.data)
    GPIO_InitStructure                       0x20000034   Data           8  adc.o(.data)
    .data                                    0x2000003c   Section       12  metronome.o(.data)
    l2tell                                   0x2000003c   Data           1  metronome.o(.data)
    GPIO_InitStructure                       0x20000040   Data           8  metronome.o(.data)
    .data                                    0x20000048   Section       16  i2c_slave.o(.data)
    i2c_mode                                 0x20000048   Data           1  i2c_slave.o(.data)
    rx_cnt                                   0x20000049   Data           1  i2c_slave.o(.data)
    tx_cnt                                   0x2000004a   Data           1  i2c_slave.o(.data)
    bytematch                                0x2000004b   Data           1  i2c_slave.o(.data)
    regnum                                   0x2000004c   Data           1  i2c_slave.o(.data)
    reg_offset                               0x2000004e   Data           2  i2c_slave.o(.data)
    GPIO_InitStructure                       0x20000050   Data           8  i2c_slave.o(.data)
    .data                                    0x20000058   Section        8  ctrl.o(.data)
    GPIO_InitStructure                       0x20000058   Data           8  ctrl.o(.data)
    .bss                                     0x20000060   Section       64  user.o(.bss)
    usRegHoldingBuf                          0x20000060   Data          64  user.o(.bss)
    .bss                                     0x200000a0   Section      260  adc.o(.bss)
    dma4adc                                  0x200000a0   Data         128  adc.o(.bss)
    ADC_InitStructure                        0x20000120   Data          24  adc.o(.bss)
    DMA_InitStructure                        0x20000138   Data          44  adc.o(.bss)
    .bss                                     0x200001a4   Section       12  metronome.o(.bss)
    TIM_TimeBaseStructure                    0x200001a4   Data          12  metronome.o(.bss)
    .bss                                     0x200001b0   Section      228  i2c_slave.o(.bss)
    I2C_InitStructure                        0x200001b0   Data          28  i2c_slave.o(.bss)
    data_buf                                 0x200001cc   Data         200  i2c_slave.o(.bss)
    .bss                                     0x20000294   Section       96  libspace.o(.bss)
    HEAP                                     0x200002f8   Section      512  startup_stm32f030.o(HEAP)
    Heap_Mem                                 0x200002f8   Data         512  startup_stm32f030.o(HEAP)
    STACK                                    0x200004f8   Section     1024  startup_stm32f030.o(STACK)
    Stack_Mem                                0x200004f8   Data        1024  startup_stm32f030.o(STACK)
    __initial_sp                             0x200008f8   Data           0  startup_stm32f030.o(STACK)

    Global Symbols

    Symbol Name                              Value     Ov Type        Size  Object(Section)

    BuildAttributes$$THM_ISAv3M$S$PE$A:L22$X:L11$S22$IEEE1$IW$USESV6$~STKCKD$USESV7$~SHL$OTIME$ROPI$IEEEX$EBA8$UX$STANDARDLIB$REQ8$PRES8$EABIv2 0x00000000   Number         0  anon$$obj.o ABSOLUTE
    __ARM_use_no_argv                        0x00000000   Number         0  user.o ABSOLUTE
    __ARM_exceptions_init                     - Undefined Weak Reference
    __alloca_initialize                       - Undefined Weak Reference
    __arm_preinit_                            - Undefined Weak Reference
    __cpp_initialize__aeabi_                  - Undefined Weak Reference
    __cxa_finalize                            - Undefined Weak Reference
    __rt_locale                               - Undefined Weak Reference
    __sigvec_lookup                           - Undefined Weak Reference
    _atexit_init                              - Undefined Weak Reference
    _call_atexit_fns                          - Undefined Weak Reference
    _clock_init                               - Undefined Weak Reference
    _fp_trap_init                             - Undefined Weak Reference
    _fp_trap_shutdown                         - Undefined Weak Reference
    _get_lc_collate                           - Undefined Weak Reference
    _get_lc_ctype                             - Undefined Weak Reference
    _get_lc_monetary                          - Undefined Weak Reference
    _get_lc_numeric                           - Undefined Weak Reference
    _get_lc_time                              - Undefined Weak Reference
    _getenv_init                              - Undefined Weak Reference
    _handle_redirection                       - Undefined Weak Reference
    _init_alloc                               - Undefined Weak Reference
    _init_user_alloc                          - Undefined Weak Reference
    _initio                                   - Undefined Weak Reference
    _rand_init                                - Undefined Weak Reference
    _signal_finish                            - Undefined Weak Reference
    _signal_init                              - Undefined Weak Reference
    _terminate_alloc                          - Undefined Weak Reference
    _terminate_user_alloc                     - Undefined Weak Reference
    _terminateio                              - Undefined Weak Reference
    __Vectors_Size                           0x000000b4   Number         0  startup_stm32f030.o ABSOLUTE
    __Vectors                                0x08000000   Data           4  startup_stm32f030.o(RESET)
    __Vectors_End                            0x080000b4   Data           0  startup_stm32f030.o(RESET)
    __main                                   0x080000b5   Thumb Code     8  __main.o(!!!main)
    __scatterload                            0x080000bd   Thumb Code     0  __scatter.o(!!!scatter)
    __scatterload_rt2                        0x080000bd   Thumb Code    52  __scatter.o(!!!scatter)
    __scatterload_rt2_thumb_only             0x080000bd   Thumb Code     0  __scatter.o(!!!scatter)
    __scatterload_null                       0x080000cd   Thumb Code     0  __scatter.o(!!!scatter)
    __scatterload_copy                       0x080000f9   Thumb Code    26  __scatter_copy.o(!!handler_copy)
    __scatterload_zeroinit                   0x08000115   Thumb Code    28  __scatter_zi.o(!!handler_zi)
    __rt_lib_init                            0x08000131   Thumb Code     0  libinit.o(.ARM.Collect$$libinit$$00000000)
    __rt_lib_init_alloca_1                   0x08000133   Thumb Code     0  libinit2.o(.ARM.Collect$$libinit$$0000002E)
    __rt_lib_init_argv_1                     0x08000133   Thumb Code     0  libinit2.o(.ARM.Collect$$libinit$$0000002C)
    __rt_lib_init_atexit_1                   0x08000133   Thumb Code     0  libinit2.o(.ARM.Collect$$libinit$$0000001B)
    __rt_lib_init_clock_1                    0x08000133   Thumb Code     0  libinit2.o(.ARM.Collect$$libinit$$00000021)
    __rt_lib_init_cpp_1                      0x08000133   Thumb Code     0  libinit2.o(.ARM.Collect$$libinit$$00000032)
    __rt_lib_init_exceptions_1               0x08000133   Thumb Code     0  libinit2.o(.ARM.Collect$$libinit$$00000030)
    __rt_lib_init_fp_1                       0x08000133   Thumb Code     0  libinit2.o(.ARM.Collect$$libinit$$00000002)
    __rt_lib_init_fp_trap_1                  0x08000133   Thumb Code     0  libinit2.o(.ARM.Collect$$libinit$$0000001F)
    __rt_lib_init_getenv_1                   0x08000133   Thumb Code     0  libinit2.o(.ARM.Collect$$libinit$$00000023)
    __rt_lib_init_heap_1                     0x08000133   Thumb Code     0  libinit2.o(.ARM.Collect$$libinit$$0000000A)
    __rt_lib_init_lc_collate_1               0x08000133   Thumb Code     0  libinit2.o(.ARM.Collect$$libinit$$00000011)
    __rt_lib_init_lc_ctype_1                 0x08000133   Thumb Code     0  libinit2.o(.ARM.Collect$$libinit$$00000013)
    __rt_lib_init_lc_monetary_1              0x08000133   Thumb Code     0  libinit2.o(.ARM.Collect$$libinit$$00000015)
    __rt_lib_init_lc_numeric_1               0x08000133   Thumb Code     0  libinit2.o(.ARM.Collect$$libinit$$00000017)
    __rt_lib_init_lc_time_1                  0x08000133   Thumb Code     0  libinit2.o(.ARM.Collect$$libinit$$00000019)
    __rt_lib_init_preinit_1                  0x08000133   Thumb Code     0  libinit2.o(.ARM.Collect$$libinit$$00000004)
    __rt_lib_init_rand_1                     0x08000133   Thumb Code     0  libinit2.o(.ARM.Collect$$libinit$$0000000E)
    __rt_lib_init_return                     0x08000133   Thumb Code     0  libinit2.o(.ARM.Collect$$libinit$$00000033)
    __rt_lib_init_signal_1                   0x08000133   Thumb Code     0  libinit2.o(.ARM.Collect$$libinit$$0000001D)
    __rt_lib_init_stdio_1                    0x08000133   Thumb Code     0  libinit2.o(.ARM.Collect$$libinit$$00000025)
    __rt_lib_init_user_alloc_1               0x08000133   Thumb Code     0  libinit2.o(.ARM.Collect$$libinit$$0000000C)
    __rt_lib_shutdown                        0x08000135   Thumb Code     0  libshutdown.o(.ARM.Collect$$libshutdown$$00000000)
    __rt_lib_shutdown_cpp_1                  0x08000137   Thumb Code     0  libshutdown2.o(.ARM.Collect$$libshutdown$$00000002)
    __rt_lib_shutdown_fp_trap_1              0x08000137   Thumb Code     0  libshutdown2.o(.ARM.Collect$$libshutdown$$00000007)
    __rt_lib_shutdown_heap_1                 0x08000137   Thumb Code     0  libshutdown2.o(.ARM.Collect$$libshutdown$$0000000F)
    __rt_lib_shutdown_return                 0x08000137   Thumb Code     0  libshutdown2.o(.ARM.Collect$$libshutdown$$00000010)
    __rt_lib_shutdown_signal_1               0x08000137   Thumb Code     0  libshutdown2.o(.ARM.Collect$$libshutdown$$0000000A)
    __rt_lib_shutdown_stdio_1                0x08000137   Thumb Code     0  libshutdown2.o(.ARM.Collect$$libshutdown$$00000004)
    __rt_lib_shutdown_user_alloc_1           0x08000137   Thumb Code     0  libshutdown2.o(.ARM.Collect$$libshutdown$$0000000C)
    __rt_entry                               0x08000139   Thumb Code     0  __rtentry.o(.ARM.Collect$$rtentry$$00000000)
    __rt_entry_presh_1                       0x08000139   Thumb Code     0  __rtentry2.o(.ARM.Collect$$rtentry$$00000002)
    __rt_entry_sh                            0x08000139   Thumb Code     0  __rtentry4.o(.ARM.Collect$$rtentry$$00000004)
    __rt_entry_li                            0x0800013f   Thumb Code     0  __rtentry2.o(.ARM.Collect$$rtentry$$0000000A)
    __rt_entry_postsh_1                      0x0800013f   Thumb Code     0  __rtentry2.o(.ARM.Collect$$rtentry$$00000009)
    __rt_entry_main                          0x08000143   Thumb Code     0  __rtentry2.o(.ARM.Collect$$rtentry$$0000000D)
    __rt_entry_postli_1                      0x08000143   Thumb Code     0  __rtentry2.o(.ARM.Collect$$rtentry$$0000000C)
    __rt_exit                                0x0800014b   Thumb Code     0  rtexit.o(.ARM.Collect$$rtexit$$00000000)
    __rt_exit_ls                             0x0800014d   Thumb Code     0  rtexit2.o(.ARM.Collect$$rtexit$$00000003)
    __rt_exit_prels_1                        0x0800014d   Thumb Code     0  rtexit2.o(.ARM.Collect$$rtexit$$00000002)
    __rt_exit_exit                           0x08000151   Thumb Code     0  rtexit2.o(.ARM.Collect$$rtexit$$00000004)
    Reset_Handler                            0x08000159   Thumb Code    38  startup_stm32f030.o(.text)
    NMI_Handler                              0x0800017f   Thumb Code     2  startup_stm32f030.o(.text)
    HardFault_Handler                        0x08000181   Thumb Code     2  startup_stm32f030.o(.text)
    SVC_Handler                              0x08000183   Thumb Code     2  startup_stm32f030.o(.text)
    PendSV_Handler                           0x08000185   Thumb Code     2  startup_stm32f030.o(.text)
    SysTick_Handler                          0x08000187   Thumb Code     2  startup_stm32f030.o(.text)
    DMA1_Channel2_3_IRQHandler               0x08000189   Thumb Code     0  startup_stm32f030.o(.text)
    DMA1_Channel4_5_IRQHandler               0x08000189   Thumb Code     0  startup_stm32f030.o(.text)
    EXTI0_1_IRQHandler                       0x08000189   Thumb Code     0  startup_stm32f030.o(.text)
    EXTI2_3_IRQHandler                       0x08000189   Thumb Code     0  startup_stm32f030.o(.text)
    EXTI4_15_IRQHandler                      0x08000189   Thumb Code     0  startup_stm32f030.o(.text)
    FLASH_IRQHandler                         0x08000189   Thumb Code     0  startup_stm32f030.o(.text)
    I2C2_IRQHandler                          0x08000189   Thumb Code     0  startup_stm32f030.o(.text)
    RCC_IRQHandler                           0x08000189   Thumb Code     0  startup_stm32f030.o(.text)
    RTC_IRQHandler                           0x08000189   Thumb Code     0  startup_stm32f030.o(.text)
    SPI1_IRQHandler                          0x08000189   Thumb Code     0  startup_stm32f030.o(.text)
    SPI2_IRQHandler                          0x08000189   Thumb Code     0  startup_stm32f030.o(.text)
    TIM14_IRQHandler                         0x08000189   Thumb Code     0  startup_stm32f030.o(.text)
    TIM15_IRQHandler                         0x08000189   Thumb Code     0  startup_stm32f030.o(.text)
    TIM16_IRQHandler                         0x08000189   Thumb Code     0  startup_stm32f030.o(.text)
    TIM1_BRK_UP_TRG_COM_IRQHandler           0x08000189   Thumb Code     0  startup_stm32f030.o(.text)
    TIM1_CC_IRQHandler                       0x08000189   Thumb Code     0  startup_stm32f030.o(.text)
    TIM3_IRQHandler                          0x08000189   Thumb Code     0  startup_stm32f030.o(.text)
    USART1_IRQHandler                        0x08000189   Thumb Code     0  startup_stm32f030.o(.text)
    USART2_IRQHandler                        0x08000189   Thumb Code     0  startup_stm32f030.o(.text)
    WWDG_IRQHandler                          0x08000189   Thumb Code     0  startup_stm32f030.o(.text)
    __user_initial_stackheap                 0x0800018d   Thumb Code     0  startup_stm32f030.o(.text)
    __aeabi_uidiv                            0x080001cd   Thumb Code     0  aeabi_sdiv.o(.text)
    __aeabi_uidivmod                         0x080001cd   Thumb Code    20  aeabi_sdiv.o(.text)
    __aeabi_idiv                             0x080001e1   Thumb Code     0  aeabi_sdiv.o(.text)
    __aeabi_idivmod                          0x080001e1   Thumb Code   326  aeabi_sdiv.o(.text)
    __use_two_region_memory                  0x08000327   Thumb Code     2  heapauxi.o(.text)
    __rt_heap_escrow$2region                 0x08000329   Thumb Code     2  heapauxi.o(.text)
    __rt_heap_expand$2region                 0x0800032b   Thumb Code     2  heapauxi.o(.text)
    __aeabi_d2f                              0x0800032d   Thumb Code     0  d2f.o(.text)
    _d2f                                     0x0800032d   Thumb Code   120  d2f.o(.text)
    __aeabi_dadd                             0x080006a1   Thumb Code     0  daddsub.o(.text)
    _dadd                                    0x080006a1   Thumb Code    26  daddsub.o(.text)
    __aeabi_dsub                             0x080006bb   Thumb Code     0  daddsub.o(.text)
    _dsub                                    0x080006bb   Thumb Code    22  daddsub.o(.text)
    __aeabi_drsub                            0x080006d1   Thumb Code     0  daddsub.o(.text)
    _drsb                                    0x080006d1   Thumb Code    28  daddsub.o(.text)
    __aeabi_ddiv                             0x08000701   Thumb Code     0  ddiv.o(.text)
    _ddiv                                    0x08000701   Thumb Code  1072  ddiv.o(.text)
    _drdiv                                   0x08000b31   Thumb Code    20  ddiv.o(.text)
    __aeabi_dmul                             0x08000b49   Thumb Code     0  dmul.o(.text)
    _dmul                                    0x08000b49   Thumb Code   558  dmul.o(.text)
    __aeabi_f2d                              0x08000d91   Thumb Code     0  f2d.o(.text)
    _f2d                                     0x08000d91   Thumb Code    80  f2d.o(.text)
    __aeabi_fdiv                             0x08000de5   Thumb Code     0  fdiv.o(.text)
    _fdiv                                    0x08000de5   Thumb Code   334  fdiv.o(.text)
    _frdiv                                   0x08000f33   Thumb Code     8  fdiv.o(.text)
    __aeabi_i2f_normalise                    0x08000f45   Thumb Code    72  fflti.o(.text)
    __aeabi_i2f                              0x08000f8d   Thumb Code    16  fflti.o(.text)
    _fflt                                    0x08000f8d   Thumb Code     0  fflti.o(.text)
    __aeabi_ui2f                             0x08000f9d   Thumb Code     6  fflti.o(.text)
    _ffltu                                   0x08000f9d   Thumb Code     0  fflti.o(.text)
    __ARM_scalbnf                            0x08000fa5   Thumb Code    64  fscalbn.o(.text)
    __read_errno                             0x08000fe9   Thumb Code    10  _rserrno.o(.text)
    __set_errno                              0x08000ff3   Thumb Code    12  _rserrno.o(.text)
    __aeabi_i2d_normalise                    0x08000fff   Thumb Code    66  dflti.o(.text)
    __aeabi_i2d                              0x08001041   Thumb Code    16  dflti.o(.text)
    _dflt                                    0x08001041   Thumb Code     0  dflti.o(.text)
    __aeabi_ui2d                             0x08001051   Thumb Code     6  dflti.o(.text)
    _dfltu                                   0x08001051   Thumb Code     0  dflti.o(.text)
    __ARM_scalbn                             0x08001059   Thumb Code    84  dscalbn.o(.text)
    __aeabi_errno_addr                       0x080010b9   Thumb Code     8  rt_errno_addr_intlibspace.o(.text)
    __errno$intlibspace                      0x080010b9   Thumb Code     0  rt_errno_addr_intlibspace.o(.text)
    __rt_errno_addr$intlibspace              0x080010b9   Thumb Code     0  rt_errno_addr_intlibspace.o(.text)
    __fpl_dcmp_InfNaN                        0x080010c1   Thumb Code   140  dcmpin.o(.text)
    _dsqrt                                   0x08001151   Thumb Code   248  dsqrt.o(.text)
    __user_libspace                          0x08001251   Thumb Code     8  libspace.o(.text)
    __user_perproc_libspace                  0x08001251   Thumb Code     0  libspace.o(.text)
    __user_perthread_libspace                0x08001251   Thumb Code     0  libspace.o(.text)
    __user_setup_stackheap                   0x08001259   Thumb Code    62  sys_stackheap_outer.o(.text)
    exit                                     0x08001297   Thumb Code    16  exit.o(.text)
    __fpl_cmpreturn                          0x080012a7   Thumb Code    46  cmpret.o(.text)
    __fpl_dcheck_NaN2                        0x080012d5   Thumb Code    14  dnan2.o(.text)
    __fpl_return_NaN                         0x080012e9   Thumb Code    94  retnan.o(.text)
    _sys_exit                                0x08001349   Thumb Code     8  sys_exit.o(.text)
    __I$use$semihosting                      0x08001355   Thumb Code     0  use_no_semi.o(.text)
    __use_no_semihosting_swi                 0x08001355   Thumb Code     2  use_no_semi.o(.text)
    ADC1_IRQHandler                          0x08001357   Thumb Code     2  adc.o(i.ADC1_IRQHandler)
    __semihosting_library_function           0x08001357   Thumb Code     0  indicate_semi.o(.text)
    ADC_ChannelConfig                        0x08001359   Thumb Code    10  stm32f0xx_adc.o(i.ADC_ChannelConfig)
    ADC_ClockModeConfig                      0x08001363   Thumb Code     4  stm32f0xx_adc.o(i.ADC_ClockModeConfig)
    ADC_Cmd                                  0x08001367   Thumb Code    18  stm32f0xx_adc.o(i.ADC_Cmd)
    ADC_DMACmd                               0x08001379   Thumb Code    20  stm32f0xx_adc.o(i.ADC_DMACmd)
    ADC_DMARequestModeConfig                 0x0800138d   Thumb Code    16  stm32f0xx_adc.o(i.ADC_DMARequestModeConfig)
    ADC_GetCalibrationFactor                 0x0800139d   Thumb Code    46  stm32f0xx_adc.o(i.ADC_GetCalibrationFactor)
    ADC_GetFlagStatus                        0x080013cb   Thumb Code    28  stm32f0xx_adc.o(i.ADC_GetFlagStatus)
    ADC_Init                                 0x080013e9   Thumb Code    38  stm32f0xx_adc.o(i.ADC_Init)
    ADC_StartOfConversion                    0x08001415   Thumb Code    10  stm32f0xx_adc.o(i.ADC_StartOfConversion)
    ADC_TempSensorCmd                        0x08001421   Thumb Code    22  stm32f0xx_adc.o(i.ADC_TempSensorCmd)
    ADC_VrefintCmd                           0x0800143d   Thumb Code    22  stm32f0xx_adc.o(i.ADC_VrefintCmd)
    ADC_cfg                                  0x08001459   Thumb Code    98  adc.o(i.ADC_cfg)
    DMA1_Channel1_IRQHandler                 0x080014c9   Thumb Code    26  adc.o(i.DMA1_Channel1_IRQHandler)
    DMA_ClearITPendingBit                    0x080014e9   Thumb Code    14  stm32f0xx_dma.o(i.DMA_ClearITPendingBit)
    DMA_Cmd                                  0x08001501   Thumb Code    20  stm32f0xx_dma.o(i.DMA_Cmd)
    DMA_GetFlagStatus                        0x08001519   Thumb Code    24  stm32f0xx_dma.o(i.DMA_GetFlagStatus)
    DMA_ITConfig                             0x08001539   Thumb Code    16  stm32f0xx_dma.o(i.DMA_ITConfig)
    DMA_Init                                 0x08001549   Thumb Code    56  stm32f0xx_dma.o(i.DMA_Init)
    DMA_cfg                                  0x08001585   Thumb Code    76  adc.o(i.DMA_cfg)
    FLASH_GetStatus                          0x080015dd   Thumb Code    34  stm32f0xx_flash.o(i.FLASH_GetStatus)
    FLASH_Lock                               0x08001605   Thumb Code    12  stm32f0xx_flash.o(i.FLASH_Lock)
    FLASH_ProgramHalfWord                    0x08001615   Thumb Code    48  stm32f0xx_flash.o(i.FLASH_ProgramHalfWord)
    FLASH_Unlock                             0x08001649   Thumb Code    18  stm32f0xx_flash.o(i.FLASH_Unlock)
    FLASH_WaitForLastOperation               0x08001669   Thumb Code    34  stm32f0xx_flash.o(i.FLASH_WaitForLastOperation)
    GPIO_Init                                0x0800168b   Thumb Code   112  stm32f0xx_gpio.o(i.GPIO_Init)
    GPIO_PinAFConfig                         0x080016fb   Thumb Code    32  stm32f0xx_gpio.o(i.GPIO_PinAFConfig)
    GPIO_ReadInputDataBit                    0x0800171b   Thumb Code    14  stm32f0xx_gpio.o(i.GPIO_ReadInputDataBit)
    GPIO_ResetBits                           0x08001729   Thumb Code     4  stm32f0xx_gpio.o(i.GPIO_ResetBits)
    GPIO_SetBits                             0x0800172d   Thumb Code     4  stm32f0xx_gpio.o(i.GPIO_SetBits)
    I2C1_IRQHandler                          0x08001731   Thumb Code   330  i2c_slave.o(i.I2C1_IRQHandler)
    I2C_ClearITPendingBit                    0x08001889   Thumb Code     4  stm32f0xx_i2c.o(i.I2C_ClearITPendingBit)
    I2C_Cmd                                  0x0800188d   Thumb Code    20  stm32f0xx_i2c.o(i.I2C_Cmd)
    I2C_GetITStatus                          0x080018a1   Thumb Code    48  stm32f0xx_i2c.o(i.I2C_GetITStatus)
    I2C_GetTransferDirection                 0x080018d1   Thumb Code    18  stm32f0xx_i2c.o(i.I2C_GetTransferDirection)
    I2C_ITConfig                             0x080018e3   Thumb Code    16  stm32f0xx_i2c.o(i.I2C_ITConfig)
    I2C_Init                                 0x080018f5   Thumb Code    92  stm32f0xx_i2c.o(i.I2C_Init)
    I2C_ReceiveData                          0x08001959   Thumb Code     6  stm32f0xx_i2c.o(i.I2C_ReceiveData)
    I2C_SendData                             0x0800195f   Thumb Code     4  stm32f0xx_i2c.o(i.I2C_SendData)
    NVIC_Init                                0x08001965   Thumb Code    70  stm32f0xx_misc.o(i.NVIC_Init)
    NVIC_cfg                                 0x080019b5   Thumb Code   102  user_init.o(i.NVIC_cfg)
    RCC_AHBPeriphClockCmd                    0x08001a21   Thumb Code    18  stm32f0xx_rcc.o(i.RCC_AHBPeriphClockCmd)
    RCC_APB1PeriphClockCmd                   0x08001a39   Thumb Code    18  stm32f0xx_rcc.o(i.RCC_APB1PeriphClockCmd)
    RCC_APB2PeriphClockCmd                   0x08001a51   Thumb Code    18  stm32f0xx_rcc.o(i.RCC_APB2PeriphClockCmd)
    RCC_HCLKConfig                           0x08001a69   Thumb Code    14  stm32f0xx_rcc.o(i.RCC_HCLKConfig)
    RCC_HSEConfig                            0x08001a7d   Thumb Code    10  stm32f0xx_rcc.o(i.RCC_HSEConfig)
    RCC_PCLKConfig                           0x08001a8d   Thumb Code    16  stm32f0xx_rcc.o(i.RCC_PCLKConfig)
    RCC_PLLCmd                               0x08001aa1   Thumb Code    22  stm32f0xx_rcc.o(i.RCC_PLLCmd)
    RCC_SYSCLKConfig                         0x08001abd   Thumb Code    14  stm32f0xx_rcc.o(i.RCC_SYSCLKConfig)
    RCC_cfg                                  0x08001ad1   Thumb Code    78  user_init.o(i.RCC_cfg)
    SystemInit                               0x08001b2d   Thumb Code     2  user.o(i.SystemInit)
    TIM17_IRQHandler                         0x08001b31   Thumb Code    32  metronome.o(i.TIM17_IRQHandler)
    TIM_ARRPreloadConfig                     0x08001b59   Thumb Code    18  stm32f0xx_tim.o(i.TIM_ARRPreloadConfig)
    TIM_ClearITPendingBit                    0x08001b6b   Thumb Code     6  stm32f0xx_tim.o(i.TIM_ClearITPendingBit)
    TIM_Cmd                                  0x08001b71   Thumb Code    20  stm32f0xx_tim.o(i.TIM_Cmd)
    TIM_GetITStatus                          0x08001b85   Thumb Code    24  stm32f0xx_tim.o(i.TIM_GetITStatus)
    TIM_ITConfig                             0x08001b9d   Thumb Code    16  stm32f0xx_tim.o(i.TIM_ITConfig)
    TIM_TimeBaseInit                         0x08001bad   Thumb Code    88  stm32f0xx_tim.o(i.TIM_TimeBaseInit)
    __ARM_fpclassify                         0x08001c21   Thumb Code    40  fpclassify.o(i.__ARM_fpclassify)
    __kernel_poly                            0x08001c4d   Thumb Code   172  poly.o(i.__kernel_poly)
    __mathlib_dbl_divzero                    0x08001cf9   Thumb Code    16  dunder.o(i.__mathlib_dbl_divzero)
    __mathlib_dbl_infnan                     0x08001d0d   Thumb Code    10  dunder.o(i.__mathlib_dbl_infnan)
    __mathlib_dbl_infnan2                    0x08001d17   Thumb Code     8  dunder.o(i.__mathlib_dbl_infnan2)
    __mathlib_dbl_invalid                    0x08001d1f   Thumb Code    16  dunder.o(i.__mathlib_dbl_invalid)
    __mathlib_dbl_overflow                   0x08001d31   Thumb Code    16  dunder.o(i.__mathlib_dbl_overflow)
    __mathlib_dbl_underflow                  0x08001d45   Thumb Code    14  dunder.o(i.__mathlib_dbl_underflow)
    adcDataProcess                           0x08001d59   Thumb Code   380  adc.o(i.adcDataProcess)
    adc_GPIO_cfg                             0x08001ee9   Thumb Code    26  adc.o(i.adc_GPIO_cfg)
    fx                                       0x08001f09   Thumb Code    94  adc.o(i.fx)
    heat_GPIO_cfg                            0x08001f6d   Thumb Code    34  ctrl.o(i.heat_GPIO_cfg)
    heat_ctr                                 0x08001f95   Thumb Code    30  ctrl.o(i.heat_ctr)
    i2c1_GPIO_cfg                            0x08001fb9   Thumb Code    76  i2c_slave.o(i.i2c1_GPIO_cfg)
    i2c1_cfg                                 0x08002009   Thumb Code    50  i2c_slave.o(i.i2c1_cfg)
    i2cRegUpdate                             0x08002045   Thumb Code    90  user.o(i.i2cRegUpdate)
    init_temp_humi                           0x080020a9   Thumb Code    32  adc.o(i.init_temp_humi)
    log                                      0x080020c9   Thumb Code   790  log.o(i.log)
    main                                     0x0800241d   Thumb Code   140  user.o(i.main)
    mtn_TIM17_cfg                            0x080024c5   Thumb Code    56  metronome.o(i.mtn_TIM17_cfg)
    ntcCalc                                  0x08002509   Thumb Code   106  adc.o(i.ntcCalc)
    pow                                      0x08002591   Thumb Code  2548  pow.o(i.pow)
    rd_coff                                  0x08002f8d   Thumb Code    52  eeprom_emulation.o(i.rd_coff)
    rd_flash_1hw                             0x08002fc5   Thumb Code    10  eeprom_emulation.o(i.rd_flash_1hw)
    rd_flash_hw                              0x08002fd5   Thumb Code    30  eeprom_emulation.o(i.rd_flash_hw)
    sqrt                                     0x08002ff9   Thumb Code    66  sqrt.o(i.sqrt)
    time2tell                                0x08003041   Thumb Code    20  metronome.o(i.time2tell)
    wr_coff                                  0x08003059   Thumb Code    60  eeprom_emulation.o(i.wr_coff)
    wr_flash_hw                              0x0800309d   Thumb Code    46  eeprom_emulation.o(i.wr_flash_hw)
    __aeabi_cdcmpeq                          0x080030d1   Thumb Code     0  deqf.o(x$fpl$deqf)
    _dcmpeq                                  0x080030d1   Thumb Code    94  deqf.o(x$fpl$deqf)
    __aeabi_cdrcmple                         0x08003135   Thumb Code     0  drlef.o(x$fpl$drleqf)
    _drcmple                                 0x08003135   Thumb Code   100  drlef.o(x$fpl$drleqf)
    __aeabi_fadd                             0x0800319d   Thumb Code     0  faddsub.o(x$fpl$fadd)
    _fadd                                    0x0800319d   Thumb Code   134  faddsub.o(x$fpl$fadd)
    __aeabi_fmul                             0x08003229   Thumb Code     0  fmul.o(x$fpl$fmul)
    _fmul                                    0x08003229   Thumb Code   172  fmul.o(x$fpl$fmul)
    __aeabi_fsub                             0x080032d9   Thumb Code     0  faddsub.o(x$fpl$fsub)
    _fsub                                    0x080032d9   Thumb Code   204  faddsub.o(x$fpl$fsub)
    __I$use$fp                               0x080033a8   Number         0  usenofp.o(x$fpl$usenofp)
    __mathlib_zero                           0x08003528   Data           8  qnan.o(.constdata)
    Region$$Table$$Base                      0x08003530   Number         0  anon$$obj.o(Region$$Table)
    Region$$Table$$Limit                     0x08003550   Number         0  anon$$obj.o(Region$$Table)
    prcv                                     0x20000164   Data          64  adc.o(.bss)
    __libspace_start                         0x20000294   Data          96  libspace.o(.bss)
    __temporary_stack_top$libspace           0x200002f4   Data           0  libspace.o(.bss)



==============================================================================

Memory Map of the image

  Image Entry point : 0x08000159

  Load Region LR_1 (Base: 0x08000000, Size: 0x000035b0, Max: 0xffffffff, ABSOLUTE)

    Execution Region ER_RO (Base: 0x08000000, Size: 0x00003550, Max: 0xffffffff, ABSOLUTE)

    Base Addr    Size         Type   Attr      Idx    E Section Name        Object

    0x08000000   0x000000b4   Data   RO            3    RESET               startup_stm32f030.o
    0x080000b4   0x00000008   Code   RO         3985  * !!!main             c_p.l(__main.o)
    0x080000bc   0x0000003c   Code   RO         4255    !!!scatter          c_p.l(__scatter.o)
    0x080000f8   0x0000001a   Code   RO         4257    !!handler_copy      c_p.l(__scatter_copy.o)
    0x08000112   0x00000002   PAD
    0x08000114   0x0000001c   Code   RO         4259    !!handler_zi        c_p.l(__scatter_zi.o)
    0x08000130   0x00000002   Code   RO         4121    .ARM.Collect$$libinit$$00000000  c_p.l(libinit.o)
    0x08000132   0x00000000   Code   RO         4136    .ARM.Collect$$libinit$$00000002  c_p.l(libinit2.o)
    0x08000132   0x00000000   Code   RO         4138    .ARM.Collect$$libinit$$00000004  c_p.l(libinit2.o)
    0x08000132   0x00000000   Code   RO         4141    .ARM.Collect$$libinit$$0000000A  c_p.l(libinit2.o)
    0x08000132   0x00000000   Code   RO         4143    .ARM.Collect$$libinit$$0000000C  c_p.l(libinit2.o)
    0x08000132   0x00000000   Code   RO         4145    .ARM.Collect$$libinit$$0000000E  c_p.l(libinit2.o)
    0x08000132   0x00000000   Code   RO         4148    .ARM.Collect$$libinit$$00000011  c_p.l(libinit2.o)
    0x08000132   0x00000000   Code   RO         4150    .ARM.Collect$$libinit$$00000013  c_p.l(libinit2.o)
    0x08000132   0x00000000   Code   RO         4152    .ARM.Collect$$libinit$$00000015  c_p.l(libinit2.o)
    0x08000132   0x00000000   Code   RO         4154    .ARM.Collect$$libinit$$00000017  c_p.l(libinit2.o)
    0x08000132   0x00000000   Code   RO         4156    .ARM.Collect$$libinit$$00000019  c_p.l(libinit2.o)
    0x08000132   0x00000000   Code   RO         4158    .ARM.Collect$$libinit$$0000001B  c_p.l(libinit2.o)
    0x08000132   0x00000000   Code   RO         4160    .ARM.Collect$$libinit$$0000001D  c_p.l(libinit2.o)
    0x08000132   0x00000000   Code   RO         4162    .ARM.Collect$$libinit$$0000001F  c_p.l(libinit2.o)
    0x08000132   0x00000000   Code   RO         4164    .ARM.Collect$$libinit$$00000021  c_p.l(libinit2.o)
    0x08000132   0x00000000   Code   RO         4166    .ARM.Collect$$libinit$$00000023  c_p.l(libinit2.o)
    0x08000132   0x00000000   Code   RO         4168    .ARM.Collect$$libinit$$00000025  c_p.l(libinit2.o)
    0x08000132   0x00000000   Code   RO         4172    .ARM.Collect$$libinit$$0000002C  c_p.l(libinit2.o)
    0x08000132   0x00000000   Code   RO         4174    .ARM.Collect$$libinit$$0000002E  c_p.l(libinit2.o)
    0x08000132   0x00000000   Code   RO         4176    .ARM.Collect$$libinit$$00000030  c_p.l(libinit2.o)
    0x08000132   0x00000000   Code   RO         4178    .ARM.Collect$$libinit$$00000032  c_p.l(libinit2.o)
    0x08000132   0x00000002   Code   RO         4179    .ARM.Collect$$libinit$$00000033  c_p.l(libinit2.o)
    0x08000134   0x00000002   Code   RO         4212    .ARM.Collect$$libshutdown$$00000000  c_p.l(libshutdown.o)
    0x08000136   0x00000000   Code   RO         4238    .ARM.Collect$$libshutdown$$00000002  c_p.l(libshutdown2.o)
    0x08000136   0x00000000   Code   RO         4240    .ARM.Collect$$libshutdown$$00000004  c_p.l(libshutdown2.o)
    0x08000136   0x00000000   Code   RO         4243    .ARM.Collect$$libshutdown$$00000007  c_p.l(libshutdown2.o)
    0x08000136   0x00000000   Code   RO         4246    .ARM.Collect$$libshutdown$$0000000A  c_p.l(libshutdown2.o)
    0x08000136   0x00000000   Code   RO         4248    .ARM.Collect$$libshutdown$$0000000C  c_p.l(libshutdown2.o)
    0x08000136   0x00000000   Code   RO         4251    .ARM.Collect$$libshutdown$$0000000F  c_p.l(libshutdown2.o)
    0x08000136   0x00000002   Code   RO         4252    .ARM.Collect$$libshutdown$$00000010  c_p.l(libshutdown2.o)
    0x08000138   0x00000000   Code   RO         4033    .ARM.Collect$$rtentry$$00000000  c_p.l(__rtentry.o)
    0x08000138   0x00000000   Code   RO         4077    .ARM.Collect$$rtentry$$00000002  c_p.l(__rtentry2.o)
    0x08000138   0x00000006   Code   RO         4089    .ARM.Collect$$rtentry$$00000004  c_p.l(__rtentry4.o)
    0x0800013e   0x00000000   Code   RO         4079    .ARM.Collect$$rtentry$$00000009  c_p.l(__rtentry2.o)
    0x0800013e   0x00000004   Code   RO         4080    .ARM.Collect$$rtentry$$0000000A  c_p.l(__rtentry2.o)
    0x08000142   0x00000000   Code   RO         4082    .ARM.Collect$$rtentry$$0000000C  c_p.l(__rtentry2.o)
    0x08000142   0x00000008   Code   RO         4083    .ARM.Collect$$rtentry$$0000000D  c_p.l(__rtentry2.o)
    0x0800014a   0x00000002   Code   RO         4127    .ARM.Collect$$rtexit$$00000000  c_p.l(rtexit.o)
    0x0800014c   0x00000000   Code   RO         4185    .ARM.Collect$$rtexit$$00000002  c_p.l(rtexit2.o)
    0x0800014c   0x00000004   Code   RO         4186    .ARM.Collect$$rtexit$$00000003  c_p.l(rtexit2.o)
    0x08000150   0x00000006   Code   RO         4187    .ARM.Collect$$rtexit$$00000004  c_p.l(rtexit2.o)
    0x08000156   0x00000002   PAD
    0x08000158   0x00000074   Code   RO            4  * .text               startup_stm32f030.o
    0x080001cc   0x0000015a   Code   RO         3979    .text               c_p.l(aeabi_sdiv.o)
    0x08000326   0x00000006   Code   RO         3983    .text               c_p.l(heapauxi.o)
    0x0800032c   0x0000007c   Code   RO         3987    .text               fz_ps.l(d2f.o)
    0x080003a8   0x00000358   Code   RO         3989    .text               fz_ps.l(daddsub.o)
    0x08000700   0x00000448   Code   RO         3991    .text               fz_ps.l(ddiv.o)
    0x08000b48   0x00000248   Code   RO         3994    .text               fz_ps.l(dmul.o)
    0x08000d90   0x00000054   Code   RO         3996    .text               fz_ps.l(f2d.o)
    0x08000de4   0x00000160   Code   RO         4004    .text               fz_ps.l(fdiv.o)
    0x08000f44   0x0000005e   Code   RO         4007    .text               fz_ps.l(fflti.o)
    0x08000fa2   0x00000002   PAD
    0x08000fa4   0x00000044   Code   RO         4011    .text               fz_ps.l(fscalbn.o)
    0x08000fe8   0x00000016   Code   RO         4038    .text               c_p.l(_rserrno.o)
    0x08000ffe   0x00000058   Code   RO         4042    .text               fz_ps.l(dflti.o)
    0x08001056   0x00000002   PAD
    0x08001058   0x00000060   Code   RO         4046    .text               fz_ps.l(dscalbn.o)
    0x080010b8   0x00000008   Code   RO         4096    .text               c_p.l(rt_errno_addr_intlibspace.o)
    0x080010c0   0x00000090   Code   RO         4098    .text               fz_ps.l(dcmpin.o)
    0x08001150   0x00000100   Code   RO         4102    .text               fz_ps.l(dsqrt.o)
    0x08001250   0x00000008   Code   RO         4104    .text               c_p.l(libspace.o)
    0x08001258   0x0000003e   Code   RO         4107    .text               c_p.l(sys_stackheap_outer.o)
    0x08001296   0x00000010   Code   RO         4110    .text               c_p.l(exit.o)
    0x080012a6   0x0000002e   Code   RO         4122    .text               fz_ps.l(cmpret.o)
    0x080012d4   0x00000014   Code   RO         4124    .text               fz_ps.l(dnan2.o)
    0x080012e8   0x0000005e   Code   RO         4180    .text               fz_ps.l(retnan.o)
    0x08001346   0x00000002   PAD
    0x08001348   0x0000000c   Code   RO         4182    .text               c_p.l(sys_exit.o)
    0x08001354   0x00000002   Code   RO         4201    .text               c_p.l(use_no_semi.o)
    0x08001356   0x00000000   Code   RO         4203    .text               c_p.l(indicate_semi.o)
    0x08001356   0x00000002   Code   RO          151    i.ADC1_IRQHandler   adc.o
    0x08001358   0x0000000a   Code   RO          390    i.ADC_ChannelConfig  stm32f0xx_adc.o
    0x08001362   0x00000004   Code   RO          393    i.ADC_ClockModeConfig  stm32f0xx_adc.o
    0x08001366   0x00000012   Code   RO          394    i.ADC_Cmd           stm32f0xx_adc.o
    0x08001378   0x00000014   Code   RO          396    i.ADC_DMACmd        stm32f0xx_adc.o
    0x0800138c   0x00000010   Code   RO          397    i.ADC_DMARequestModeConfig  stm32f0xx_adc.o
    0x0800139c   0x0000002e   Code   RO          400    i.ADC_GetCalibrationFactor  stm32f0xx_adc.o
    0x080013ca   0x0000001c   Code   RO          402    i.ADC_GetFlagStatus  stm32f0xx_adc.o
    0x080013e6   0x00000002   PAD
    0x080013e8   0x0000002c   Code   RO          405    i.ADC_Init          stm32f0xx_adc.o
    0x08001414   0x0000000a   Code   RO          408    i.ADC_StartOfConversion  stm32f0xx_adc.o
    0x0800141e   0x00000002   PAD
    0x08001420   0x0000001c   Code   RO          411    i.ADC_TempSensorCmd  stm32f0xx_adc.o
    0x0800143c   0x0000001c   Code   RO          413    i.ADC_VrefintCmd    stm32f0xx_adc.o
    0x08001458   0x00000070   Code   RO          152    i.ADC_cfg           adc.o
    0x080014c8   0x00000020   Code   RO          153    i.DMA1_Channel1_IRQHandler  adc.o
    0x080014e8   0x00000018   Code   RO         1319    i.DMA_ClearITPendingBit  stm32f0xx_dma.o
    0x08001500   0x00000018   Code   RO         1320    i.DMA_Cmd           stm32f0xx_dma.o
    0x08001518   0x00000020   Code   RO         1323    i.DMA_GetFlagStatus  stm32f0xx_dma.o
    0x08001538   0x00000010   Code   RO         1325    i.DMA_ITConfig      stm32f0xx_dma.o
    0x08001548   0x0000003c   Code   RO         1326    i.DMA_Init          stm32f0xx_dma.o
    0x08001584   0x00000058   Code   RO          154    i.DMA_cfg           adc.o
    0x080015dc   0x00000028   Code   RO         1471    i.FLASH_GetStatus   stm32f0xx_flash.o
    0x08001604   0x00000010   Code   RO         1473    i.FLASH_Lock        stm32f0xx_flash.o
    0x08001614   0x00000034   Code   RO         1492    i.FLASH_ProgramHalfWord  stm32f0xx_flash.o
    0x08001648   0x00000020   Code   RO         1495    i.FLASH_Unlock      stm32f0xx_flash.o
    0x08001668   0x00000022   Code   RO         1496    i.FLASH_WaitForLastOperation  stm32f0xx_flash.o
    0x0800168a   0x00000070   Code   RO         1666    i.GPIO_Init         stm32f0xx_gpio.o
    0x080016fa   0x00000020   Code   RO         1667    i.GPIO_PinAFConfig  stm32f0xx_gpio.o
    0x0800171a   0x0000000e   Code   RO         1670    i.GPIO_ReadInputDataBit  stm32f0xx_gpio.o
    0x08001728   0x00000004   Code   RO         1673    i.GPIO_ResetBits    stm32f0xx_gpio.o
    0x0800172c   0x00000004   Code   RO         1674    i.GPIO_SetBits      stm32f0xx_gpio.o
    0x08001730   0x00000158   Code   RO          320    i.I2C1_IRQHandler   i2c_slave.o
    0x08001888   0x00000004   Code   RO         1763    i.I2C_ClearITPendingBit  stm32f0xx_i2c.o
    0x0800188c   0x00000014   Code   RO         1765    i.I2C_Cmd           stm32f0xx_i2c.o
    0x080018a0   0x00000030   Code   RO         1775    i.I2C_GetITStatus   stm32f0xx_i2c.o
    0x080018d0   0x00000012   Code   RO         1777    i.I2C_GetTransferDirection  stm32f0xx_i2c.o
    0x080018e2   0x00000010   Code   RO         1778    i.I2C_ITConfig      stm32f0xx_i2c.o
    0x080018f2   0x00000002   PAD
    0x080018f4   0x00000064   Code   RO         1780    i.I2C_Init          stm32f0xx_i2c.o
    0x08001958   0x00000006   Code   RO         1786    i.I2C_ReceiveData   stm32f0xx_i2c.o
    0x0800195e   0x00000004   Code   RO         1789    i.I2C_SendData      stm32f0xx_i2c.o
    0x08001962   0x00000002   PAD
    0x08001964   0x00000050   Code   RO         2082    i.NVIC_Init         stm32f0xx_misc.o
    0x080019b4   0x0000006c   Code   RO          123    i.NVIC_cfg          user_init.o
    0x08001a20   0x00000018   Code   RO         2189    i.RCC_AHBPeriphClockCmd  stm32f0xx_rcc.o
    0x08001a38   0x00000018   Code   RO         2191    i.RCC_APB1PeriphClockCmd  stm32f0xx_rcc.o
    0x08001a50   0x00000018   Code   RO         2193    i.RCC_APB2PeriphClockCmd  stm32f0xx_rcc.o
    0x08001a68   0x00000014   Code   RO         2207    i.RCC_HCLKConfig    stm32f0xx_rcc.o
    0x08001a7c   0x00000010   Code   RO         2208    i.RCC_HSEConfig     stm32f0xx_rcc.o
    0x08001a8c   0x00000014   Code   RO         2219    i.RCC_PCLKConfig    stm32f0xx_rcc.o
    0x08001aa0   0x0000001c   Code   RO         2220    i.RCC_PLLCmd        stm32f0xx_rcc.o
    0x08001abc   0x00000014   Code   RO         2225    i.RCC_SYSCLKConfig  stm32f0xx_rcc.o
    0x08001ad0   0x0000005c   Code   RO          124    i.RCC_cfg           user_init.o
    0x08001b2c   0x00000002   Code   RO           12    i.SystemInit        user.o
    0x08001b2e   0x00000002   PAD
    0x08001b30   0x00000028   Code   RO          279    i.TIM17_IRQHandler  metronome.o
    0x08001b58   0x00000012   Code   RO         3056    i.TIM_ARRPreloadConfig  stm32f0xx_tim.o
    0x08001b6a   0x00000006   Code   RO         3063    i.TIM_ClearITPendingBit  stm32f0xx_tim.o
    0x08001b70   0x00000014   Code   RO         3068    i.TIM_Cmd           stm32f0xx_tim.o
    0x08001b84   0x00000018   Code   RO         3089    i.TIM_GetITStatus   stm32f0xx_tim.o
    0x08001b9c   0x00000010   Code   RO         3093    i.TIM_ITConfig      stm32f0xx_tim.o
    0x08001bac   0x00000074   Code   RO         3141    i.TIM_TimeBaseInit  stm32f0xx_tim.o
    0x08001c20   0x0000002c   Code   RO         4063    i.__ARM_fpclassify  m_ps.l(fpclassify.o)
    0x08001c4c   0x000000ac   Code   RO         4065    i.__kernel_poly     m_ps.l(poly.o)
    0x08001cf8   0x00000014   Code   RO         4049    i.__mathlib_dbl_divzero  m_ps.l(dunder.o)
    0x08001d0c   0x0000000a   Code   RO         4050    i.__mathlib_dbl_infnan  m_ps.l(dunder.o)
    0x08001d16   0x00000008   Code   RO         4051    i.__mathlib_dbl_infnan2  m_ps.l(dunder.o)
    0x08001d1e   0x00000010   Code   RO         4052    i.__mathlib_dbl_invalid  m_ps.l(dunder.o)
    0x08001d2e   0x00000002   PAD
    0x08001d30   0x00000014   Code   RO         4053    i.__mathlib_dbl_overflow  m_ps.l(dunder.o)
    0x08001d44   0x00000014   Code   RO         4055    i.__mathlib_dbl_underflow  m_ps.l(dunder.o)
    0x08001d58   0x00000190   Code   RO          155    i.adcDataProcess    adc.o
    0x08001ee8   0x00000020   Code   RO          156    i.adc_GPIO_cfg      adc.o
    0x08001f08   0x00000064   Code   RO          157    i.fx                adc.o
    0x08001f6c   0x00000028   Code   RO          357    i.heat_GPIO_cfg     ctrl.o
    0x08001f94   0x00000024   Code   RO          358    i.heat_ctr          ctrl.o
    0x08001fb8   0x00000050   Code   RO          321    i.i2c1_GPIO_cfg     i2c_slave.o
    0x08002008   0x0000003c   Code   RO          322    i.i2c1_cfg          i2c_slave.o
    0x08002044   0x00000064   Code   RO           13    i.i2cRegUpdate      user.o
    0x080020a8   0x00000020   Code   RO          158    i.init_temp_humi    adc.o
    0x080020c8   0x00000354   Code   RO         4014    i.log               m_ps.l(log.o)
    0x0800241c   0x000000a8   Code   RO           14    i.main              user.o
    0x080024c4   0x00000044   Code   RO          281    i.mtn_TIM17_cfg     metronome.o
    0x08002508   0x00000088   Code   RO          159    i.ntcCalc           adc.o
    0x08002590   0x000009fc   Code   RO         4024    i.pow               m_ps.l(pow.o)
    0x08002f8c   0x00000038   Code   RO          233    i.rd_coff           eeprom_emulation.o
    0x08002fc4   0x00000010   Code   RO          234    i.rd_flash_1hw      eeprom_emulation.o
    0x08002fd4   0x00000024   Code   RO          235    i.rd_flash_hw       eeprom_emulation.o
    0x08002ff8   0x00000048   Code   RO         4069    i.sqrt              m_ps.l(sqrt.o)
    0x08003040   0x00000018   Code   RO          282    i.time2tell         metronome.o
    0x08003058   0x00000044   Code   RO          236    i.wr_coff           eeprom_emulation.o
    0x0800309c   0x00000034   Code   RO          237    i.wr_flash_hw       eeprom_emulation.o
    0x080030d0   0x00000064   Code   RO         4040    x$fpl$deqf          fz_ps.l(deqf.o)
    0x08003134   0x00000068   Code   RO         4044    x$fpl$drleqf        fz_ps.l(drlef.o)
    0x0800319c   0x0000008c   Code   RO         3998    x$fpl$fadd          fz_ps.l(faddsub.o)
    0x08003228   0x000000b0   Code   RO         4009    x$fpl$fmul          fz_ps.l(fmul.o)
    0x080032d8   0x000000d0   Code   RO         4000    x$fpl$fsub          fz_ps.l(faddsub.o)
    0x080033a8   0x00000000   Code   RO         4048    x$fpl$usenofp       fz_ps.l(usenofp.o)
    0x080033a8   0x00000080   Data   RO         3992    .constdata          fz_ps.l(ddiv.o)
    0x08003428   0x00000040   Data   RO         4005    .constdata          fz_ps.l(fdiv.o)
    0x08003468   0x00000038   Data   RO         4015    .constdata          m_ps.l(log.o)
    0x080034a0   0x00000088   Data   RO         4025    .constdata          m_ps.l(pow.o)
    0x08003528   0x00000008   Data   RO         4067    .constdata          m_ps.l(qnan.o)
    0x08003530   0x00000020   Data   RO         4253    Region$$Table       anon$$obj.o


    Execution Region ER_RW (Base: 0x20000000, Size: 0x00000060, Max: 0xffffffff, ABSOLUTE)

    Base Addr    Size         Type   Attr      Idx    E Section Name        Object

    0x20000000   0x00000008   Data   RW           18    .data               user.o
    0x20000008   0x00000003   Data   RW          125    .data               user_init.o
    0x2000000b   0x00000001   PAD
    0x2000000c   0x00000030   Data   RW          162    .data               adc.o
    0x2000003c   0x0000000c   Data   RW          284    .data               metronome.o
    0x20000048   0x00000010   Data   RW          324    .data               i2c_slave.o
    0x20000058   0x00000008   Data   RW          359    .data               ctrl.o


    Execution Region ER_ZI (Base: 0x20000060, Size: 0x00000898, Max: 0xffffffff, ABSOLUTE)

    Base Addr    Size         Type   Attr      Idx    E Section Name        Object

    0x20000060   0x00000040   Zero   RW           15    .bss                user.o
    0x200000a0   0x00000104   Zero   RW          161    .bss                adc.o
    0x200001a4   0x0000000c   Zero   RW          283    .bss                metronome.o
    0x200001b0   0x000000e4   Zero   RW          323    .bss                i2c_slave.o
    0x20000294   0x00000060   Zero   RW         4105    .bss                c_p.l(libspace.o)
    0x200002f4   0x00000004   PAD
    0x200002f8   0x00000200   Zero   RW            2    HEAP                startup_stm32f030.o
    0x200004f8   0x00000400   Zero   RW            1    STACK               startup_stm32f030.o


==============================================================================

Image component sizes


      Code (inc. data)   RO Data    RW Data    ZI Data      Debug   Object Name

       934         94          0         48        260       6141   adc.o
        76         12          0          8          0       1299   ctrl.o
       228         30          0          0          0       3117   eeprom_emulation.o
       484         28          0         16        228       2282   i2c_slave.o
       132         24          0         12         12       1483   metronome.o
       116         56        180          0       1536        800   startup_stm32f030.o
       252         18          0          0          0       7483   stm32f0xx_adc.o
       156         26          0          0          0       4904   stm32f0xx_dma.o
       174         28          0          0          0       3791   stm32f0xx_flash.o
       166          0          0          0          0       3855   stm32f0xx_gpio.o
       216          8          0          0          0       5798   stm32f0xx_i2c.o
        80         10          0          0          0       1120   stm32f0xx_misc.o
       176         46          0          0          0       4760   stm32f0xx_rcc.o
       200         28          0          0          0       5480   stm32f0xx_tim.o
       270         38          0          8         64     238069   user.o
       200         20          0          3          0       1053   user_init.o

    ----------------------------------------------------------------------
      3870        466        212         96       2100     291435   Object Totals
         0          0         32          0          0          0   (incl. Generated)
        10          0          0          1          0          0   (incl. Padding)

    ----------------------------------------------------------------------

      Code (inc. data)   RO Data    RW Data    ZI Data      Debug   Library Member Name

         8          0          0          0          0         68   __main.o
         0          0          0          0          0          0   __rtentry.o
        12          0          0          0          0          0   __rtentry2.o
         6          0          0          0          0          0   __rtentry4.o
        60          8          0          0          0          0   __scatter.o
        26          0          0          0          0          0   __scatter_copy.o
        28          0          0          0          0          0   __scatter_zi.o
        22          0          0          0          0         92   _rserrno.o
       346          0          0          0          0         92   aeabi_sdiv.o
        16          0          0          0          0         68   exit.o
         6          0          0          0          0        136   heapauxi.o
         0          0          0          0          0          0   indicate_semi.o
         2          0          0          0          0          0   libinit.o
         2          0          0          0          0          0   libinit2.o
         2          0          0          0          0          0   libshutdown.o
         2          0          0          0          0          0   libshutdown2.o
         8          4          0          0         96         68   libspace.o
         8          4          0          0          0         68   rt_errno_addr_intlibspace.o
         2          0          0          0          0          0   rtexit.o
        10          0          0          0          0          0   rtexit2.o
        12          4          0          0          0         60   sys_exit.o
        62          0          0          0          0         80   sys_stackheap_outer.o
         2          0          0          0          0         68   use_no_semi.o
        46          0          0          0          0         60   cmpret.o
       124          4          0          0          0         72   d2f.o
       856         20          0          0          0        208   daddsub.o
       144          4          0          0          0         76   dcmpin.o
      1096         26        128          0          0        112   ddiv.o
       100          4          0          0          0         92   deqf.o
        88          0          0          0          0         92   dflti.o
       584         26          0          0          0         84   dmul.o
        20          6          0          0          0         68   dnan2.o
       104          4          0          0          0        104   drlef.o
        96         12          0          0          0         72   dscalbn.o
       256          8          0          0          0         76   dsqrt.o
        84          4          0          0          0         60   f2d.o
       348          8          0          0          0        160   faddsub.o
       352         10         64          0          0         92   fdiv.o
        94          0          0          0          0         92   fflti.o
       176          4          0          0          0         80   fmul.o
        68          4          0          0          0         68   fscalbn.o
        94          0          0          0          0         68   retnan.o
         0          0          0          0          0          0   usenofp.o
        94         14          0          0          0        408   dunder.o
        44          4          0          0          0         60   fpclassify.o
       852         62         56          0          0        136   log.o
       172          0          0          0          0         76   poly.o
      2556        196        136          0          0        240   pow.o
         0          0          8          0          0          0   qnan.o
        72          6          0          0          0         76   sqrt.o

    ----------------------------------------------------------------------
      9174        446        392          0        100       3532   Library Totals
        12          0          0          0          4          0   (incl. Padding)

    ----------------------------------------------------------------------

      Code (inc. data)   RO Data    RW Data    ZI Data      Debug   Library Name

       642         20          0          0         96        800   c_p.l
      4730        144        192          0          0       1736   fz_ps.l
      3790        282        200          0          0        996   m_ps.l

    ----------------------------------------------------------------------
      9174        446        392          0        100       3532   Library Totals

    ----------------------------------------------------------------------

==============================================================================


      Code (inc. data)   RO Data    RW Data    ZI Data      Debug   

     13044        912        604         96       2200     290155   Grand Totals
     13044        912        604         96       2200     290155   ELF Image Totals
     13044        912        604         96          0          0   ROM Totals

==============================================================================

    Total RO  Size (Code + RO Data)                13648 (  13.33kB)
    Total RW  Size (RW Data + ZI Data)              2296 (   2.24kB)
    Total ROM Size (Code + RO Data + RW Data)      13744 (  13.42kB)

==============================================================================

