Component: ARM Compiler 5.06 update 1 (build 61) Tool: armlink [4d35a8]

==============================================================================

Section Cross References

    startup_stm32f030.o(STACK) refers (Special) to heapauxi.o(.text) for __use_two_region_memory
    startup_stm32f030.o(HEAP) refers (Special) to heapauxi.o(.text) for __use_two_region_memory
    startup_stm32f030.o(RESET) refers (Special) to heapauxi.o(.text) for __use_two_region_memory
    startup_stm32f030.o(RESET) refers to startup_stm32f030.o(STACK) for __initial_sp
    startup_stm32f030.o(RESET) refers to startup_stm32f030.o(.text) for Reset_Handler
    startup_stm32f030.o(RESET) refers to adc.o(i.DMA1_Channel1_IRQHandler) for DMA1_Channel1_IRQHandler
    startup_stm32f030.o(RESET) refers to adc.o(i.ADC1_IRQHandler) for ADC1_IRQHandler
    startup_stm32f030.o(RESET) refers to infrared_rcv.o(i.TIM14_IRQHandler) for TIM14_IRQHandler
    startup_stm32f030.o(RESET) refers to mbport.o(i.TIM16_IRQHandler) for TIM16_IRQHandler
    startup_stm32f030.o(RESET) refers to led.o(i.TIM17_IRQHandler) for TIM17_IRQHandler
    startup_stm32f030.o(RESET) refers to mbport.o(i.USART1_IRQHandler) for USART1_IRQHandler
    startup_stm32f030.o(.text) refers (Special) to heapauxi.o(.text) for __use_two_region_memory
    startup_stm32f030.o(.text) refers to startup_stm32f030.o(STACK) for __initial_sp
    startup_stm32f030.o(.text) refers to user.o(i.SystemInit) for SystemInit
    startup_stm32f030.o(.text) refers to __main.o(!!!main) for __main
    startup_stm32f030.o(.text) refers to startup_stm32f030.o(HEAP) for Heap_Mem
    mb.o(i.Modbus_03_Solve) refers to user.o(i.mbRegHolding) for mbRegHolding
    mb.o(i.Modbus_03_Solve) refers to mbcrc.o(i.getCRC16) for getCRC16
    mb.o(i.Modbus_03_Solve) refers to mbport.o(i.mb_SendData) for mb_SendData
    mb.o(i.Modbus_03_Solve) refers to mb.o(.bss) for .bss
    mb.o(i.Modbus_03_Solve) refers to mb.o(.data) for .data
    mb.o(i.Modbus_06_Solve) refers to user.o(i.mbRegHolding) for mbRegHolding
    mb.o(i.Modbus_06_Solve) refers to mbcrc.o(i.getCRC16) for getCRC16
    mb.o(i.Modbus_06_Solve) refers to mbport.o(i.mb_SendData) for mb_SendData
    mb.o(i.Modbus_06_Solve) refers to mb.o(.data) for .data
    mb.o(i.Modbus_06_Solve) refers to mb.o(.bss) for .bss
    mb.o(i.Modbus_16_Solve) refers to user.o(i.mbRegHolding) for mbRegHolding
    mb.o(i.Modbus_16_Solve) refers to mbcrc.o(i.getCRC16) for getCRC16
    mb.o(i.Modbus_16_Solve) refers to mbport.o(i.mb_SendData) for mb_SendData
    mb.o(i.Modbus_16_Solve) refers to mb.o(.bss) for .bss
    mb.o(i.Modbus_16_Solve) refers to mb.o(.data) for .data
    mb.o(i.mbRcvComplete) refers to mb.o(.data) for .data
    mb.o(i.mbRcvProcess) refers to mbport.o(i.mb_receiveData) for mb_receiveData
    mb.o(i.mbRcvProcess) refers to mb.o(.data) for .data
    mb.o(i.mbRcvProcess) refers to mb.o(.bss) for .bss
    mb.o(i.mb_Service) refers to mbcrc.o(i.getCRC16) for getCRC16
    mb.o(i.mb_Service) refers to mb.o(i.Modbus_03_Solve) for Modbus_03_Solve
    mb.o(i.mb_Service) refers to mb.o(i.Modbus_06_Solve) for Modbus_06_Solve
    mb.o(i.mb_Service) refers to mb.o(i.Modbus_16_Solve) for Modbus_16_Solve
    mb.o(i.mb_Service) refers to mbport.o(i.mb_SendData) for mb_SendData
    mb.o(i.mb_Service) refers to mb.o(.data) for .data
    mb.o(i.mb_Service) refers to mb.o(.bss) for .bss
    mb.o(i.setMBAddr) refers to mb.o(.data) for .data
    mbcrc.o(i.getCRC16) refers to mbcrc.o(.constdata) for .constdata
    mbport.o(i.TIM16_IRQHandler) refers to stm32f0xx_tim.o(i.TIM_GetITStatus) for TIM_GetITStatus
    mbport.o(i.TIM16_IRQHandler) refers to stm32f0xx_tim.o(i.TIM_ClearITPendingBit) for TIM_ClearITPendingBit
    mbport.o(i.TIM16_IRQHandler) refers to stm32f0xx_tim.o(i.TIM_Cmd) for TIM_Cmd
    mbport.o(i.TIM16_IRQHandler) refers to mb.o(i.mbRcvComplete) for mbRcvComplete
    mbport.o(i.USART1_IRQHandler) refers to stm32f0xx_usart.o(i.USART_GetITStatus) for USART_GetITStatus
    mbport.o(i.USART1_IRQHandler) refers to stm32f0xx_usart.o(i.USART_ClearITPendingBit) for USART_ClearITPendingBit
    mbport.o(i.USART1_IRQHandler) refers to mb.o(i.mbRcvProcess) for mbRcvProcess
    mbport.o(i.USART1_IRQHandler) refers to stm32f0xx_tim.o(i.TIM_ClearITPendingBit) for TIM_ClearITPendingBit
    mbport.o(i.USART1_IRQHandler) refers to stm32f0xx_tim.o(i.TIM_SetCounter) for TIM_SetCounter
    mbport.o(i.USART1_IRQHandler) refers to stm32f0xx_tim.o(i.TIM_Cmd) for TIM_Cmd
    mbport.o(i.mb_SendData) refers to stm32f0xx_usart.o(i.USART_GetFlagStatus) for USART_GetFlagStatus
    mbport.o(i.mb_SendData) refers to stm32f0xx_usart.o(i.USART_SendData) for USART_SendData
    mbport.o(i.mb_SendData) refers to mbport.o(.data) for .data
    mbport.o(i.mb_TIM16_cfg) refers to stm32f0xx_tim.o(i.TIM_TimeBaseInit) for TIM_TimeBaseInit
    mbport.o(i.mb_TIM16_cfg) refers to stm32f0xx_tim.o(i.TIM_ARRPreloadConfig) for TIM_ARRPreloadConfig
[...]
    Removing stm32f0xx_rtc.o(i.RTC_DateStructInit), (14 bytes).
    Removing stm32f0xx_rtc.o(i.RTC_DayLightSavingConfig), (40 bytes).
    Removing stm32f0xx_rtc.o(i.RTC_DeInit), (92 bytes).
    Removing stm32f0xx_rtc.o(i.RTC_EnterInitMode), (60 bytes).
    Removing stm32f0xx_rtc.o(i.RTC_ExitInitMode), (16 bytes).
    Removing stm32f0xx_rtc.o(i.RTC_GetAlarm), (100 bytes).
    Removing stm32f0xx_rtc.o(i.RTC_GetAlarmSubSecond), (16 bytes).
    Removing stm32f0xx_rtc.o(i.RTC_GetDate), (72 bytes).
    Removing stm32f0xx_rtc.o(i.RTC_GetFlagStatus), (28 bytes).
    Removing stm32f0xx_rtc.o(i.RTC_GetITStatus), (60 bytes).
    Removing stm32f0xx_rtc.o(i.RTC_GetStoreOperation), (16 bytes).
    Removing stm32f0xx_rtc.o(i.RTC_GetSubSecond), (12 bytes).
    Removing stm32f0xx_rtc.o(i.RTC_GetTime), (80 bytes).
    Removing stm32f0xx_rtc.o(i.RTC_GetTimeStamp), (136 bytes).
    Removing stm32f0xx_rtc.o(i.RTC_GetTimeStampSubSecond), (12 bytes).
    Removing stm32f0xx_rtc.o(i.RTC_GetWakeUpCounter), (12 bytes).
    Removing stm32f0xx_rtc.o(i.RTC_ITConfig), (60 bytes).
    Removing stm32f0xx_rtc.o(i.RTC_Init), (72 bytes).
    Removing stm32f0xx_rtc.o(i.RTC_OutputConfig), (40 bytes).
    Removing stm32f0xx_rtc.o(i.RTC_OutputTypeConfig), (24 bytes).
    Removing stm32f0xx_rtc.o(i.RTC_ReadBackupRegister), (20 bytes).
    Removing stm32f0xx_rtc.o(i.RTC_RefClockCmd), (60 bytes).
    Removing stm32f0xx_rtc.o(i.RTC_SetAlarm), (136 bytes).
    Removing stm32f0xx_rtc.o(i.RTC_SetDate), (148 bytes).
    Removing stm32f0xx_rtc.o(i.RTC_SetTime), (144 bytes).
    Removing stm32f0xx_rtc.o(i.RTC_SetWakeUpCounter), (24 bytes).
    Removing stm32f0xx_rtc.o(i.RTC_SmoothCalibConfig), (64 bytes).
    Removing stm32f0xx_rtc.o(i.RTC_StructInit), (14 bytes).
    Removing stm32f0xx_rtc.o(i.RTC_SynchroShiftConfig), (76 bytes).
    Removing stm32f0xx_rtc.o(i.RTC_TamperCmd), (24 bytes).
    Removing stm32f0xx_rtc.o(i.RTC_TamperFilterConfig), (24 bytes).
    Removing stm32f0xx_rtc.o(i.RTC_TamperPinsPrechargeDuration), (24 bytes).
    Removing stm32f0xx_rtc.o(i.RTC_TamperPullUpCmd), (24 bytes).
    Removing stm32f0xx_rtc.o(i.RTC_TamperSamplingFreqConfig), (24 bytes).
    Removing stm32f0xx_rtc.o(i.RTC_TamperTriggerConfig), (24 bytes).
    Removing stm32f0xx_rtc.o(i.RTC_TimeStampCmd), (44 bytes).
    Removing stm32f0xx_rtc.o(i.RTC_TimeStampOnTamperDetectionCmd), (24 bytes).
    Removing stm32f0xx_rtc.o(i.RTC_TimeStructInit), (12 bytes).
    Removing stm32f0xx_rtc.o(i.RTC_WaitForSynchro), (80 bytes).
    Removing stm32f0xx_rtc.o(i.RTC_WakeUpClockConfig), (36 bytes).
    Removing stm32f0xx_rtc.o(i.RTC_WakeUpCmd), (80 bytes).
    Removing stm32f0xx_rtc.o(i.RTC_WriteBackupRegister), (20 bytes).
    Removing stm32f0xx_rtc.o(i.RTC_WriteProtectionCmd), (24 bytes).
    Removing stm32f0xx_spi.o(.rev16_text), (4 bytes).
    Removing stm32f0xx_spi.o(.revsh_text), (4 bytes).
    Removing stm32f0xx_spi.o(i.I2S_Cmd), (28 bytes).
    Removing stm32f0xx_spi.o(i.I2S_Init), (156 bytes).
    Removing stm32f0xx_spi.o(i.I2S_StructInit), (18 bytes).
    Removing stm32f0xx_spi.o(i.SPI_BiDirectionalLineConfig), (28 bytes).
    Removing stm32f0xx_spi.o(i.SPI_CRCLengthConfig), (20 bytes).
    Removing stm32f0xx_spi.o(i.SPI_CalculateCRC), (28 bytes).
    Removing stm32f0xx_spi.o(i.SPI_Cmd), (18 bytes).
    Removing stm32f0xx_spi.o(i.SPI_DataSizeConfig), (16 bytes).
    Removing stm32f0xx_spi.o(i.SPI_GetCRC), (12 bytes).
    Removing stm32f0xx_spi.o(i.SPI_GetCRCPolynomial), (4 bytes).
    Removing stm32f0xx_spi.o(i.SPI_GetReceptionFIFOStatus), (10 bytes).
    Removing stm32f0xx_spi.o(i.SPI_GetTransmissionFIFOStatus), (10 bytes).
    Removing stm32f0xx_spi.o(i.SPI_I2S_ClearFlag), (6 bytes).
    Removing stm32f0xx_spi.o(i.SPI_I2S_DMACmd), (16 bytes).
    Removing stm32f0xx_spi.o(i.SPI_I2S_DeInit), (64 bytes).
    Removing stm32f0xx_spi.o(i.SPI_I2S_GetFlagStatus), (14 bytes).
    Removing stm32f0xx_spi.o(i.SPI_I2S_GetITStatus), (42 bytes).
    Removing stm32f0xx_spi.o(i.SPI_I2S_ITConfig), (24 bytes).
    Removing stm32f0xx_spi.o(i.SPI_I2S_ReceiveData16), (4 bytes).
    Removing stm32f0xx_spi.o(i.SPI_I2S_SendData16), (4 bytes).
    Removing stm32f0xx_spi.o(i.SPI_Init), (84 bytes).
    Removing stm32f0xx_spi.o(i.SPI_LastDMATransferCmd), (20 bytes).
    Removing stm32f0xx_spi.o(i.SPI_NSSInternalSoftwareConfig), (28 bytes).
    Removing stm32f0xx_spi.o(i.SPI_NSSPulseModeCmd), (18 bytes).
    Removing stm32f0xx_spi.o(i.SPI_ReceiveData8), (4 bytes).
    Removing stm32f0xx_spi.o(i.SPI_RxFIFOThresholdConfig), (20 bytes).
    Removing stm32f0xx_spi.o(i.SPI_SSOutputCmd), (18 bytes).
    Removing stm32f0xx_spi.o(i.SPI_SendData8), (4 bytes).
    Removing stm32f0xx_spi.o(i.SPI_StructInit), (28 bytes).
    Removing stm32f0xx_spi.o(i.SPI_TIModeCmd), (18 bytes).
    Removing stm32f0xx_spi.o(i.SPI_TransmitCRC), (12 bytes).
    Removing stm32f0xx_syscfg.o(.rev16_text), (4 bytes).
    Removing stm32f0xx_syscfg.o(.revsh_text), (4 bytes).
    Removing stm32f0xx_syscfg.o(i.SYSCFG_BreakConfig), (16 bytes).
    Removing stm32f0xx_syscfg.o(i.SYSCFG_ClearFlag), (16 bytes).
    Removing stm32f0xx_syscfg.o(i.SYSCFG_DMAChannelRemapConfig), (24 bytes).
    Removing stm32f0xx_syscfg.o(i.SYSCFG_DeInit), (36 bytes).
    Removing stm32f0xx_syscfg.o(i.SYSCFG_EXTILineConfig), (40 bytes).
    Removing stm32f0xx_syscfg.o(i.SYSCFG_GetFlagStatus), (20 bytes).
    Removing stm32f0xx_syscfg.o(i.SYSCFG_GetPendingIT), (24 bytes).
    Removing stm32f0xx_syscfg.o(i.SYSCFG_I2CFastModePlusConfig), (24 bytes).
    Removing stm32f0xx_syscfg.o(i.SYSCFG_IRDAEnvSelection), (24 bytes).
    Removing stm32f0xx_syscfg.o(i.SYSCFG_MemoryRemapConfig), (20 bytes).
    Removing stm32f0xx_tim.o(.rev16_text), (4 bytes).
    Removing stm32f0xx_tim.o(.revsh_text), (4 bytes).
    Removing stm32f0xx_tim.o(i.TIM_BDTRConfig), (34 bytes).
    Removing stm32f0xx_tim.o(i.TIM_BDTRStructInit), (18 bytes).
    Removing stm32f0xx_tim.o(i.TIM_CCPreloadControl), (20 bytes).
    Removing stm32f0xx_tim.o(i.TIM_CCxCmd), (22 bytes).
    Removing stm32f0xx_tim.o(i.TIM_CCxNCmd), (22 bytes).
    Removing stm32f0xx_tim.o(i.TIM_ClearFlag), (6 bytes).
    Removing stm32f0xx_tim.o(i.TIM_ClearOC1Ref), (12 bytes).
    Removing stm32f0xx_tim.o(i.TIM_ClearOC2Ref), (14 bytes).
    Removing stm32f0xx_tim.o(i.TIM_ClearOC3Ref), (12 bytes).
    Removing stm32f0xx_tim.o(i.TIM_ClearOC4Ref), (14 bytes).
    Removing stm32f0xx_tim.o(i.TIM_CounterModeConfig), (12 bytes).
    Removing stm32f0xx_tim.o(i.TIM_CtrlPWMOutputs), (24 bytes).
    Removing stm32f0xx_tim.o(i.TIM_DMACmd), (16 bytes).
    Removing stm32f0xx_tim.o(i.TIM_DMAConfig), (8 bytes).
    Removing stm32f0xx_tim.o(i.TIM_DeInit), (204 bytes).
    Removing stm32f0xx_tim.o(i.TIM_ETRClockMode1Config), (28 bytes).
    Removing stm32f0xx_tim.o(i.TIM_ETRClockMode2Config), (20 bytes).
    Removing stm32f0xx_tim.o(i.TIM_ETRConfig), (18 bytes).
    Removing stm32f0xx_tim.o(i.TIM_EncoderInterfaceConfig), (48 bytes).
    Removing stm32f0xx_tim.o(i.TIM_ForcedOC1Config), (12 bytes).
    Removing stm32f0xx_tim.o(i.TIM_ForcedOC2Config), (20 bytes).
    Removing stm32f0xx_tim.o(i.TIM_ForcedOC3Config), (12 bytes).
    Removing stm32f0xx_tim.o(i.TIM_ForcedOC4Config), (20 bytes).
    Removing stm32f0xx_tim.o(i.TIM_GenerateEvent), (4 bytes).
    Removing stm32f0xx_tim.o(i.TIM_GetCapture2), (4 bytes).
    Removing stm32f0xx_tim.o(i.TIM_GetCapture3), (4 bytes).
    Removing stm32f0xx_tim.o(i.TIM_GetCapture4), (4 bytes).
    Removing stm32f0xx_tim.o(i.TIM_GetCounter), (4 bytes).
    Removing stm32f0xx_tim.o(i.TIM_GetFlagStatus), (14 bytes).
    Removing stm32f0xx_tim.o(i.TIM_GetPrescaler), (4 bytes).
    Removing stm32f0xx_tim.o(i.TIM_ICStructInit), (16 bytes).
    Removing stm32f0xx_tim.o(i.TIM_ITRxExternalClockConfig), (18 bytes).
    Removing stm32f0xx_tim.o(i.TIM_InternalClockConfig), (10 bytes).
    Removing stm32f0xx_tim.o(i.TIM_OC1FastConfig), (12 bytes).
    Removing stm32f0xx_tim.o(i.TIM_OC1Init), (124 bytes).
    Removing stm32f0xx_tim.o(i.TIM_OC1NPolarityConfig), (12 bytes).
    Removing stm32f0xx_tim.o(i.TIM_OC1PolarityConfig), (12 bytes).
    Removing stm32f0xx_tim.o(i.TIM_OC1PreloadConfig), (12 bytes).
    Removing stm32f0xx_tim.o(i.TIM_OC2FastConfig), (20 bytes).
    Removing stm32f0xx_tim.o(i.TIM_OC2Init), (144 bytes).
    Removing stm32f0xx_tim.o(i.TIM_OC2NPolarityConfig), (14 bytes).
    Removing stm32f0xx_tim.o(i.TIM_OC2PolarityConfig), (14 bytes).
    Removing stm32f0xx_tim.o(i.TIM_OC2PreloadConfig), (20 bytes).
    Removing stm32f0xx_tim.o(i.TIM_OC3FastConfig), (12 bytes).
    Removing stm32f0xx_tim.o(i.TIM_OC3Init), (136 bytes).
    Removing stm32f0xx_tim.o(i.TIM_OC3NPolarityConfig), (20 bytes).
    Removing stm32f0xx_tim.o(i.TIM_OC3PolarityConfig), (20 bytes).
    Removing stm32f0xx_tim.o(i.TIM_OC3PreloadConfig), (12 bytes).
    Removing stm32f0xx_tim.o(i.TIM_OC4FastConfig), (20 bytes).
    Removing stm32f0xx_tim.o(i.TIM_OC4Init), (100 bytes).
    Removing stm32f0xx_tim.o(i.TIM_OC4PolarityConfig), (20 bytes).
    Removing stm32f0xx_tim.o(i.TIM_OC4PreloadConfig), (20 bytes).
    Removing stm32f0xx_tim.o(i.TIM_OCStructInit), (20 bytes).
    Removing stm32f0xx_tim.o(i.TIM_PWMIConfig), (104 bytes).
    Removing stm32f0xx_tim.o(i.TIM_PrescalerConfig), (6 bytes).
    Removing stm32f0xx_tim.o(i.TIM_RemapConfig), (6 bytes).
    Removing stm32f0xx_tim.o(i.TIM_SelectCCDMA), (18 bytes).
    Removing stm32f0xx_tim.o(i.TIM_SelectCOM), (18 bytes).
    Removing stm32f0xx_tim.o(i.TIM_SelectHallSensor), (18 bytes).
    Removing stm32f0xx_tim.o(i.TIM_SelectInputTrigger), (12 bytes).
    Removing stm32f0xx_tim.o(i.TIM_SelectMasterSlaveMode), (16 bytes).
    Removing stm32f0xx_tim.o(i.TIM_SelectOCREFClear), (16 bytes).
    Removing stm32f0xx_tim.o(i.TIM_SelectOCxM), (70 bytes).
    Removing stm32f0xx_tim.o(i.TIM_SelectOnePulseMode), (16 bytes).
    Removing stm32f0xx_tim.o(i.TIM_SelectOutputTrigger), (16 bytes).
    Removing stm32f0xx_tim.o(i.TIM_SelectSlaveMode), (16 bytes).
    Removing stm32f0xx_tim.o(i.TIM_SetAutoreload), (4 bytes).
    Removing stm32f0xx_tim.o(i.TIM_SetClockDivision), (20 bytes).
    Removing stm32f0xx_tim.o(i.TIM_SetCompare1), (4 bytes).
    Removing stm32f0xx_tim.o(i.TIM_SetCompare2), (4 bytes).
    Removing stm32f0xx_tim.o(i.TIM_SetCompare3), (4 bytes).
    Removing stm32f0xx_tim.o(i.TIM_SetCompare4), (4 bytes).
    Removing stm32f0xx_tim.o(i.TIM_TIxExternalClockConfig), (48 bytes).
    Removing stm32f0xx_tim.o(i.TIM_TimeBaseStructInit), (18 bytes).
    Removing stm32f0xx_tim.o(i.TIM_UpdateDisableConfig), (18 bytes).
    Removing stm32f0xx_tim.o(i.TIM_UpdateRequestConfig), (18 bytes).
    Removing stm32f0xx_usart.o(.rev16_text), (4 bytes).
    Removing stm32f0xx_usart.o(.revsh_text), (4 bytes).
    Removing stm32f0xx_usart.o(i.USART_AddressDetectionConfig), (16 bytes).
    Removing stm32f0xx_usart.o(i.USART_AutoBaudRateCmd), (20 bytes).
    Removing stm32f0xx_usart.o(i.USART_AutoBaudRateConfig), (18 bytes).
    Removing stm32f0xx_usart.o(i.USART_ClockInit), (28 bytes).
    Removing stm32f0xx_usart.o(i.USART_ClockStructInit), (12 bytes).
    Removing stm32f0xx_usart.o(i.USART_DECmd), (20 bytes).
    Removing stm32f0xx_usart.o(i.USART_DEPolarityConfig), (18 bytes).
    Removing stm32f0xx_usart.o(i.USART_DMACmd), (16 bytes).
    Removing stm32f0xx_usart.o(i.USART_DMAReceptionErrorConfig), (18 bytes).
    Removing stm32f0xx_usart.o(i.USART_DataInvCmd), (20 bytes).
    Removing stm32f0xx_usart.o(i.USART_DeInit), (184 bytes).
    Removing stm32f0xx_usart.o(i.USART_DirectionModeCmd), (16 bytes).
    Removing stm32f0xx_usart.o(i.USART_HalfDuplexCmd), (18 bytes).
    Removing stm32f0xx_usart.o(i.USART_InvPinCmd), (16 bytes).
    Removing stm32f0xx_usart.o(i.USART_IrDACmd), (18 bytes).
    Removing stm32f0xx_usart.o(i.USART_IrDAConfig), (16 bytes).
    Removing stm32f0xx_usart.o(i.USART_LINBreakDetectLengthConfig), (16 bytes).
    Removing stm32f0xx_usart.o(i.USART_LINCmd), (20 bytes).
    Removing stm32f0xx_usart.o(i.USART_MSBFirstCmd), (20 bytes).
    Removing stm32f0xx_usart.o(i.USART_MuteModeCmd), (20 bytes).
    Removing stm32f0xx_usart.o(i.USART_MuteModeWakeUpConfig), (18 bytes).
    Removing stm32f0xx_usart.o(i.USART_OneBitMethodCmd), (20 bytes).
    Removing stm32f0xx_usart.o(i.USART_OverSampling8Cmd), (20 bytes).
    Removing stm32f0xx_usart.o(i.USART_OverrunDetectionConfig), (18 bytes).
    Removing stm32f0xx_usart.o(i.USART_ReceiverTimeOutCmd), (20 bytes).
    Removing stm32f0xx_usart.o(i.USART_RequestCmd), (16 bytes).
    Removing stm32f0xx_usart.o(i.USART_STOPModeCmd), (18 bytes).
    Removing stm32f0xx_usart.o(i.USART_SWAPPinCmd), (20 bytes).
    Removing stm32f0xx_usart.o(i.USART_SetAddress), (18 bytes).
    Removing stm32f0xx_usart.o(i.USART_SetAutoRetryCount), (20 bytes).
    Removing stm32f0xx_usart.o(i.USART_SetBlockLength), (18 bytes).
    Removing stm32f0xx_usart.o(i.USART_SetDEAssertionTime), (20 bytes).
    Removing stm32f0xx_usart.o(i.USART_SetDEDeassertionTime), (20 bytes).
    Removing stm32f0xx_usart.o(i.USART_SetGuardTime), (16 bytes).
    Removing stm32f0xx_usart.o(i.USART_SetPrescaler), (16 bytes).
    Removing stm32f0xx_usart.o(i.USART_SetReceiverTimeOut), (16 bytes).
    Removing stm32f0xx_usart.o(i.USART_SmartCardCmd), (18 bytes).
    Removing stm32f0xx_usart.o(i.USART_SmartCardNACKCmd), (18 bytes).
    Removing stm32f0xx_usart.o(i.USART_StopModeWakeUpSourceConfig), (18 bytes).
    Removing stm32f0xx_usart.o(i.USART_StructInit), (22 bytes).
    Removing stm32f0xx_wwdg.o(.rev16_text), (4 bytes).
    Removing stm32f0xx_wwdg.o(.revsh_text), (4 bytes).
    Removing stm32f0xx_wwdg.o(i.WWDG_ClearFlag), (12 bytes).
    Removing stm32f0xx_wwdg.o(i.WWDG_DeInit), (22 bytes).
    Removing stm32f0xx_wwdg.o(i.WWDG_Enable), (16 bytes).
    Removing stm32f0xx_wwdg.o(i.WWDG_EnableIT), (16 bytes).
    Removing stm32f0xx_wwdg.o(i.WWDG_GetFlagStatus), (20 bytes).
    Removing stm32f0xx_wwdg.o(i.WWDG_SetCounter), (16 bytes).
    Removing stm32f0xx_wwdg.o(i.WWDG_SetPrescaler), (20 bytes).
    Removing stm32f0xx_wwdg.o(i.WWDG_SetWindowValue), (28 bytes).

552 unused section(s) (total 14863 bytes) removed from the image.

==============================================================================

Image Symbol Table

    Local Symbols

    Symbol Name                              Value     Ov Type        Size  Object(Section)

    ../clib/angel/boardlib.s                 0x00000000   Number         0  boardshut.o ABSOLUTE
    ../clib/angel/boardlib.s                 0x00000000   Number         0  boardinit3.o ABSOLUTE
    ../clib/angel/boardlib.s                 0x00000000   Number         0  boardinit2.o ABSOLUTE
    ../clib/angel/boardlib.s                 0x00000000   Number         0  boardinit1.o ABSOLUTE
    ../clib/angel/handlers.s                 0x00000000   Number         0  __scatter_copy.o ABSOLUTE
    ../clib/angel/handlers.s                 0x00000000   Number         0  __scatter_zi.o ABSOLUTE
    ../clib/angel/kernel.s                   0x00000000   Number         0  rtexit.o ABSOLUTE
    ../clib/angel/kernel.s                   0x00000000   Number         0  __rtentry4.o ABSOLUTE
    ../clib/angel/kernel.s                   0x00000000   Number         0  rtexit2.o ABSOLUTE
    ../clib/angel/kernel.s                   0x00000000   Number         0  __rtentry2.o ABSOLUTE
    ../clib/angel/kernel.s                   0x00000000   Number         0  __rtentry.o ABSOLUTE
    ../clib/angel/rt.s                       0x00000000   Number         0  rt_div0.o ABSOLUTE
    ../clib/angel/rt.s                       0x00000000   Number         0  aeabi_idiv0.o ABSOLUTE
    ../clib/angel/rt.s                       0x00000000   Number         0  aeabi_idiv0_sigfpe.o ABSOLUTE
    ../clib/angel/rt.s                       0x00000000   Number         0  rt_raise.o ABSOLUTE
    ../clib/angel/scatterp.s                 0x00000000   Number         0  __scatter.o ABSOLUTE
    ../clib/angel/startup.s                  0x00000000   Number         0  __main.o ABSOLUTE
    ../clib/angel/sys.s                      0x00000000   Number         0  use_no_semi.o ABSOLUTE
    ../clib/angel/sys.s                      0x00000000   Number         0  libspace.o ABSOLUTE
    ../clib/angel/sys.s                      0x00000000   Number         0  sys_stackheap_outer.o ABSOLUTE
    ../clib/angel/sys.s                      0x00000000   Number         0  tempstk.o ABSOLUTE
    ../clib/angel/sys.s                      0x00000000   Number         0  indicate_semi.o ABSOLUTE
    ../clib/angel/sysapp.c                   0x00000000   Number         0  sys_command.o ABSOLUTE
    ../clib/angel/sysapp.c                   0x00000000   Number         0  sys_exit.o ABSOLUTE
    ../clib/angel/sysapp.c                   0x00000000   Number         0  sys_wrch.o ABSOLUTE
    ../clib/armsys.c                         0x00000000   Number         0  no_argv.o ABSOLUTE
    ../clib/armsys.c                         0x00000000   Number         0  _get_argv_nomalloc.o ABSOLUTE
    ../clib/armsys.c                         0x00000000   Number         0  argv_veneer.o ABSOLUTE
    ../clib/division.s                       0x00000000   Number         0  aeabi_sdiv.o ABSOLUTE
    ../clib/division.s                       0x00000000   Number         0  aeabi_sdiv_div0.o ABSOLUTE
    ../clib/heapalloc.c                      0x00000000   Number         0  hrguard.o ABSOLUTE
    ../clib/heapaux.c                        0x00000000   Number         0  heapauxi.o ABSOLUTE
    ../clib/libinit.s                        0x00000000   Number         0  libinit2.o ABSOLUTE
    ../clib/libinit.s                        0x00000000   Number         0  libinit.o ABSOLUTE
    ../clib/libinit.s                        0x00000000   Number         0  libshutdown.o ABSOLUTE
    ../clib/libinit.s                        0x00000000   Number         0  libshutdown2.o ABSOLUTE
    ../clib/signal.c                         0x00000000   Number         0  defsig_exit.o ABSOLUTE
    ../clib/signal.c                         0x00000000   Number         0  defsig_stak_inner.o ABSOLUTE
    ../clib/signal.c                         0x00000000   Number         0  defsig_pvfn_inner.o ABSOLUTE
    ../clib/signal.c                         0x00000000   Number         0  defsig_cppl_inner.o ABSOLUTE
    ../clib/signal.c                         0x00000000   Number         0  __raise.o ABSOLUTE
    ../clib/signal.c                         0x00000000   Number         0  defsig_segv_inner.o ABSOLUTE
    ../clib/signal.c                         0x00000000   Number         0  defsig_other.o ABSOLUTE
    ../clib/signal.c                         0x00000000   Number         0  defsig_general.o ABSOLUTE
    ../clib/signal.c                         0x00000000   Number         0  defsig_fpe_formal.o ABSOLUTE
    ../clib/signal.c                         0x00000000   Number         0  defsig_fpe_outer.o ABSOLUTE
    ../clib/signal.c                         0x00000000   Number         0  defsig_abrt_inner.o ABSOLUTE
    ../clib/signal.c                         0x00000000   Number         0  defsig_rtred_inner.o ABSOLUTE
    ../clib/signal.c                         0x00000000   Number         0  defsig_rtmem_inner.o ABSOLUTE
    ../clib/signal.c                         0x00000000   Number         0  defsig_rtmem_outer.o ABSOLUTE
    ../clib/signal.c                         0x00000000   Number         0  defsig_rtmem_formal.o ABSOLUTE
    ../clib/signal.c                         0x00000000   Number         0  defsig_fpe_inner.o ABSOLUTE
    ../clib/signal.s                         0x00000000   Number         0  defsig.o ABSOLUTE
    ../clib/stdlib.c                         0x00000000   Number         0  exit.o ABSOLUTE
    ../clib/unhosted.c                       0x00000000   Number         0  uread4.o ABSOLUTE
    ../fplib/cfplib/fpinit.c                 0x00000000   Number         0  fpinit.o ABSOLUTE
    ..\STM32F0xx_StdPeriph_Lib_V1.5.0\Libraries\CMSIS\Device\ST\STM32F0xx\Source\Templates\arm\startup_stm32f030.s 0x00000000   Number         0  startup_stm32f030.o ABSOLUTE
    ..\STM32F0xx_StdPeriph_Lib_V1.5.0\Libraries\STM32F0xx_StdPeriph_Driver\src\stm32f0xx_adc.c 0x00000000   Number         0  stm32f0xx_adc.o ABSOLUTE
    ..\STM32F0xx_StdPeriph_Lib_V1.5.0\Libraries\STM32F0xx_StdPeriph_Driver\src\stm32f0xx_can.c 0x00000000   Number         0  stm32f0xx_can.o ABSOLUTE
    ..\STM32F0xx_StdPeriph_Lib_V1.5.0\Libraries\STM32F0xx_StdPeriph_Driver\src\stm32f0xx_cec.c 0x00000000   Number         0  stm32f0xx_cec.o ABSOLUTE
    ..\STM32F0xx_StdPeriph_Lib_V1.5.0\Libraries\STM32F0xx_StdPeriph_Driver\src\stm32f0xx_comp.c 0x00000000   Number         0  stm32f0xx_comp.o ABSOLUTE
    ..\STM32F0xx_StdPeriph_Lib_V1.5.0\Libraries\STM32F0xx_StdPeriph_Driver\src\stm32f0xx_crc.c 0x00000000   Number         0  stm32f0xx_crc.o ABSOLUTE
    ..\STM32F0xx_StdPeriph_Lib_V1.5.0\Libraries\STM32F0xx_StdPeriph_Driver\src\stm32f0xx_crs.c 0x00000000   Number         0  stm32f0xx_crs.o ABSOLUTE
    ..\STM32F0xx_StdPeriph_Lib_V1.5.0\Libraries\STM32F0xx_StdPeriph_Driver\src\stm32f0xx_dac.c 0x00000000   Number         0  stm32f0xx_dac.o ABSOLUTE
    ..\STM32F0xx_StdPeriph_Lib_V1.5.0\Libraries\STM32F0xx_StdPeriph_Driver\src\stm32f0xx_dbgmcu.c 0x00000000   Number         0  stm32f0xx_dbgmcu.o ABSOLUTE
    ..\STM32F0xx_StdPeriph_Lib_V1.5.0\Libraries\STM32F0xx_StdPeriph_Driver\src\stm32f0xx_dma.c 0x00000000   Number         0  stm32f0xx_dma.o ABSOLUTE
    ..\STM32F0xx_StdPeriph_Lib_V1.5.0\Libraries\STM32F0xx_StdPeriph_Driver\src\stm32f0xx_exti.c 0x00000000   Number         0  stm32f0xx_exti.o ABSOLUTE
    ..\STM32F0xx_StdPeriph_Lib_V1.5.0\Libraries\STM32F0xx_StdPeriph_Driver\src\stm32f0xx_flash.c 0x00000000   Number         0  stm32f0xx_flash.o ABSOLUTE
    ..\STM32F0xx_StdPeriph_Lib_V1.5.0\Libraries\STM32F0xx_StdPeriph_Driver\src\stm32f0xx_gpio.c 0x00000000   Number         0  stm32f0xx_gpio.o ABSOLUTE
    ..\STM32F0xx_StdPeriph_Lib_V1.5.0\Libraries\STM32F0xx_StdPeriph_Driver\src\stm32f0xx_i2c.c 0x00000000   Number         0  stm32f0xx_i2c.o ABSOLUTE
    ..\STM32F0xx_StdPeriph_Lib_V1.5.0\Libraries\STM32F0xx_StdPeriph_Driver\src\stm32f0xx_iwdg.c 0x00000000   Number         0  stm32f0xx_iwdg.o ABSOLUTE
    ..\STM32F0xx_StdPeriph_Lib_V1.5.0\Libraries\STM32F0xx_StdPeriph_Driver\src\stm32f0xx_misc.c 0x00000000   Number         0  stm32f0xx_misc.o ABSOLUTE
    ..\STM32F0xx_StdPeriph_Lib_V1.5.0\Libraries\STM32F0xx_StdPeriph_Driver\src\stm32f0xx_pwr.c 0x00000000   Number         0  stm32f0xx_pwr.o ABSOLUTE
    ..\STM32F0xx_StdPeriph_Lib_V1.5.0\Libraries\STM32F0xx_StdPeriph_Driver\src\stm32f0xx_rcc.c 0x00000000   Number         0  stm32f0xx_rcc.o ABSOLUTE
    ..\STM32F0xx_StdPeriph_Lib_V1.5.0\Libraries\STM32F0xx_StdPeriph_Driver\src\stm32f0xx_rtc.c 0x00000000   Number         0  stm32f0xx_rtc.o ABSOLUTE
    ..\STM32F0xx_StdPeriph_Lib_V1.5.0\Libraries\STM32F0xx_StdPeriph_Driver\src\stm32f0xx_spi.c 0x00000000   Number         0  stm32f0xx_spi.o ABSOLUTE
    ..\STM32F0xx_StdPeriph_Lib_V1.5.0\Libraries\STM32F0xx_StdPeriph_Driver\src\stm32f0xx_syscfg.c 0x00000000   Number         0  stm32f0xx_syscfg.o ABSOLUTE
    ..\STM32F0xx_StdPeriph_Lib_V1.5.0\Libraries\STM32F0xx_StdPeriph_Driver\src\stm32f0xx_tim.c 0x00000000   Number         0  stm32f0xx_tim.o ABSOLUTE
    ..\STM32F0xx_StdPeriph_Lib_V1.5.0\Libraries\STM32F0xx_StdPeriph_Driver\src\stm32f0xx_usart.c 0x00000000   Number         0  stm32f0xx_usart.o ABSOLUTE
    ..\STM32F0xx_StdPeriph_Lib_V1.5.0\Libraries\STM32F0xx_StdPeriph_Driver\src\stm32f0xx_wwdg.c 0x00000000   Number         0  stm32f0xx_wwdg.o ABSOLUTE
    ..\\STM32F0xx_StdPeriph_Lib_V1.5.0\\Libraries\\STM32F0xx_StdPeriph_Driver\\src\\stm32f0xx_adc.c 0x00000000   Number         0  stm32f0xx_adc.o ABSOLUTE
    ..\\STM32F0xx_StdPeriph_Lib_V1.5.0\\Libraries\\STM32F0xx_StdPeriph_Driver\\src\\stm32f0xx_can.c 0x00000000   Number         0  stm32f0xx_can.o ABSOLUTE
    ..\\STM32F0xx_StdPeriph_Lib_V1.5.0\\Libraries\\STM32F0xx_StdPeriph_Driver\\src\\stm32f0xx_cec.c 0x00000000   Number         0  stm32f0xx_cec.o ABSOLUTE
    ..\\STM32F0xx_StdPeriph_Lib_V1.5.0\\Libraries\\STM32F0xx_StdPeriph_Driver\\src\\stm32f0xx_comp.c 0x00000000   Number         0  stm32f0xx_comp.o ABSOLUTE
    ..\\STM32F0xx_StdPeriph_Lib_V1.5.0\\Libraries\\STM32F0xx_StdPeriph_Driver\\src\\stm32f0xx_crc.c 0x00000000   Number         0  stm32f0xx_crc.o ABSOLUTE
    ..\\STM32F0xx_StdPeriph_Lib_V1.5.0\\Libraries\\STM32F0xx_StdPeriph_Driver\\src\\stm32f0xx_crs.c 0x00000000   Number         0  stm32f0xx_crs.o ABSOLUTE
    ..\\STM32F0xx_StdPeriph_Lib_V1.5.0\\Libraries\\STM32F0xx_StdPeriph_Driver\\src\\stm32f0xx_dac.c 0x00000000   Number         0  stm32f0xx_dac.o ABSOLUTE
    ..\\STM32F0xx_StdPeriph_Lib_V1.5.0\\Libraries\\STM32F0xx_StdPeriph_Driver\\src\\stm32f0xx_dbgmcu.c 0x00000000   Number         0  stm32f0xx_dbgmcu.o ABSOLUTE
    ..\\STM32F0xx_StdPeriph_Lib_V1.5.0\\Libraries\\STM32F0xx_StdPeriph_Driver\\src\\stm32f0xx_dma.c 0x00000000   Number         0  stm32f0xx_dma.o ABSOLUTE
    ..\\STM32F0xx_StdPeriph_Lib_V1.5.0\\Libraries\\STM32F0xx_StdPeriph_Driver\\src\\stm32f0xx_exti.c 0x00000000   Number         0  stm32f0xx_exti.o ABSOLUTE
    ..\\STM32F0xx_StdPeriph_Lib_V1.5.0\\Libraries\\STM32F0xx_StdPeriph_Driver\\src\\stm32f0xx_flash.c 0x00000000   Number         0  stm32f0xx_flash.o ABSOLUTE
    ..\\STM32F0xx_StdPeriph_Lib_V1.5.0\\Libraries\\STM32F0xx_StdPeriph_Driver\\src\\stm32f0xx_gpio.c 0x00000000   Number         0  stm32f0xx_gpio.o ABSOLUTE
    ..\\STM32F0xx_StdPeriph_Lib_V1.5.0\\Libraries\\STM32F0xx_StdPeriph_Driver\\src\\stm32f0xx_i2c.c 0x00000000   Number         0  stm32f0xx_i2c.o ABSOLUTE
    ..\\STM32F0xx_StdPeriph_Lib_V1.5.0\\Libraries\\STM32F0xx_StdPeriph_Driver\\src\\stm32f0xx_iwdg.c 0x00000000   Number         0  stm32f0xx_iwdg.o ABSOLUTE
    ..\\STM32F0xx_StdPeriph_Lib_V1.5.0\\Libraries\\STM32F0xx_StdPeriph_Driver\\src\\stm32f0xx_misc.c 0x00000000   Number         0  stm32f0xx_misc.o ABSOLUTE
    ..\\STM32F0xx_StdPeriph_Lib_V1.5.0\\Libraries\\STM32F0xx_StdPeriph_Driver\\src\\stm32f0xx_pwr.c 0x00000000   Number         0  stm32f0xx_pwr.o ABSOLUTE
    ..\\STM32F0xx_StdPeriph_Lib_V1.5.0\\Libraries\\STM32F0xx_StdPeriph_Driver\\src\\stm32f0xx_rcc.c 0x00000000   Number         0  stm32f0xx_rcc.o ABSOLUTE
    ..\\STM32F0xx_StdPeriph_Lib_V1.5.0\\Libraries\\STM32F0xx_StdPeriph_Driver\\src\\stm32f0xx_rtc.c 0x00000000   Number         0  stm32f0xx_rtc.o ABSOLUTE
    ..\\STM32F0xx_StdPeriph_Lib_V1.5.0\\Libraries\\STM32F0xx_StdPeriph_Driver\\src\\stm32f0xx_spi.c 0x00000000   Number         0  stm32f0xx_spi.o ABSOLUTE
    ..\\STM32F0xx_StdPeriph_Lib_V1.5.0\\Libraries\\STM32F0xx_StdPeriph_Driver\\src\\stm32f0xx_syscfg.c 0x00000000   Number         0  stm32f0xx_syscfg.o ABSOLUTE
    ..\\STM32F0xx_StdPeriph_Lib_V1.5.0\\Libraries\\STM32F0xx_StdPeriph_Driver\\src\\stm32f0xx_tim.c 0x00000000   Number         0  stm32f0xx_tim.o ABSOLUTE
    ..\\STM32F0xx_StdPeriph_Lib_V1.5.0\\Libraries\\STM32F0xx_StdPeriph_Driver\\src\\stm32f0xx_usart.c 0x00000000   Number         0  stm32f0xx_usart.o ABSOLUTE
    ..\\STM32F0xx_StdPeriph_Lib_V1.5.0\\Libraries\\STM32F0xx_StdPeriph_Driver\\src\\stm32f0xx_wwdg.c 0x00000000   Number         0  stm32f0xx_wwdg.o ABSOLUTE
    dc.s                                     0x00000000   Number         0  dc.o ABSOLUTE
    source\\adc.c                            0x00000000   Number         0  adc.o ABSOLUTE
    source\\infrared_rcv.c                   0x00000000   Number         0  infrared_rcv.o ABSOLUTE
    source\\led.c                            0x00000000   Number         0  led.o ABSOLUTE
    source\\mbport.c                         0x00000000   Number         0  mbport.o ABSOLUTE
    source\\user.c                           0x00000000   Number         0  user.o ABSOLUTE
    source\\user_init.c                      0x00000000   Number         0  user_init.o ABSOLUTE
    source\adc.c                             0x00000000   Number         0  adc.o ABSOLUTE
    source\infrared_rcv.c                    0x00000000   Number         0  infrared_rcv.o ABSOLUTE
    source\led.c                             0x00000000   Number         0  led.o ABSOLUTE
    source\mb.c                              0x00000000   Number         0  mb.o ABSOLUTE
    source\mbcrc.c                           0x00000000   Number         0  mbcrc.o ABSOLUTE
    source\mbport.c                          0x00000000   Number         0  mbport.o ABSOLUTE
    source\user.c                            0x00000000   Number         0  user.o ABSOLUTE
    source\user_init.c                       0x00000000   Number         0  user_init.o ABSOLUTE
    RESET                                    0x08000000   Section      180  startup_stm32f030.o(RESET)
    !!!main                                  0x080000b4   Section        8  __main.o(!!!main)
    !!!scatter                               0x080000bc   Section       60  __scatter.o(!!!scatter)
    !!handler_copy                           0x080000f8   Section       26  __scatter_copy.o(!!handler_copy)
    !!handler_zi                             0x08000114   Section       28  __scatter_zi.o(!!handler_zi)
    .ARM.Collect$$libinit$$00000000          0x08000130   Section        2  libinit.o(.ARM.Collect$$libinit$$00000000)
    .ARM.Collect$$libinit$$00000002          0x08000132   Section        0  libinit2.o(.ARM.Collect$$libinit$$00000002)
    .ARM.Collect$$libinit$$00000004          0x08000132   Section        0  libinit2.o(.ARM.Collect$$libinit$$00000004)
    .ARM.Collect$$libinit$$0000000A          0x08000132   Section        0  libinit2.o(.ARM.Collect$$libinit$$0000000A)
    .ARM.Collect$$libinit$$0000000C          0x08000132   Section        0  libinit2.o(.ARM.Collect$$libinit$$0000000C)
    .ARM.Collect$$libinit$$0000000E          0x08000132   Section        0  libinit2.o(.ARM.Collect$$libinit$$0000000E)
    .ARM.Collect$$libinit$$00000011          0x08000132   Section        0  libinit2.o(.ARM.Collect$$libinit$$00000011)
    .ARM.Collect$$libinit$$00000013          0x08000132   Section        0  libinit2.o(.ARM.Collect$$libinit$$00000013)
    .ARM.Collect$$libinit$$00000015          0x08000132   Section        0  libinit2.o(.ARM.Collect$$libinit$$00000015)
    .ARM.Collect$$libinit$$00000017          0x08000132   Section        0  libinit2.o(.ARM.Collect$$libinit$$00000017)
    .ARM.Collect$$libinit$$00000019          0x08000132   Section        0  libinit2.o(.ARM.Collect$$libinit$$00000019)
    .ARM.Collect$$libinit$$0000001B          0x08000132   Section        0  libinit2.o(.ARM.Collect$$libinit$$0000001B)
    .ARM.Collect$$libinit$$0000001D          0x08000132   Section        0  libinit2.o(.ARM.Collect$$libinit$$0000001D)
    .ARM.Collect$$libinit$$0000001F          0x08000132   Section        0  libinit2.o(.ARM.Collect$$libinit$$0000001F)
    .ARM.Collect$$libinit$$00000021          0x08000132   Section        0  libinit2.o(.ARM.Collect$$libinit$$00000021)
    .ARM.Collect$$libinit$$00000023          0x08000132   Section        0  libinit2.o(.ARM.Collect$$libinit$$00000023)
    .ARM.Collect$$libinit$$00000025          0x08000132   Section        0  libinit2.o(.ARM.Collect$$libinit$$00000025)
    .ARM.Collect$$libinit$$0000002C          0x08000132   Section        0  libinit2.o(.ARM.Collect$$libinit$$0000002C)
    .ARM.Collect$$libinit$$0000002E          0x08000132   Section        0  libinit2.o(.ARM.Collect$$libinit$$0000002E)
    .ARM.Collect$$libinit$$00000030          0x08000132   Section        0  libinit2.o(.ARM.Collect$$libinit$$00000030)
    .ARM.Collect$$libinit$$00000032          0x08000132   Section        0  libinit2.o(.ARM.Collect$$libinit$$00000032)
    .ARM.Collect$$libinit$$00000033          0x08000132   Section        2  libinit2.o(.ARM.Collect$$libinit$$00000033)
    .ARM.Collect$$libshutdown$$00000000      0x08000134   Section        2  libshutdown.o(.ARM.Collect$$libshutdown$$00000000)
    .ARM.Collect$$libshutdown$$00000002      0x08000136   Section        0  libshutdown2.o(.ARM.Collect$$libshutdown$$00000002)
    .ARM.Collect$$libshutdown$$00000004      0x08000136   Section        0  libshutdown2.o(.ARM.Collect$$libshutdown$$00000004)
    .ARM.Collect$$libshutdown$$00000007      0x08000136   Section        0  libshutdown2.o(.ARM.Collect$$libshutdown$$00000007)
    .ARM.Collect$$libshutdown$$0000000A      0x08000136   Section        0  libshutdown2.o(.ARM.Collect$$libshutdown$$0000000A)
    .ARM.Collect$$libshutdown$$0000000C      0x08000136   Section        0  libshutdown2.o(.ARM.Collect$$libshutdown$$0000000C)
    .ARM.Collect$$libshutdown$$0000000F      0x08000136   Section        0  libshutdown2.o(.ARM.Collect$$libshutdown$$0000000F)
    .ARM.Collect$$libshutdown$$00000010      0x08000136   Section        2  libshutdown2.o(.ARM.Collect$$libshutdown$$00000010)
    .ARM.Collect$$rtentry$$00000000          0x08000138   Section        0  __rtentry.o(.ARM.Collect$$rtentry$$00000000)
    .ARM.Collect$$rtentry$$00000002          0x08000138   Section        0  __rtentry2.o(.ARM.Collect$$rtentry$$00000002)
    .ARM.Collect$$rtentry$$00000004          0x08000138   Section        6  __rtentry4.o(.ARM.Collect$$rtentry$$00000004)
    .ARM.Collect$$rtentry$$00000009          0x0800013e   Section        0  __rtentry2.o(.ARM.Collect$$rtentry$$00000009)
    .ARM.Collect$$rtentry$$0000000A          0x0800013e   Section        4  __rtentry2.o(.ARM.Collect$$rtentry$$0000000A)
    .ARM.Collect$$rtentry$$0000000C          0x08000142   Section        0  __rtentry2.o(.ARM.Collect$$rtentry$$0000000C)
    .ARM.Collect$$rtentry$$0000000D          0x08000142   Section        8  __rtentry2.o(.ARM.Collect$$rtentry$$0000000D)
    .ARM.Collect$$rtexit$$00000000           0x0800014a   Section        2  rtexit.o(.ARM.Collect$$rtexit$$00000000)
    .ARM.Collect$$rtexit$$00000002           0x0800014c   Section        0  rtexit2.o(.ARM.Collect$$rtexit$$00000002)
    .ARM.Collect$$rtexit$$00000003           0x0800014c   Section        4  rtexit2.o(.ARM.Collect$$rtexit$$00000003)
    .ARM.Collect$$rtexit$$00000004           0x08000150   Section        6  rtexit2.o(.ARM.Collect$$rtexit$$00000004)
    .text                                    0x08000158   Section      116  startup_stm32f030.o(.text)
    .text                                    0x080001cc   Section      346  aeabi_sdiv.o(.text)
    .text                                    0x08000326   Section        0  heapauxi.o(.text)
    .text                                    0x0800032c   Section       62  sys_stackheap_outer.o(.text)
    .text                                    0x0800036a   Section        0  exit.o(.text)
    .text                                    0x0800037c   Section        8  libspace.o(.text)
    .text                                    0x08000384   Section        0  sys_exit.o(.text)
    .text                                    0x08000390   Section        2  use_no_semi.o(.text)
    .text                                    0x08000392   Section        0  indicate_semi.o(.text)
    i.ADC1_IRQHandler                        0x08000392   Section        0  adc.o(i.ADC1_IRQHandler)
    i.ADC_ChannelConfig                      0x08000394   Section        0  stm32f0xx_adc.o(i.ADC_ChannelConfig)
    i.ADC_ClockModeConfig                    0x0800039e   Section        0  stm32f0xx_adc.o(i.ADC_ClockModeConfig)
    i.ADC_Cmd                                0x080003a2   Section        0  stm32f0xx_adc.o(i.ADC_Cmd)
    i.ADC_DMACmd                             0x080003b4   Section        0  stm32f0xx_adc.o(i.ADC_DMACmd)
    i.ADC_DMARequestModeConfig               0x080003c8   Section        0  stm32f0xx_adc.o(i.ADC_DMARequestModeConfig)
    i.ADC_GetCalibrationFactor               0x080003d8   Section        0  stm32f0xx_adc.o(i.ADC_GetCalibrationFactor)
    i.ADC_GetFlagStatus                      0x08000406   Section        0  stm32f0xx_adc.o(i.ADC_GetFlagStatus)
    i.ADC_Init                               0x08000424   Section        0  stm32f0xx_adc.o(i.ADC_Init)
    i.ADC_StartOfConversion                  0x08000450   Section        0  stm32f0xx_adc.o(i.ADC_StartOfConversion)
    i.ADC_TempSensorCmd                      0x0800045c   Section        0  stm32f0xx_adc.o(i.ADC_TempSensorCmd)
    i.ADC_VrefintCmd                         0x08000478   Section        0  stm32f0xx_adc.o(i.ADC_VrefintCmd)
    i.ADC_cfg                                0x08000494   Section        0  adc.o(i.ADC_cfg)
    i.DMA1_Channel1_IRQHandler               0x08000504   Section        0  adc.o(i.DMA1_Channel1_IRQHandler)
    i.DMA_ClearITPendingBit                  0x08000524   Section        0  stm32f0xx_dma.o(i.DMA_ClearITPendingBit)
    i.DMA_Cmd                                0x0800053c   Section        0  stm32f0xx_dma.o(i.DMA_Cmd)
    i.DMA_GetFlagStatus                      0x08000554   Section        0  stm32f0xx_dma.o(i.DMA_GetFlagStatus)
    i.DMA_ITConfig                           0x08000574   Section        0  stm32f0xx_dma.o(i.DMA_ITConfig)
    i.DMA_Init                               0x08000584   Section        0  stm32f0xx_dma.o(i.DMA_Init)
    i.DMA_cfg                                0x080005c0   Section        0  adc.o(i.DMA_cfg)
    i.GPIO_Init                              0x0800061c   Section        0  stm32f0xx_gpio.o(i.GPIO_Init)
    i.GPIO_PinAFConfig                       0x0800068c   Section        0  stm32f0xx_gpio.o(i.GPIO_PinAFConfig)
    i.GPIO_ResetBits                         0x080006ac   Section        0  stm32f0xx_gpio.o(i.GPIO_ResetBits)
    i.GPIO_SetBits                           0x080006b0   Section        0  stm32f0xx_gpio.o(i.GPIO_SetBits)
    i.Modbus_03_Solve                        0x080006b4   Section        0  mb.o(i.Modbus_03_Solve)
    i.Modbus_06_Solve                        0x08000738   Section        0  mb.o(i.Modbus_06_Solve)
    i.Modbus_16_Solve                        0x080007b4   Section        0  mb.o(i.Modbus_16_Solve)
    i.NVIC_Init                              0x0800083c   Section        0  stm32f0xx_misc.o(i.NVIC_Init)
    i.NVIC_cfg                               0x0800088c   Section        0  user_init.o(i.NVIC_cfg)
    i.RCC_AHBPeriphClockCmd                  0x080008e8   Section        0  stm32f0xx_rcc.o(i.RCC_AHBPeriphClockCmd)
    i.RCC_APB1PeriphClockCmd                 0x08000900   Section        0  stm32f0xx_rcc.o(i.RCC_APB1PeriphClockCmd)
    i.RCC_APB2PeriphClockCmd                 0x08000918   Section        0  stm32f0xx_rcc.o(i.RCC_APB2PeriphClockCmd)
    i.RCC_GetClocksFreq                      0x08000930   Section        0  stm32f0xx_rcc.o(i.RCC_GetClocksFreq)
    i.RCC_HCLKConfig                         0x08000aa8   Section        0  stm32f0xx_rcc.o(i.RCC_HCLKConfig)
    i.RCC_HSEConfig                          0x08000abc   Section        0  stm32f0xx_rcc.o(i.RCC_HSEConfig)
    i.RCC_PCLKConfig                         0x08000acc   Section        0  stm32f0xx_rcc.o(i.RCC_PCLKConfig)
    i.RCC_PLLCmd                             0x08000ae0   Section        0  stm32f0xx_rcc.o(i.RCC_PLLCmd)
    i.RCC_PLLConfig                          0x08000afc   Section        0  stm32f0xx_rcc.o(i.RCC_PLLConfig)
    i.RCC_SYSCLKConfig                       0x08000b18   Section        0  stm32f0xx_rcc.o(i.RCC_SYSCLKConfig)
    i.RCC_cfg                                0x08000b2c   Section        0  user_init.o(i.RCC_cfg)
    i.SystemInit                             0x08000b7c   Section        0  user.o(i.SystemInit)
    i.TI1_Config                             0x08000b7e   Section        0  stm32f0xx_tim.o(i.TI1_Config)
    TI1_Config                               0x08000b7f   Thumb Code    40  stm32f0xx_tim.o(i.TI1_Config)
    i.TI2_Config                             0x08000ba8   Section        0  stm32f0xx_tim.o(i.TI2_Config)
    TI2_Config                               0x08000ba9   Thumb Code    42  stm32f0xx_tim.o(i.TI2_Config)
    i.TIM14_IRQHandler                       0x08000bd8   Section        0  infrared_rcv.o(i.TIM14_IRQHandler)
    i.TIM16_IRQHandler                       0x08000c64   Section        0  mbport.o(i.TIM16_IRQHandler)
    i.TIM17_IRQHandler                       0x08000c90   Section        0  led.o(i.TIM17_IRQHandler)
    i.TIM_ARRPreloadConfig                   0x08000cb4   Section        0  stm32f0xx_tim.o(i.TIM_ARRPreloadConfig)
    i.TIM_ClearITPendingBit                  0x08000cc6   Section        0  stm32f0xx_tim.o(i.TIM_ClearITPendingBit)
    i.TIM_Cmd                                0x08000ccc   Section        0  stm32f0xx_tim.o(i.TIM_Cmd)
    i.TIM_GetCapture1                        0x08000ce0   Section        0  stm32f0xx_tim.o(i.TIM_GetCapture1)
    i.TIM_GetITStatus                        0x08000ce4   Section        0  stm32f0xx_tim.o(i.TIM_GetITStatus)
    i.TIM_ICInit                             0x08000cfc   Section        0  stm32f0xx_tim.o(i.TIM_ICInit)
    i.TIM_ITConfig                           0x08000db4   Section        0  stm32f0xx_tim.o(i.TIM_ITConfig)
    i.TIM_SetCounter                         0x08000dc4   Section        0  stm32f0xx_tim.o(i.TIM_SetCounter)
    i.TIM_SetIC1Prescaler                    0x08000dc8   Section        0  stm32f0xx_tim.o(i.TIM_SetIC1Prescaler)
    i.TIM_SetIC2Prescaler                    0x08000dd8   Section        0  stm32f0xx_tim.o(i.TIM_SetIC2Prescaler)
    i.TIM_SetIC3Prescaler                    0x08000df0   Section        0  stm32f0xx_tim.o(i.TIM_SetIC3Prescaler)
    i.TIM_SetIC4Prescaler                    0x08000e00   Section        0  stm32f0xx_tim.o(i.TIM_SetIC4Prescaler)
    i.TIM_TimeBaseInit                       0x08000e18   Section        0  stm32f0xx_tim.o(i.TIM_TimeBaseInit)
    i.USART1_IRQHandler                      0x08000e8c   Section        0  mbport.o(i.USART1_IRQHandler)
    i.USART_ClearFlag                        0x08000ed4   Section        0  stm32f0xx_usart.o(i.USART_ClearFlag)
    i.USART_ClearITPendingBit                0x08000ed8   Section        0  stm32f0xx_usart.o(i.USART_ClearITPendingBit)
    i.USART_Cmd                              0x08000ee2   Section        0  stm32f0xx_usart.o(i.USART_Cmd)
    i.USART_GetFlagStatus                    0x08000ef6   Section        0  stm32f0xx_usart.o(i.USART_GetFlagStatus)
    i.USART_GetITStatus                      0x08000f04   Section        0  stm32f0xx_usart.o(i.USART_GetITStatus)
    i.USART_ITConfig                         0x08000f3c   Section        0  stm32f0xx_usart.o(i.USART_ITConfig)
    i.USART_Init                             0x08000f68   Section        0  stm32f0xx_usart.o(i.USART_Init)
    i.USART_ReceiveData                      0x08001010   Section        0  stm32f0xx_usart.o(i.USART_ReceiveData)
    i.USART_SendData                         0x08001018   Section        0  stm32f0xx_usart.o(i.USART_SendData)
    i.adcDataProcess                         0x08001020   Section        0  adc.o(i.adcDataProcess)
    i.adc_GPIO_cfg                           0x0800107c   Section        0  adc.o(i.adc_GPIO_cfg)
    i.getCRC16                               0x0800109c   Section        0  mbcrc.o(i.getCRC16)
    i.getInfrafedData                        0x080010cc   Section        0  infrared_rcv.o(i.getInfrafedData)
    i.infraredProcess                        0x080010e4   Section        0  infrared_rcv.o(i.infraredProcess)
    i.infrared_GPIO_cfg                      0x080011a4   Section        0  infrared_rcv.o(i.infrared_GPIO_cfg)
    i.infrared_TIM14_cfg                     0x080011d4   Section        0  infrared_rcv.o(i.infrared_TIM14_cfg)
    i.led_GPIO_cfg                           0x08001234   Section        0  led.o(i.led_GPIO_cfg)
    i.led_TIM17_cfg                          0x0800125c   Section        0  led.o(i.led_TIM17_cfg)
    i.led_tog                                0x080012a4   Section        0  led.o(i.led_tog)
    i.main                                   0x080012d0   Section        0  user.o(i.main)
    i.mbRcvComplete                          0x0800133c   Section        0  mb.o(i.mbRcvComplete)
    i.mbRcvProcess                           0x08001348   Section        0  mb.o(i.mbRcvProcess)
    i.mbRegHolding                           0x0800136c   Section        0  user.o(i.mbRegHolding)
    i.mb_SendData                            0x080013d0   Section        0  mbport.o(i.mb_SendData)
    i.mb_Service                             0x0800141c   Section        0  mb.o(i.mb_Service)
    i.mb_TIM16_cfg                           0x080014f8   Section        0  mbport.o(i.mb_TIM16_cfg)
    i.mb_USART_cfg                           0x08001534   Section        0  mbport.o(i.mb_USART_cfg)
    i.mb_receiveData                         0x08001580   Section        0  mbport.o(i.mb_receiveData)
    i.setMBAddr                              0x08001594   Section        0  mb.o(i.setMBAddr)
    i.usart1_GPIO_cfg                        0x080015a0   Section        0  mbport.o(i.usart1_GPIO_cfg)
    .constdata                               0x080015dc   Section      512  mbcrc.o(.constdata)
    aucCRCHi                                 0x080015dc   Data         256  mbcrc.o(.constdata)
    aucCRCLo                                 0x080016dc   Data         256  mbcrc.o(.constdata)
    .data                                    0x20000000   Section       12  mb.o(.data)
    MB_Addr                                  0x20000000   Data           1  mb.o(.data)
    MB_RX_CNT                                0x20000002   Data           2  mb.o(.data)
    MB_FrameFlag                             0x20000004   Data           2  mb.o(.data)
    .data                                    0x2000000c   Section       12  mbport.o(.data)
    MB_TX_EN                                 0x2000000c   Data           2  mbport.o(.data)
    GPIO_InitStructure                       0x20000010   Data           8  mbport.o(.data)
    .data                                    0x20000018   Section        2  user.o(.data)
    usRegHoldingStart                        0x20000018   Data           2  user.o(.data)
    .data                                    0x2000001a   Section        3  user_init.o(.data)
    NVIC_InitStructure                       0x2000001a   Data           3  user_init.o(.data)
    .data                                    0x20000020   Section       12  adc.o(.data)
    dma_complete_flag                        0x20000020   Data           1  adc.o(.data)
    GPIO_InitStructure                       0x20000024   Data           8  adc.o(.data)
    .data                                    0x2000002c   Section       28  infrared_rcv.o(.data)
    infraredAddr                             0x2000002c   Data           1  infrared_rcv.o(.data)
    infraredAddrh                            0x2000002d   Data           1  infrared_rcv.o(.data)
    infraredData                             0x2000002e   Data           1  infrared_rcv.o(.data)
    infraredDatab                            0x2000002f   Data           1  infrared_rcv.o(.data)
    .data                                    0x20000048   Section       12  led.o(.data)
    i4led                                    0x20000048   Data           1  led.o(.data)
    GPIO_InitStructure                       0x2000004c   Data           8  led.o(.data)
    .data                                    0x20000054   Section       16  stm32f0xx_rcc.o(.data)
    APBAHBPrescTable                         0x20000054   Data          16  stm32f0xx_rcc.o(.data)
    .bss                                     0x20000064   Section      512  mb.o(.bss)
    MB_RX_BUFF                               0x20000064   Data         256  mb.o(.bss)
    MB_TX_BUFF                               0x20000164   Data         256  mb.o(.bss)
    .bss                                     0x20000264   Section       36  mbport.o(.bss)
    USART_InitStructure                      0x20000264   Data          24  mbport.o(.bss)
    TIM_TimeBaseStructure                    0x2000027c   Data          12  mbport.o(.bss)
    .bss                                     0x20000288   Section       32  user.o(.bss)
    usRegHoldingBuf                          0x20000288   Data          32  user.o(.bss)
    .bss                                     0x200002a8   Section     1604  adc.o(.bss)
    dma4adc                                  0x200002a8   Data        1536  adc.o(.bss)
    ADC_InitStructure                        0x200008a8   Data          24  adc.o(.bss)
    DMA_InitStructure                        0x200008c0   Data          44  adc.o(.bss)
    .bss                                     0x200008ec   Section       12  infrared_rcv.o(.bss)
    .bss                                     0x200008f8   Section       12  led.o(.bss)
    TIM_TimeBaseStructure                    0x200008f8   Data          12  led.o(.bss)
    .bss                                     0x20000904   Section       96  libspace.o(.bss)
    HEAP                                     0x20000968   Section      512  startup_stm32f030.o(HEAP)
    Heap_Mem                                 0x20000968   Data         512  startup_stm32f030.o(HEAP)
    STACK                                    0x20000b68   Section     1024  startup_stm32f030.o(STACK)
    Stack_Mem                                0x20000b68   Data        1024  startup_stm32f030.o(STACK)
    __initial_sp                             0x20000f68   Data           0  startup_stm32f030.o(STACK)

    Global Symbols

    Symbol Name                              Value     Ov Type        Size  Object(Section)

    BuildAttributes$$THM_ISAv3M$S$PE$A:L22$X:L11$S22$IEEE1$IW$USESV6$~STKCKD$USESV7$~SHL$OSPACE$ROPI$EBA8$UX$STANDARDLIB$REQ8$PRES8$EABIv2 0x00000000   Number         0  anon$$obj.o ABSOLUTE
    __ARM_use_no_argv                        0x00000000   Number         0  user.o ABSOLUTE
    __ARM_exceptions_init                     - Undefined Weak Reference
    __alloca_initialize                       - Undefined Weak Reference
    __arm_preinit_                            - Undefined Weak Reference
    __cpp_initialize__aeabi_                  - Undefined Weak Reference
    __cxa_finalize                            - Undefined Weak Reference
    __rt_locale                               - Undefined Weak Reference
    __sigvec_lookup                           - Undefined Weak Reference
    _atexit_init                              - Undefined Weak Reference
    _call_atexit_fns                          - Undefined Weak Reference
    _clock_init                               - Undefined Weak Reference
    _fp_trap_init                             - Undefined Weak Reference
    _fp_trap_shutdown                         - Undefined Weak Reference
    _get_lc_collate                           - Undefined Weak Reference
    _get_lc_ctype                             - Undefined Weak Reference
    _get_lc_monetary                          - Undefined Weak Reference
    _get_lc_numeric                           - Undefined Weak Reference
    _get_lc_time                              - Undefined Weak Reference
    _getenv_init                              - Undefined Weak Reference
    _handle_redirection                       - Undefined Weak Reference
    _init_alloc                               - Undefined Weak Reference
    _init_user_alloc                          - Undefined Weak Reference
    _initio                                   - Undefined Weak Reference
    _rand_init                                - Undefined Weak Reference
    _signal_finish                            - Undefined Weak Reference
    _signal_init                              - Undefined Weak Reference
    _terminate_alloc                          - Undefined Weak Reference
    _terminate_user_alloc                     - Undefined Weak Reference
    _terminateio                              - Undefined Weak Reference
    __Vectors_Size                           0x000000b4   Number         0  startup_stm32f030.o ABSOLUTE
    __Vectors                                0x08000000   Data           4  startup_stm32f030.o(RESET)
    __Vectors_End                            0x080000b4   Data           0  startup_stm32f030.o(RESET)
    __main                                   0x080000b5   Thumb Code     8  __main.o(!!!main)
    __scatterload                            0x080000bd   Thumb Code     0  __scatter.o(!!!scatter)
    __scatterload_rt2                        0x080000bd   Thumb Code    52  __scatter.o(!!!scatter)
    __scatterload_rt2_thumb_only             0x080000bd   Thumb Code     0  __scatter.o(!!!scatter)
    __scatterload_null                       0x080000cd   Thumb Code     0  __scatter.o(!!!scatter)
    __scatterload_copy                       0x080000f9   Thumb Code    26  __scatter_copy.o(!!handler_copy)
    __scatterload_zeroinit                   0x08000115   Thumb Code    28  __scatter_zi.o(!!handler_zi)
    __rt_lib_init                            0x08000131   Thumb Code     0  libinit.o(.ARM.Collect$$libinit$$00000000)
    __rt_lib_init_alloca_1                   0x08000133   Thumb Code     0  libinit2.o(.ARM.Collect$$libinit$$0000002E)
    __rt_lib_init_argv_1                     0x08000133   Thumb Code     0  libinit2.o(.ARM.Collect$$libinit$$0000002C)
    __rt_lib_init_atexit_1                   0x08000133   Thumb Code     0  libinit2.o(.ARM.Collect$$libinit$$0000001B)
    __rt_lib_init_clock_1                    0x08000133   Thumb Code     0  libinit2.o(.ARM.Collect$$libinit$$00000021)
    __rt_lib_init_cpp_1                      0x08000133   Thumb Code     0  libinit2.o(.ARM.Collect$$libinit$$00000032)
    __rt_lib_init_exceptions_1               0x08000133   Thumb Code     0  libinit2.o(.ARM.Collect$$libinit$$00000030)
    __rt_lib_init_fp_1                       0x08000133   Thumb Code     0  libinit2.o(.ARM.Collect$$libinit$$00000002)
    __rt_lib_init_fp_trap_1                  0x08000133   Thumb Code     0  libinit2.o(.ARM.Collect$$libinit$$0000001F)
    __rt_lib_init_getenv_1                   0x08000133   Thumb Code     0  libinit2.o(.ARM.Collect$$libinit$$00000023)
    __rt_lib_init_heap_1                     0x08000133   Thumb Code     0  libinit2.o(.ARM.Collect$$libinit$$0000000A)
    __rt_lib_init_lc_collate_1               0x08000133   Thumb Code     0  libinit2.o(.ARM.Collect$$libinit$$00000011)
    __rt_lib_init_lc_ctype_1                 0x08000133   Thumb Code     0  libinit2.o(.ARM.Collect$$libinit$$00000013)
    __rt_lib_init_lc_monetary_1              0x08000133   Thumb Code     0  libinit2.o(.ARM.Collect$$libinit$$00000015)
    __rt_lib_init_lc_numeric_1               0x08000133   Thumb Code     0  libinit2.o(.ARM.Collect$$libinit$$00000017)
    __rt_lib_init_lc_time_1                  0x08000133   Thumb Code     0  libinit2.o(.ARM.Collect$$libinit$$00000019)
    __rt_lib_init_preinit_1                  0x08000133   Thumb Code     0  libinit2.o(.ARM.Collect$$libinit$$00000004)
    __rt_lib_init_rand_1                     0x08000133   Thumb Code     0  libinit2.o(.ARM.Collect$$libinit$$0000000E)
    __rt_lib_init_return                     0x08000133   Thumb Code     0  libinit2.o(.ARM.Collect$$libinit$$00000033)
    __rt_lib_init_signal_1                   0x08000133   Thumb Code     0  libinit2.o(.ARM.Collect$$libinit$$0000001D)
    __rt_lib_init_stdio_1                    0x08000133   Thumb Code     0  libinit2.o(.ARM.Collect$$libinit$$00000025)
    __rt_lib_init_user_alloc_1               0x08000133   Thumb Code     0  libinit2.o(.ARM.Collect$$libinit$$0000000C)
    __rt_lib_shutdown                        0x08000135   Thumb Code     0  libshutdown.o(.ARM.Collect$$libshutdown$$00000000)
    __rt_lib_shutdown_cpp_1                  0x08000137   Thumb Code     0  libshutdown2.o(.ARM.Collect$$libshutdown$$00000002)
    __rt_lib_shutdown_fp_trap_1              0x08000137   Thumb Code     0  libshutdown2.o(.ARM.Collect$$libshutdown$$00000007)
    __rt_lib_shutdown_heap_1                 0x08000137   Thumb Code     0  libshutdown2.o(.ARM.Collect$$libshutdown$$0000000F)
    __rt_lib_shutdown_return                 0x08000137   Thumb Code     0  libshutdown2.o(.ARM.Collect$$libshutdown$$00000010)
    __rt_lib_shutdown_signal_1               0x08000137   Thumb Code     0  libshutdown2.o(.ARM.Collect$$libshutdown$$0000000A)
    __rt_lib_shutdown_stdio_1                0x08000137   Thumb Code     0  libshutdown2.o(.ARM.Collect$$libshutdown$$00000004)
    __rt_lib_shutdown_user_alloc_1           0x08000137   Thumb Code     0  libshutdown2.o(.ARM.Collect$$libshutdown$$0000000C)
    __rt_entry                               0x08000139   Thumb Code     0  __rtentry.o(.ARM.Collect$$rtentry$$00000000)
    __rt_entry_presh_1                       0x08000139   Thumb Code     0  __rtentry2.o(.ARM.Collect$$rtentry$$00000002)
    __rt_entry_sh                            0x08000139   Thumb Code     0  __rtentry4.o(.ARM.Collect$$rtentry$$00000004)
    __rt_entry_li                            0x0800013f   Thumb Code     0  __rtentry2.o(.ARM.Collect$$rtentry$$0000000A)
    __rt_entry_postsh_1                      0x0800013f   Thumb Code     0  __rtentry2.o(.ARM.Collect$$rtentry$$00000009)
    __rt_entry_main                          0x08000143   Thumb Code     0  __rtentry2.o(.ARM.Collect$$rtentry$$0000000D)
    __rt_entry_postli_1                      0x08000143   Thumb Code     0  __rtentry2.o(.ARM.Collect$$rtentry$$0000000C)
    __rt_exit                                0x0800014b   Thumb Code     0  rtexit.o(.ARM.Collect$$rtexit$$00000000)
    __rt_exit_ls                             0x0800014d   Thumb Code     0  rtexit2.o(.ARM.Collect$$rtexit$$00000003)
    __rt_exit_prels_1                        0x0800014d   Thumb Code     0  rtexit2.o(.ARM.Collect$$rtexit$$00000002)
    __rt_exit_exit                           0x08000151   Thumb Code     0  rtexit2.o(.ARM.Collect$$rtexit$$00000004)
    Reset_Handler                            0x08000159   Thumb Code    38  startup_stm32f030.o(.text)
    NMI_Handler                              0x0800017f   Thumb Code     2  startup_stm32f030.o(.text)
    HardFault_Handler                        0x08000181   Thumb Code     2  startup_stm32f030.o(.text)
    SVC_Handler                              0x08000183   Thumb Code     2  startup_stm32f030.o(.text)
    PendSV_Handler                           0x08000185   Thumb Code     2  startup_stm32f030.o(.text)
    SysTick_Handler                          0x08000187   Thumb Code     2  startup_stm32f030.o(.text)
    DMA1_Channel2_3_IRQHandler               0x08000189   Thumb Code     0  startup_stm32f030.o(.text)
    DMA1_Channel4_5_IRQHandler               0x08000189   Thumb Code     0  startup_stm32f030.o(.text)
    EXTI0_1_IRQHandler                       0x08000189   Thumb Code     0  startup_stm32f030.o(.text)
    EXTI2_3_IRQHandler                       0x08000189   Thumb Code     0  startup_stm32f030.o(.text)
    EXTI4_15_IRQHandler                      0x08000189   Thumb Code     0  startup_stm32f030.o(.text)
    FLASH_IRQHandler                         0x08000189   Thumb Code     0  startup_stm32f030.o(.text)
    I2C1_IRQHandler                          0x08000189   Thumb Code     0  startup_stm32f030.o(.text)
    I2C2_IRQHandler                          0x08000189   Thumb Code     0  startup_stm32f030.o(.text)
    RCC_IRQHandler                           0x08000189   Thumb Code     0  startup_stm32f030.o(.text)
    RTC_IRQHandler                           0x08000189   Thumb Code     0  startup_stm32f030.o(.text)
    SPI1_IRQHandler                          0x08000189   Thumb Code     0  startup_stm32f030.o(.text)
    SPI2_IRQHandler                          0x08000189   Thumb Code     0  startup_stm32f030.o(.text)
    TIM15_IRQHandler                         0x08000189   Thumb Code     0  startup_stm32f030.o(.text)
    TIM1_BRK_UP_TRG_COM_IRQHandler           0x08000189   Thumb Code     0  startup_stm32f030.o(.text)
    TIM1_CC_IRQHandler                       0x08000189   Thumb Code     0  startup_stm32f030.o(.text)
    TIM3_IRQHandler                          0x08000189   Thumb Code     0  startup_stm32f030.o(.text)
    USART2_IRQHandler                        0x08000189   Thumb Code     0  startup_stm32f030.o(.text)
    WWDG_IRQHandler                          0x08000189   Thumb Code     0  startup_stm32f030.o(.text)
    __user_initial_stackheap                 0x0800018d   Thumb Code     0  startup_stm32f030.o(.text)
    __aeabi_uidiv                            0x080001cd   Thumb Code     0  aeabi_sdiv.o(.text)
    __aeabi_uidivmod                         0x080001cd   Thumb Code    20  aeabi_sdiv.o(.text)
    __aeabi_idiv                             0x080001e1   Thumb Code     0  aeabi_sdiv.o(.text)
    __aeabi_idivmod                          0x080001e1   Thumb Code   326  aeabi_sdiv.o(.text)
    __use_two_region_memory                  0x08000327   Thumb Code     2  heapauxi.o(.text)
    __rt_heap_escrow$2region                 0x08000329   Thumb Code     2  heapauxi.o(.text)
    __rt_heap_expand$2region                 0x0800032b   Thumb Code     2  heapauxi.o(.text)
    __user_setup_stackheap                   0x0800032d   Thumb Code    62  sys_stackheap_outer.o(.text)
    exit                                     0x0800036b   Thumb Code    16  exit.o(.text)
    __user_libspace                          0x0800037d   Thumb Code     8  libspace.o(.text)
    __user_perproc_libspace                  0x0800037d   Thumb Code     0  libspace.o(.text)
    __user_perthread_libspace                0x0800037d   Thumb Code     0  libspace.o(.text)
    _sys_exit                                0x08000385   Thumb Code     8  sys_exit.o(.text)
    __I$use$semihosting                      0x08000391   Thumb Code     0  use_no_semi.o(.text)
    __use_no_semihosting_swi                 0x08000391   Thumb Code     2  use_no_semi.o(.text)
    ADC1_IRQHandler                          0x08000393   Thumb Code     2  adc.o(i.ADC1_IRQHandler)
    __semihosting_library_function           0x08000393   Thumb Code     0  indicate_semi.o(.text)
    ADC_ChannelConfig                        0x08000395   Thumb Code    10  stm32f0xx_adc.o(i.ADC_ChannelConfig)
    ADC_ClockModeConfig                      0x0800039f   Thumb Code     4  stm32f0xx_adc.o(i.ADC_ClockModeConfig)
    ADC_Cmd                                  0x080003a3   Thumb Code    18  stm32f0xx_adc.o(i.ADC_Cmd)
    ADC_DMACmd                               0x080003b5   Thumb Code    20  stm32f0xx_adc.o(i.ADC_DMACmd)
    ADC_DMARequestModeConfig                 0x080003c9   Thumb Code    16  stm32f0xx_adc.o(i.ADC_DMARequestModeConfig)
    ADC_GetCalibrationFactor                 0x080003d9   Thumb Code    46  stm32f0xx_adc.o(i.ADC_GetCalibrationFactor)
    ADC_GetFlagStatus                        0x08000407   Thumb Code    28  stm32f0xx_adc.o(i.ADC_GetFlagStatus)
    ADC_Init                                 0x08000425   Thumb Code    38  stm32f0xx_adc.o(i.ADC_Init)
    ADC_StartOfConversion                    0x08000451   Thumb Code    10  stm32f0xx_adc.o(i.ADC_StartOfConversion)
    ADC_TempSensorCmd                        0x0800045d   Thumb Code    22  stm32f0xx_adc.o(i.ADC_TempSensorCmd)
    ADC_VrefintCmd                           0x08000479   Thumb Code    22  stm32f0xx_adc.o(i.ADC_VrefintCmd)
    ADC_cfg                                  0x08000495   Thumb Code    98  adc.o(i.ADC_cfg)
    DMA1_Channel1_IRQHandler                 0x08000505   Thumb Code    26  adc.o(i.DMA1_Channel1_IRQHandler)
    DMA_ClearITPendingBit                    0x08000525   Thumb Code    14  stm32f0xx_dma.o(i.DMA_ClearITPendingBit)
    DMA_Cmd                                  0x0800053d   Thumb Code    20  stm32f0xx_dma.o(i.DMA_Cmd)
    DMA_GetFlagStatus                        0x08000555   Thumb Code    24  stm32f0xx_dma.o(i.DMA_GetFlagStatus)
    DMA_ITConfig                             0x08000575   Thumb Code    16  stm32f0xx_dma.o(i.DMA_ITConfig)
    DMA_Init                                 0x08000585   Thumb Code    56  stm32f0xx_dma.o(i.DMA_Init)
    DMA_cfg                                  0x080005c1   Thumb Code    76  adc.o(i.DMA_cfg)
    GPIO_Init                                0x0800061d   Thumb Code   112  stm32f0xx_gpio.o(i.GPIO_Init)
    GPIO_PinAFConfig                         0x0800068d   Thumb Code    32  stm32f0xx_gpio.o(i.GPIO_PinAFConfig)
    GPIO_ResetBits                           0x080006ad   Thumb Code     4  stm32f0xx_gpio.o(i.GPIO_ResetBits)
    GPIO_SetBits                             0x080006b1   Thumb Code     4  stm32f0xx_gpio.o(i.GPIO_SetBits)
    Modbus_03_Solve                          0x080006b5   Thumb Code   120  mb.o(i.Modbus_03_Solve)
    Modbus_06_Solve                          0x08000739   Thumb Code   112  mb.o(i.Modbus_06_Solve)
    Modbus_16_Solve                          0x080007b5   Thumb Code   124  mb.o(i.Modbus_16_Solve)
    NVIC_Init                                0x0800083d   Thumb Code    70  stm32f0xx_misc.o(i.NVIC_Init)
    NVIC_cfg                                 0x0800088d   Thumb Code    86  user_init.o(i.NVIC_cfg)
    RCC_AHBPeriphClockCmd                    0x080008e9   Thumb Code    18  stm32f0xx_rcc.o(i.RCC_AHBPeriphClockCmd)
    RCC_APB1PeriphClockCmd                   0x08000901   Thumb Code    18  stm32f0xx_rcc.o(i.RCC_APB1PeriphClockCmd)
    RCC_APB2PeriphClockCmd                   0x08000919   Thumb Code    18  stm32f0xx_rcc.o(i.RCC_APB2PeriphClockCmd)
    RCC_GetClocksFreq                        0x08000931   Thumb Code   346  stm32f0xx_rcc.o(i.RCC_GetClocksFreq)
    RCC_HCLKConfig                           0x08000aa9   Thumb Code    14  stm32f0xx_rcc.o(i.RCC_HCLKConfig)
    RCC_HSEConfig                            0x08000abd   Thumb Code    10  stm32f0xx_rcc.o(i.RCC_HSEConfig)
    RCC_PCLKConfig                           0x08000acd   Thumb Code    16  stm32f0xx_rcc.o(i.RCC_PCLKConfig)
    RCC_PLLCmd                               0x08000ae1   Thumb Code    22  stm32f0xx_rcc.o(i.RCC_PLLCmd)
    RCC_PLLConfig                            0x08000afd   Thumb Code    24  stm32f0xx_rcc.o(i.RCC_PLLConfig)
    RCC_SYSCLKConfig                         0x08000b19   Thumb Code    14  stm32f0xx_rcc.o(i.RCC_SYSCLKConfig)
    RCC_cfg                                  0x08000b2d   Thumb Code    70  user_init.o(i.RCC_cfg)
    SystemInit                               0x08000b7d   Thumb Code     2  user.o(i.SystemInit)
    TIM14_IRQHandler                         0x08000bd9   Thumb Code   132  infrared_rcv.o(i.TIM14_IRQHandler)
    TIM16_IRQHandler                         0x08000c65   Thumb Code    38  mbport.o(i.TIM16_IRQHandler)
    TIM17_IRQHandler                         0x08000c91   Thumb Code    30  led.o(i.TIM17_IRQHandler)
    TIM_ARRPreloadConfig                     0x08000cb5   Thumb Code    18  stm32f0xx_tim.o(i.TIM_ARRPreloadConfig)
    TIM_ClearITPendingBit                    0x08000cc7   Thumb Code     6  stm32f0xx_tim.o(i.TIM_ClearITPendingBit)
    TIM_Cmd                                  0x08000ccd   Thumb Code    20  stm32f0xx_tim.o(i.TIM_Cmd)
    TIM_GetCapture1                          0x08000ce1   Thumb Code     4  stm32f0xx_tim.o(i.TIM_GetCapture1)
    TIM_GetITStatus                          0x08000ce5   Thumb Code    24  stm32f0xx_tim.o(i.TIM_GetITStatus)
    TIM_ICInit                               0x08000cfd   Thumb Code   162  stm32f0xx_tim.o(i.TIM_ICInit)
    TIM_ITConfig                             0x08000db5   Thumb Code    16  stm32f0xx_tim.o(i.TIM_ITConfig)
    TIM_SetCounter                           0x08000dc5   Thumb Code     4  stm32f0xx_tim.o(i.TIM_SetCounter)
    TIM_SetIC1Prescaler                      0x08000dc9   Thumb Code    16  stm32f0xx_tim.o(i.TIM_SetIC1Prescaler)
    TIM_SetIC2Prescaler                      0x08000dd9   Thumb Code    18  stm32f0xx_tim.o(i.TIM_SetIC2Prescaler)
    TIM_SetIC3Prescaler                      0x08000df1   Thumb Code    16  stm32f0xx_tim.o(i.TIM_SetIC3Prescaler)
    TIM_SetIC4Prescaler                      0x08000e01   Thumb Code    18  stm32f0xx_tim.o(i.TIM_SetIC4Prescaler)
    TIM_TimeBaseInit                         0x08000e19   Thumb Code    88  stm32f0xx_tim.o(i.TIM_TimeBaseInit)
    USART1_IRQHandler                        0x08000e8d   Thumb Code    58  mbport.o(i.USART1_IRQHandler)
    USART_ClearFlag                          0x08000ed5   Thumb Code     4  stm32f0xx_usart.o(i.USART_ClearFlag)
    USART_ClearITPendingBit                  0x08000ed9   Thumb Code    10  stm32f0xx_usart.o(i.USART_ClearITPendingBit)
    USART_Cmd                                0x08000ee3   Thumb Code    20  stm32f0xx_usart.o(i.USART_Cmd)
    USART_GetFlagStatus                      0x08000ef7   Thumb Code    14  stm32f0xx_usart.o(i.USART_GetFlagStatus)
    USART_GetITStatus                        0x08000f05   Thumb Code    56  stm32f0xx_usart.o(i.USART_GetITStatus)
    USART_ITConfig                           0x08000f3d   Thumb Code    42  stm32f0xx_usart.o(i.USART_ITConfig)
    USART_Init                               0x08000f69   Thumb Code   148  stm32f0xx_usart.o(i.USART_Init)
    USART_ReceiveData                        0x08001011   Thumb Code     8  stm32f0xx_usart.o(i.USART_ReceiveData)
    USART_SendData                           0x08001019   Thumb Code     8  stm32f0xx_usart.o(i.USART_SendData)
    adcDataProcess                           0x08001021   Thumb Code    82  adc.o(i.adcDataProcess)
    adc_GPIO_cfg                             0x0800107d   Thumb Code    28  adc.o(i.adc_GPIO_cfg)
    getCRC16                                 0x0800109d   Thumb Code    42  mbcrc.o(i.getCRC16)
    getInfrafedData                          0x080010cd   Thumb Code    20  infrared_rcv.o(i.getInfrafedData)
    infraredProcess                          0x080010e5   Thumb Code   186  infrared_rcv.o(i.infraredProcess)
    infrared_GPIO_cfg                        0x080011a5   Thumb Code    44  infrared_rcv.o(i.infrared_GPIO_cfg)
    infrared_TIM14_cfg                       0x080011d5   Thumb Code    78  infrared_rcv.o(i.infrared_TIM14_cfg)
    led_GPIO_cfg                             0x08001235   Thumb Code    34  led.o(i.led_GPIO_cfg)
    led_TIM17_cfg                            0x0800125d   Thumb Code    56  led.o(i.led_TIM17_cfg)
    led_tog                                  0x080012a5   Thumb Code    34  led.o(i.led_tog)
    main                                     0x080012d1   Thumb Code    96  user.o(i.main)
    mbRcvComplete                            0x0800133d   Thumb Code     8  mb.o(i.mbRcvComplete)
    mbRcvProcess                             0x08001349   Thumb Code    26  mb.o(i.mbRcvProcess)
    mbRegHolding                             0x0800136d   Thumb Code    90  user.o(i.mbRegHolding)
    mb_SendData                              0x080013d1   Thumb Code    66  mbport.o(i.mb_SendData)
    mb_Service                               0x0800141d   Thumb Code   208  mb.o(i.mb_Service)
    mb_TIM16_cfg                             0x080014f9   Thumb Code    48  mbport.o(i.mb_TIM16_cfg)
    mb_USART_cfg                             0x08001535   Thumb Code    62  mbport.o(i.mb_USART_cfg)
    mb_receiveData                           0x08001581   Thumb Code    14  mbport.o(i.mb_receiveData)
    setMBAddr                                0x08001595   Thumb Code     6  mb.o(i.setMBAddr)
    usart1_GPIO_cfg                          0x080015a1   Thumb Code    54  mbport.o(i.usart1_GPIO_cfg)
    Region$$Table$$Base                      0x080017dc   Number         0  anon$$obj.o(Region$$Table)
    Region$$Table$$Limit                     0x080017fc   Number         0  anon$$obj.o(Region$$Table)
    startRegAddr                             0x20000006   Data           2  mb.o(.data)
    RegNum                                   0x20000008   Data           2  mb.o(.data)
    calCRC                                   0x2000000a   Data           2  mb.o(.data)
    tmpInfraredAddr                          0x20000030   Data           1  infrared_rcv.o(.data)
    tmpInfraredAddrh                         0x20000031   Data           1  infrared_rcv.o(.data)
    tmpInfraredData                          0x20000032   Data           1  infrared_rcv.o(.data)
    tmpInfraredDatab                         0x20000033   Data           1  infrared_rcv.o(.data)
    dataFlag                                 0x20000034   Data           1  infrared_rcv.o(.data)
    rcvBitNum                                0x20000035   Data           1  infrared_rcv.o(.data)
    rcvBit                                   0x20000036   Data           1  infrared_rcv.o(.data)
    captureTime                              0x20000038   Data           2  infrared_rcv.o(.data)
    IC3ReadValue1                            0x2000003a   Data           2  infrared_rcv.o(.data)
    IC3ReadValue2                            0x2000003c   Data           2  infrared_rcv.o(.data)
    captureNumber                            0x2000003e   Data           2  infrared_rcv.o(.data)
    GPIO_InitStructure                       0x20000040   Data           8  infrared_rcv.o(.data)
    TIM_TimeBaseStructure                    0x200008ec   Data          12  infrared_rcv.o(.bss)
    __libspace_start                         0x20000904   Data          96  libspace.o(.bss)
    __temporary_stack_top$libspace           0x20000964   Data           0  libspace.o(.bss)



==============================================================================

Memory Map of the image

  Image Entry point : 0x08000159

  Load Region LR_1 (Base: 0x08000000, Size: 0x00001860, Max: 0xffffffff, ABSOLUTE)

    Execution Region ER_RO (Base: 0x08000000, Size: 0x000017fc, Max: 0xffffffff, ABSOLUTE)

    Base Addr    Size         Type   Attr      Idx    E Section Name        Object

    0x08000000   0x000000b4   Data   RO            3    RESET               startup_stm32f030.o
    0x080000b4   0x00000008   Code   RO         4069  * !!!main             c_p.l(__main.o)
    0x080000bc   0x0000003c   Code   RO         4238    !!!scatter          c_p.l(__scatter.o)
    0x080000f8   0x0000001a   Code   RO         4240    !!handler_copy      c_p.l(__scatter_copy.o)
    0x08000112   0x00000002   PAD
    0x08000114   0x0000001c   Code   RO         4242    !!handler_zi        c_p.l(__scatter_zi.o)
    0x08000130   0x00000002   Code   RO         4107    .ARM.Collect$$libinit$$00000000  c_p.l(libinit.o)
    0x08000132   0x00000000   Code   RO         4121    .ARM.Collect$$libinit$$00000002  c_p.l(libinit2.o)
    0x08000132   0x00000000   Code   RO         4123    .ARM.Collect$$libinit$$00000004  c_p.l(libinit2.o)
    0x08000132   0x00000000   Code   RO         4126    .ARM.Collect$$libinit$$0000000A  c_p.l(libinit2.o)
    0x08000132   0x00000000   Code   RO         4128    .ARM.Collect$$libinit$$0000000C  c_p.l(libinit2.o)
    0x08000132   0x00000000   Code   RO         4130    .ARM.Collect$$libinit$$0000000E  c_p.l(libinit2.o)
    0x08000132   0x00000000   Code   RO         4133    .ARM.Collect$$libinit$$00000011  c_p.l(libinit2.o)
    0x08000132   0x00000000   Code   RO         4135    .ARM.Collect$$libinit$$00000013  c_p.l(libinit2.o)
    0x08000132   0x00000000   Code   RO         4137    .ARM.Collect$$libinit$$00000015  c_p.l(libinit2.o)
    0x08000132   0x00000000   Code   RO         4139    .ARM.Collect$$libinit$$00000017  c_p.l(libinit2.o)
    0x08000132   0x00000000   Code   RO         4141    .ARM.Collect$$libinit$$00000019  c_p.l(libinit2.o)
    0x08000132   0x00000000   Code   RO         4143    .ARM.Collect$$libinit$$0000001B  c_p.l(libinit2.o)
    0x08000132   0x00000000   Code   RO         4145    .ARM.Collect$$libinit$$0000001D  c_p.l(libinit2.o)
    0x08000132   0x00000000   Code   RO         4147    .ARM.Collect$$libinit$$0000001F  c_p.l(libinit2.o)
    0x08000132   0x00000000   Code   RO         4149    .ARM.Collect$$libinit$$00000021  c_p.l(libinit2.o)
    0x08000132   0x00000000   Code   RO         4151    .ARM.Collect$$libinit$$00000023  c_p.l(libinit2.o)
    0x08000132   0x00000000   Code   RO         4153    .ARM.Collect$$libinit$$00000025  c_p.l(libinit2.o)
    0x08000132   0x00000000   Code   RO         4157    .ARM.Collect$$libinit$$0000002C  c_p.l(libinit2.o)
    0x08000132   0x00000000   Code   RO         4159    .ARM.Collect$$libinit$$0000002E  c_p.l(libinit2.o)
    0x08000132   0x00000000   Code   RO         4161    .ARM.Collect$$libinit$$00000030  c_p.l(libinit2.o)
    0x08000132   0x00000000   Code   RO         4163    .ARM.Collect$$libinit$$00000032  c_p.l(libinit2.o)
    0x08000132   0x00000002   Code   RO         4164    .ARM.Collect$$libinit$$00000033  c_p.l(libinit2.o)
    0x08000134   0x00000002   Code   RO         4195    .ARM.Collect$$libshutdown$$00000000  c_p.l(libshutdown.o)
    0x08000136   0x00000000   Code   RO         4221    .ARM.Collect$$libshutdown$$00000002  c_p.l(libshutdown2.o)
    0x08000136   0x00000000   Code   RO         4223    .ARM.Collect$$libshutdown$$00000004  c_p.l(libshutdown2.o)
    0x08000136   0x00000000   Code   RO         4226    .ARM.Collect$$libshutdown$$00000007  c_p.l(libshutdown2.o)
    0x08000136   0x00000000   Code   RO         4229    .ARM.Collect$$libshutdown$$0000000A  c_p.l(libshutdown2.o)
    0x08000136   0x00000000   Code   RO         4231    .ARM.Collect$$libshutdown$$0000000C  c_p.l(libshutdown2.o)
    0x08000136   0x00000000   Code   RO         4234    .ARM.Collect$$libshutdown$$0000000F  c_p.l(libshutdown2.o)
    0x08000136   0x00000002   Code   RO         4235    .ARM.Collect$$libshutdown$$00000010  c_p.l(libshutdown2.o)
    0x08000138   0x00000000   Code   RO         4071    .ARM.Collect$$rtentry$$00000000  c_p.l(__rtentry.o)
    0x08000138   0x00000000   Code   RO         4077    .ARM.Collect$$rtentry$$00000002  c_p.l(__rtentry2.o)
    0x08000138   0x00000006   Code   RO         4089    .ARM.Collect$$rtentry$$00000004  c_p.l(__rtentry4.o)
    0x0800013e   0x00000000   Code   RO         4079    .ARM.Collect$$rtentry$$00000009  c_p.l(__rtentry2.o)
    0x0800013e   0x00000004   Code   RO         4080    .ARM.Collect$$rtentry$$0000000A  c_p.l(__rtentry2.o)
    0x08000142   0x00000000   Code   RO         4082    .ARM.Collect$$rtentry$$0000000C  c_p.l(__rtentry2.o)
    0x08000142   0x00000008   Code   RO         4083    .ARM.Collect$$rtentry$$0000000D  c_p.l(__rtentry2.o)
    0x0800014a   0x00000002   Code   RO         4112    .ARM.Collect$$rtexit$$00000000  c_p.l(rtexit.o)
    0x0800014c   0x00000000   Code   RO         4168    .ARM.Collect$$rtexit$$00000002  c_p.l(rtexit2.o)
    0x0800014c   0x00000004   Code   RO         4169    .ARM.Collect$$rtexit$$00000003  c_p.l(rtexit2.o)
    0x08000150   0x00000006   Code   RO         4170    .ARM.Collect$$rtexit$$00000004  c_p.l(rtexit2.o)
    0x08000156   0x00000002   PAD
    0x08000158   0x00000074   Code   RO            4  * .text               startup_stm32f030.o
    0x080001cc   0x0000015a   Code   RO         4063    .text               c_p.l(aeabi_sdiv.o)
    0x08000326   0x00000006   Code   RO         4067    .text               c_p.l(heapauxi.o)
    0x0800032c   0x0000003e   Code   RO         4093    .text               c_p.l(sys_stackheap_outer.o)
    0x0800036a   0x00000010   Code   RO         4096    .text               c_p.l(exit.o)
    0x0800037a   0x00000002   PAD
    0x0800037c   0x00000008   Code   RO         4108    .text               c_p.l(libspace.o)
    0x08000384   0x0000000c   Code   RO         4165    .text               c_p.l(sys_exit.o)
    0x08000390   0x00000002   Code   RO         4184    .text               c_p.l(use_no_semi.o)
    0x08000392   0x00000000   Code   RO         4186    .text               c_p.l(indicate_semi.o)
    0x08000392   0x00000002   Code   RO          303    i.ADC1_IRQHandler   adc.o
    0x08000394   0x0000000a   Code   RO          456    i.ADC_ChannelConfig  stm32f0xx_adc.o
    0x0800039e   0x00000004   Code   RO          459    i.ADC_ClockModeConfig  stm32f0xx_adc.o
    0x080003a2   0x00000012   Code   RO          460    i.ADC_Cmd           stm32f0xx_adc.o
    0x080003b4   0x00000014   Code   RO          462    i.ADC_DMACmd        stm32f0xx_adc.o
    0x080003c8   0x00000010   Code   RO          463    i.ADC_DMARequestModeConfig  stm32f0xx_adc.o
    0x080003d8   0x0000002e   Code   RO          466    i.ADC_GetCalibrationFactor  stm32f0xx_adc.o
    0x08000406   0x0000001c   Code   RO          468    i.ADC_GetFlagStatus  stm32f0xx_adc.o
    0x08000422   0x00000002   PAD
    0x08000424   0x0000002c   Code   RO          471    i.ADC_Init          stm32f0xx_adc.o
    0x08000450   0x0000000a   Code   RO          474    i.ADC_StartOfConversion  stm32f0xx_adc.o
    0x0800045a   0x00000002   PAD
    0x0800045c   0x0000001c   Code   RO          477    i.ADC_TempSensorCmd  stm32f0xx_adc.o
    0x08000478   0x0000001c   Code   RO          479    i.ADC_VrefintCmd    stm32f0xx_adc.o
    0x08000494   0x00000070   Code   RO          304    i.ADC_cfg           adc.o
    0x08000504   0x00000020   Code   RO          305    i.DMA1_Channel1_IRQHandler  adc.o
    0x08000524   0x00000018   Code   RO         1403    i.DMA_ClearITPendingBit  stm32f0xx_dma.o
    0x0800053c   0x00000018   Code   RO         1404    i.DMA_Cmd           stm32f0xx_dma.o
    0x08000554   0x00000020   Code   RO         1407    i.DMA_GetFlagStatus  stm32f0xx_dma.o
    0x08000574   0x00000010   Code   RO         1409    i.DMA_ITConfig      stm32f0xx_dma.o
    0x08000584   0x0000003c   Code   RO         1410    i.DMA_Init          stm32f0xx_dma.o
    0x080005c0   0x0000005c   Code   RO          306    i.DMA_cfg           adc.o
    0x0800061c   0x00000070   Code   RO         1750    i.GPIO_Init         stm32f0xx_gpio.o
    0x0800068c   0x00000020   Code   RO         1751    i.GPIO_PinAFConfig  stm32f0xx_gpio.o
    0x080006ac   0x00000004   Code   RO         1757    i.GPIO_ResetBits    stm32f0xx_gpio.o
    0x080006b0   0x00000004   Code   RO         1758    i.GPIO_SetBits      stm32f0xx_gpio.o
    0x080006b4   0x00000084   Code   RO           12    i.Modbus_03_Solve   mb.o
    0x08000738   0x0000007c   Code   RO           14    i.Modbus_06_Solve   mb.o
    0x080007b4   0x00000088   Code   RO           16    i.Modbus_16_Solve   mb.o
    0x0800083c   0x00000050   Code   RO         2166    i.NVIC_Init         stm32f0xx_misc.o
    0x0800088c   0x0000005c   Code   RO          275    i.NVIC_cfg          user_init.o
    0x080008e8   0x00000018   Code   RO         2273    i.RCC_AHBPeriphClockCmd  stm32f0xx_rcc.o
    0x08000900   0x00000018   Code   RO         2275    i.RCC_APB1PeriphClockCmd  stm32f0xx_rcc.o
    0x08000918   0x00000018   Code   RO         2277    i.RCC_APB2PeriphClockCmd  stm32f0xx_rcc.o
    0x08000930   0x00000178   Code   RO         2287    i.RCC_GetClocksFreq  stm32f0xx_rcc.o
    0x08000aa8   0x00000014   Code   RO         2291    i.RCC_HCLKConfig    stm32f0xx_rcc.o
    0x08000abc   0x00000010   Code   RO         2292    i.RCC_HSEConfig     stm32f0xx_rcc.o
    0x08000acc   0x00000014   Code   RO         2303    i.RCC_PCLKConfig    stm32f0xx_rcc.o
    0x08000ae0   0x0000001c   Code   RO         2304    i.RCC_PLLCmd        stm32f0xx_rcc.o
    0x08000afc   0x0000001c   Code   RO         2305    i.RCC_PLLConfig     stm32f0xx_rcc.o
    0x08000b18   0x00000014   Code   RO         2309    i.RCC_SYSCLKConfig  stm32f0xx_rcc.o
    0x08000b2c   0x00000050   Code   RO          276    i.RCC_cfg           user_init.o
    0x08000b7c   0x00000002   Code   RO          238    i.SystemInit        user.o
    0x08000b7e   0x00000028   Code   RO         3138    i.TI1_Config        stm32f0xx_tim.o
    0x08000ba6   0x00000002   PAD
    0x08000ba8   0x00000030   Code   RO         3139    i.TI2_Config        stm32f0xx_tim.o
    0x08000bd8   0x0000008c   Code   RO          362    i.TIM14_IRQHandler  infrared_rcv.o
    0x08000c64   0x0000002c   Code   RO          109    i.TIM16_IRQHandler  mbport.o
    0x08000c90   0x00000024   Code   RO          410    i.TIM17_IRQHandler  led.o
    0x08000cb4   0x00000012   Code   RO         3140    i.TIM_ARRPreloadConfig  stm32f0xx_tim.o
    0x08000cc6   0x00000006   Code   RO         3147    i.TIM_ClearITPendingBit  stm32f0xx_tim.o
    0x08000ccc   0x00000014   Code   RO         3152    i.TIM_Cmd           stm32f0xx_tim.o
    0x08000ce0   0x00000004   Code   RO         3167    i.TIM_GetCapture1   stm32f0xx_tim.o
    0x08000ce4   0x00000018   Code   RO         3173    i.TIM_GetITStatus   stm32f0xx_tim.o
    0x08000cfc   0x000000b8   Code   RO         3175    i.TIM_ICInit        stm32f0xx_tim.o
    0x08000db4   0x00000010   Code   RO         3177    i.TIM_ITConfig      stm32f0xx_tim.o
    0x08000dc4   0x00000004   Code   RO         3219    i.TIM_SetCounter    stm32f0xx_tim.o
    0x08000dc8   0x00000010   Code   RO         3220    i.TIM_SetIC1Prescaler  stm32f0xx_tim.o
    0x08000dd8   0x00000018   Code   RO         3221    i.TIM_SetIC2Prescaler  stm32f0xx_tim.o
    0x08000df0   0x00000010   Code   RO         3222    i.TIM_SetIC3Prescaler  stm32f0xx_tim.o
    0x08000e00   0x00000018   Code   RO         3223    i.TIM_SetIC4Prescaler  stm32f0xx_tim.o
    0x08000e18   0x00000074   Code   RO         3225    i.TIM_TimeBaseInit  stm32f0xx_tim.o
    0x08000e8c   0x00000048   Code   RO          110    i.USART1_IRQHandler  mbport.o
    0x08000ed4   0x00000004   Code   RO         3694    i.USART_ClearFlag   stm32f0xx_usart.o
    0x08000ed8   0x0000000a   Code   RO         3695    i.USART_ClearITPendingBit  stm32f0xx_usart.o
    0x08000ee2   0x00000014   Code   RO         3698    i.USART_Cmd         stm32f0xx_usart.o
    0x08000ef6   0x0000000e   Code   RO         3706    i.USART_GetFlagStatus  stm32f0xx_usart.o
    0x08000f04   0x00000038   Code   RO         3707    i.USART_GetITStatus  stm32f0xx_usart.o
    0x08000f3c   0x0000002a   Code   RO         3709    i.USART_ITConfig    stm32f0xx_usart.o
    0x08000f66   0x00000002   PAD
    0x08000f68   0x000000a8   Code   RO         3710    i.USART_Init        stm32f0xx_usart.o
    0x08001010   0x00000008   Code   RO         3722    i.USART_ReceiveData  stm32f0xx_usart.o
    0x08001018   0x00000008   Code   RO         3727    i.USART_SendData    stm32f0xx_usart.o
    0x08001020   0x0000005c   Code   RO          307    i.adcDataProcess    adc.o
    0x0800107c   0x00000020   Code   RO          308    i.adc_GPIO_cfg      adc.o
    0x0800109c   0x00000030   Code   RO           93    i.getCRC16          mbcrc.o
    0x080010cc   0x00000018   Code   RO          363    i.getInfrafedData   infrared_rcv.o
    0x080010e4   0x000000c0   Code   RO          364    i.infraredProcess   infrared_rcv.o
    0x080011a4   0x00000030   Code   RO          365    i.infrared_GPIO_cfg  infrared_rcv.o
    0x080011d4   0x00000060   Code   RO          366    i.infrared_TIM14_cfg  infrared_rcv.o
    0x08001234   0x00000028   Code   RO          411    i.led_GPIO_cfg      led.o
    0x0800125c   0x00000048   Code   RO          412    i.led_TIM17_cfg     led.o
    0x080012a4   0x0000002c   Code   RO          413    i.led_tog           led.o
    0x080012d0   0x0000006c   Code   RO          239    i.main              user.o
    0x0800133c   0x0000000c   Code   RO           17    i.mbRcvComplete     mb.o
    0x08001348   0x00000024   Code   RO           18    i.mbRcvProcess      mb.o
    0x0800136c   0x00000064   Code   RO          240    i.mbRegHolding      user.o
    0x080013d0   0x0000004c   Code   RO          111    i.mb_SendData       mbport.o
    0x0800141c   0x000000dc   Code   RO           19    i.mb_Service        mb.o
    0x080014f8   0x0000003c   Code   RO          112    i.mb_TIM16_cfg      mbport.o
    0x08001534   0x0000004c   Code   RO          113    i.mb_USART_cfg      mbport.o
    0x08001580   0x00000014   Code   RO          114    i.mb_receiveData    mbport.o
    0x08001594   0x0000000c   Code   RO           20    i.setMBAddr         mb.o
    0x080015a0   0x0000003c   Code   RO          115    i.usart1_GPIO_cfg   mbport.o
    0x080015dc   0x00000200   Data   RO           94    .constdata          mbcrc.o
    0x080017dc   0x00000020   Data   RO         4236    Region$$Table       anon$$obj.o


    Execution Region ER_RW (Base: 0x20000000, Size: 0x00000064, Max: 0xffffffff, ABSOLUTE)

    Base Addr    Size         Type   Attr      Idx    E Section Name        Object

    0x20000000   0x0000000c   Data   RW           22    .data               mb.o
    0x2000000c   0x0000000c   Data   RW          117    .data               mbport.o
    0x20000018   0x00000002   Data   RW          243    .data               user.o
    0x2000001a   0x00000003   Data   RW          277    .data               user_init.o
    0x2000001d   0x00000003   PAD
    0x20000020   0x0000000c   Data   RW          311    .data               adc.o
    0x2000002c   0x0000001c   Data   RW          368    .data               infrared_rcv.o
    0x20000048   0x0000000c   Data   RW          415    .data               led.o
    0x20000054   0x00000010   Data   RW         2313    .data               stm32f0xx_rcc.o


    Execution Region ER_ZI (Base: 0x20000064, Size: 0x00000f04, Max: 0xffffffff, ABSOLUTE)

    Base Addr    Size         Type   Attr      Idx    E Section Name        Object

    0x20000064   0x00000200   Zero   RW           21    .bss                mb.o
    0x20000264   0x00000024   Zero   RW          116    .bss                mbport.o
    0x20000288   0x00000020   Zero   RW          241    .bss                user.o
    0x200002a8   0x00000644   Zero   RW          310    .bss                adc.o
    0x200008ec   0x0000000c   Zero   RW          367    .bss                infrared_rcv.o
    0x200008f8   0x0000000c   Zero   RW          414    .bss                led.o
    0x20000904   0x00000060   Zero   RW         4109    .bss                c_p.l(libspace.o)
    0x20000964   0x00000004   PAD
    0x20000968   0x00000200   Zero   RW            2    HEAP                startup_stm32f030.o
    0x20000b68   0x00000400   Zero   RW            1    STACK               startup_stm32f030.o


==============================================================================

Image component sizes


      Code (inc. data)   RO Data    RW Data    ZI Data      Debug   Object Name

       362         50          0         12       1604       3410   adc.o
       500         40          0         28         12       3565   infrared_rcv.o
       192         38          0         12         12       1792   led.o
       672         68          0         12        512       8905   mb.o
        48          6        512          0          0       1047   mbcrc.o
       408         68          0         12         36     248130   mbport.o
       116         56        180          0       1536        800   startup_stm32f030.o
       252         18          0          0          0     174355   stm32f0xx_adc.o
       156         26          0          0          0       4904   stm32f0xx_dma.o
       152          0          0          0          0       3143   stm32f0xx_gpio.o
        80         10          0          0          0       1112   stm32f0xx_misc.o
       580         80          0         16          0       7456   stm32f0xx_rcc.o
       560         68          0          0          0      11604   stm32f0xx_tim.o
       330         20          0          0          0       7253   stm32f0xx_usart.o
       210         22          0          2         32       2167   user.o
       172         16          0          3          0       1033   user_init.o

    ----------------------------------------------------------------------
      4798        586        724        100       3744     480676   Object Totals
         0          0         32          0          0          0   (incl. Generated)
         8          0          0          3          0          0   (incl. Padding)

    ----------------------------------------------------------------------

      Code (inc. data)   RO Data    RW Data    ZI Data      Debug   Library Member Name

         8          0          0          0          0         68   __main.o
         0          0          0          0          0          0   __rtentry.o
        12          0          0          0          0          0   __rtentry2.o
         6          0          0          0          0          0   __rtentry4.o
        60          8          0          0          0          0   __scatter.o
        26          0          0          0          0          0   __scatter_copy.o
        28          0          0          0          0          0   __scatter_zi.o
       346          0          0          0          0         92   aeabi_sdiv.o
        16          0          0          0          0         68   exit.o
         6          0          0          0          0        136   heapauxi.o
         0          0          0          0          0          0   indicate_semi.o
         2          0          0          0          0          0   libinit.o
         2          0          0          0          0          0   libinit2.o
         2          0          0          0          0          0   libshutdown.o
         2          0          0          0          0          0   libshutdown2.o
         8          4          0          0         96         68   libspace.o
         2          0          0          0          0          0   rtexit.o
        10          0          0          0          0          0   rtexit2.o
        12          4          0          0          0         60   sys_exit.o
        62          0          0          0          0         80   sys_stackheap_outer.o
         2          0          0          0          0         68   use_no_semi.o

    ----------------------------------------------------------------------
       618         16          0          0        100        640   Library Totals
         6          0          0          0          4          0   (incl. Padding)

    ----------------------------------------------------------------------

      Code (inc. data)   RO Data    RW Data    ZI Data      Debug   Library Name

       612         16          0          0         96        640   c_p.l

    ----------------------------------------------------------------------
       618         16          0          0        100        640   Library Totals

    ----------------------------------------------------------------------

==============================================================================


      Code (inc. data)   RO Data    RW Data    ZI Data      Debug   

      5416        602        724        100       3844     477388   Grand Totals
      5416        602        724        100       3844     477388   ELF Image Totals
      5416        602        724        100          0          0   ROM Totals

==============================================================================

    Total RO  Size (Code + RO Data)                 6140 (   6.00kB)
    Total RW  Size (RW Data + ZI Data)              3944 (   3.85kB)
    Total ROM Size (Code + RO Data + RW Data)       6240 (   6.09kB)

==============================================================================

