Component: ARM Compiler 5.06 update 1 (build 61) Tool: armlink [4d35a8]

==============================================================================

Section Cross References

    startup_stm32f030.o(STACK) refers (Special) to heapauxi.o(.text) for __use_two_region_memory
    startup_stm32f030.o(HEAP) refers (Special) to heapauxi.o(.text) for __use_two_region_memory
    startup_stm32f030.o(RESET) refers (Special) to heapauxi.o(.text) for __use_two_region_memory
    startup_stm32f030.o(RESET) refers to startup_stm32f030.o(STACK) for __initial_sp
    startup_stm32f030.o(RESET) refers to startup_stm32f030.o(.text) for Reset_Handler
    startup_stm32f030.o(RESET) refers to adc.o(i.DMA1_Channel1_IRQHandler) for DMA1_Channel1_IRQHandler
    startup_stm32f030.o(RESET) refers to adc.o(i.ADC1_IRQHandler) for ADC1_IRQHandler
    startup_stm32f030.o(RESET) refers to metronome.o(i.TIM17_IRQHandler) for TIM17_IRQHandler
    startup_stm32f030.o(RESET) refers to i2c_slave.o(i.I2C1_IRQHandler) for I2C1_IRQHandler
    startup_stm32f030.o(.text) refers (Special) to heapauxi.o(.text) for __use_two_region_memory
    startup_stm32f030.o(.text) refers to startup_stm32f030.o(STACK) for __initial_sp
    startup_stm32f030.o(.text) refers to user.o(i.SystemInit) for SystemInit
    startup_stm32f030.o(.text) refers to __main.o(!!!main) for __main
    startup_stm32f030.o(.text) refers to startup_stm32f030.o(HEAP) for Heap_Mem
    user.o(i.i2cRegUpdate) refers to user.o(.data) for .data
    user.o(i.i2cRegUpdate) refers to user.o(.bss) for .bss
    user.o(i.main) refers to user_init.o(i.RCC_cfg) for RCC_cfg
    user.o(i.main) refers to user_init.o(i.NVIC_cfg) for NVIC_cfg
    user.o(i.main) refers to adc.o(i.adc_GPIO_cfg) for adc_GPIO_cfg
    user.o(i.main) refers to adc.o(i.ADC_cfg) for ADC_cfg
    user.o(i.main) refers to adc.o(i.DMA_cfg) for DMA_cfg
    user.o(i.main) refers to i2c_slave.o(i.i2c1_GPIO_cfg) for i2c1_GPIO_cfg
    user.o(i.main) refers to i2c_slave.o(i.i2c1_cfg) for i2c1_cfg
    user.o(i.main) refers to metronome.o(i.mtn_TIM17_cfg) for mtn_TIM17_cfg
    user.o(i.main) refers to stm32f0xx_adc.o(i.ADC_StartOfConversion) for ADC_StartOfConversion
    user.o(i.main) refers to eeprom_emulation.o(i.rd_coff) for rd_coff
    user.o(i.main) refers to eeprom_emulation.o(i.wr_coff) for wr_coff
    user.o(i.main) refers to metronome.o(i.time2tell) for time2tell
    user.o(i.main) refers to adc.o(i.adcDataProcess) for adcDataProcess
    user.o(i.main) refers to adc.o(i.solve2f) for solve2f
    user.o(i.main) refers to user.o(.bss) for .bss
    user.o(i.main) refers to user.o(.data) for .data
    user_init.o(i.NVIC_cfg) refers to stm32f0xx_misc.o(i.NVIC_Init) for NVIC_Init
    user_init.o(i.NVIC_cfg) refers to user_init.o(.data) for .data
    user_init.o(i.RCC_cfg) refers to stm32f0xx_rcc.o(i.RCC_HSEConfig) for RCC_HSEConfig
    user_init.o(i.RCC_cfg) refers to stm32f0xx_rcc.o(i.RCC_PLLCmd) for RCC_PLLCmd
    user_init.o(i.RCC_cfg) refers to stm32f0xx_rcc.o(i.RCC_SYSCLKConfig) for RCC_SYSCLKConfig
    user_init.o(i.RCC_cfg) refers to stm32f0xx_rcc.o(i.RCC_HCLKConfig) for RCC_HCLKConfig
    user_init.o(i.RCC_cfg) refers to stm32f0xx_rcc.o(i.RCC_PCLKConfig) for RCC_PCLKConfig
    user_init.o(i.RCC_cfg) refers to stm32f0xx_rcc.o(i.RCC_APB1PeriphClockCmd) for RCC_APB1PeriphClockCmd
    user_init.o(i.RCC_cfg) refers to stm32f0xx_rcc.o(i.RCC_APB2PeriphClockCmd) for RCC_APB2PeriphClockCmd
    user_init.o(i.RCC_cfg) refers to stm32f0xx_rcc.o(i.RCC_AHBPeriphClockCmd) for RCC_AHBPeriphClockCmd
    adc.o(i.ADC_cfg) refers to stm32f0xx_adc.o(i.ADC_Init) for ADC_Init
    adc.o(i.ADC_cfg) refers to stm32f0xx_adc.o(i.ADC_ClockModeConfig) for ADC_ClockModeConfig
    adc.o(i.ADC_cfg) refers to stm32f0xx_adc.o(i.ADC_ChannelConfig) for ADC_ChannelConfig
    adc.o(i.ADC_cfg) refers to stm32f0xx_adc.o(i.ADC_TempSensorCmd) for ADC_TempSensorCmd
    adc.o(i.ADC_cfg) refers to stm32f0xx_adc.o(i.ADC_VrefintCmd) for ADC_VrefintCmd
    adc.o(i.ADC_cfg) refers to stm32f0xx_adc.o(i.ADC_GetCalibrationFactor) for ADC_GetCalibrationFactor
    adc.o(i.ADC_cfg) refers to stm32f0xx_adc.o(i.ADC_DMARequestModeConfig) for ADC_DMARequestModeConfig
    adc.o(i.ADC_cfg) refers to stm32f0xx_adc.o(i.ADC_DMACmd) for ADC_DMACmd
    adc.o(i.ADC_cfg) refers to stm32f0xx_adc.o(i.ADC_Cmd) for ADC_Cmd
    adc.o(i.ADC_cfg) refers to stm32f0xx_adc.o(i.ADC_GetFlagStatus) for ADC_GetFlagStatus
    adc.o(i.ADC_cfg) refers to adc.o(.bss) for .bss
    adc.o(i.DMA1_Channel1_IRQHandler) refers to stm32f0xx_dma.o(i.DMA_GetFlagStatus) for DMA_GetFlagStatus
    adc.o(i.DMA1_Channel1_IRQHandler) refers to stm32f0xx_dma.o(i.DMA_ClearITPendingBit) for DMA_ClearITPendingBit
    adc.o(i.DMA1_Channel1_IRQHandler) refers to adc.o(.data) for .data
    adc.o(i.DMA_cfg) refers to stm32f0xx_dma.o(i.DMA_Init) for DMA_Init
    adc.o(i.DMA_cfg) refers to stm32f0xx_dma.o(i.DMA_ITConfig) for DMA_ITConfig
    adc.o(i.DMA_cfg) refers to stm32f0xx_dma.o(i.DMA_Cmd) for DMA_Cmd
[...]
    Removing stm32f0xx_spi.o(i.SPI_BiDirectionalLineConfig), (28 bytes).
    Removing stm32f0xx_spi.o(i.SPI_CRCLengthConfig), (20 bytes).
    Removing stm32f0xx_spi.o(i.SPI_CalculateCRC), (28 bytes).
    Removing stm32f0xx_spi.o(i.SPI_Cmd), (18 bytes).
    Removing stm32f0xx_spi.o(i.SPI_DataSizeConfig), (16 bytes).
    Removing stm32f0xx_spi.o(i.SPI_GetCRC), (12 bytes).
    Removing stm32f0xx_spi.o(i.SPI_GetCRCPolynomial), (4 bytes).
    Removing stm32f0xx_spi.o(i.SPI_GetReceptionFIFOStatus), (10 bytes).
    Removing stm32f0xx_spi.o(i.SPI_GetTransmissionFIFOStatus), (10 bytes).
    Removing stm32f0xx_spi.o(i.SPI_I2S_ClearFlag), (6 bytes).
    Removing stm32f0xx_spi.o(i.SPI_I2S_DMACmd), (16 bytes).
    Removing stm32f0xx_spi.o(i.SPI_I2S_DeInit), (64 bytes).
    Removing stm32f0xx_spi.o(i.SPI_I2S_GetFlagStatus), (14 bytes).
    Removing stm32f0xx_spi.o(i.SPI_I2S_GetITStatus), (42 bytes).
    Removing stm32f0xx_spi.o(i.SPI_I2S_ITConfig), (24 bytes).
    Removing stm32f0xx_spi.o(i.SPI_I2S_ReceiveData16), (4 bytes).
    Removing stm32f0xx_spi.o(i.SPI_I2S_SendData16), (4 bytes).
    Removing stm32f0xx_spi.o(i.SPI_Init), (84 bytes).
    Removing stm32f0xx_spi.o(i.SPI_LastDMATransferCmd), (20 bytes).
    Removing stm32f0xx_spi.o(i.SPI_NSSInternalSoftwareConfig), (28 bytes).
    Removing stm32f0xx_spi.o(i.SPI_NSSPulseModeCmd), (18 bytes).
    Removing stm32f0xx_spi.o(i.SPI_ReceiveData8), (4 bytes).
    Removing stm32f0xx_spi.o(i.SPI_RxFIFOThresholdConfig), (20 bytes).
    Removing stm32f0xx_spi.o(i.SPI_SSOutputCmd), (18 bytes).
    Removing stm32f0xx_spi.o(i.SPI_SendData8), (4 bytes).
    Removing stm32f0xx_spi.o(i.SPI_StructInit), (28 bytes).
    Removing stm32f0xx_spi.o(i.SPI_TIModeCmd), (18 bytes).
    Removing stm32f0xx_spi.o(i.SPI_TransmitCRC), (12 bytes).
    Removing stm32f0xx_syscfg.o(.rev16_text), (4 bytes).
    Removing stm32f0xx_syscfg.o(.revsh_text), (4 bytes).
    Removing stm32f0xx_syscfg.o(i.SYSCFG_BreakConfig), (16 bytes).
    Removing stm32f0xx_syscfg.o(i.SYSCFG_ClearFlag), (16 bytes).
    Removing stm32f0xx_syscfg.o(i.SYSCFG_DMAChannelRemapConfig), (24 bytes).
    Removing stm32f0xx_syscfg.o(i.SYSCFG_DeInit), (36 bytes).
    Removing stm32f0xx_syscfg.o(i.SYSCFG_EXTILineConfig), (40 bytes).
    Removing stm32f0xx_syscfg.o(i.SYSCFG_GetFlagStatus), (20 bytes).
    Removing stm32f0xx_syscfg.o(i.SYSCFG_GetPendingIT), (24 bytes).
    Removing stm32f0xx_syscfg.o(i.SYSCFG_I2CFastModePlusConfig), (24 bytes).
    Removing stm32f0xx_syscfg.o(i.SYSCFG_IRDAEnvSelection), (24 bytes).
    Removing stm32f0xx_syscfg.o(i.SYSCFG_MemoryRemapConfig), (20 bytes).
    Removing stm32f0xx_tim.o(.rev16_text), (4 bytes).
    Removing stm32f0xx_tim.o(.revsh_text), (4 bytes).
    Removing stm32f0xx_tim.o(i.TI1_Config), (40 bytes).
    Removing stm32f0xx_tim.o(i.TI2_Config), (48 bytes).
    Removing stm32f0xx_tim.o(i.TIM_BDTRConfig), (34 bytes).
    Removing stm32f0xx_tim.o(i.TIM_BDTRStructInit), (18 bytes).
    Removing stm32f0xx_tim.o(i.TIM_CCPreloadControl), (20 bytes).
    Removing stm32f0xx_tim.o(i.TIM_CCxCmd), (22 bytes).
    Removing stm32f0xx_tim.o(i.TIM_CCxNCmd), (22 bytes).
    Removing stm32f0xx_tim.o(i.TIM_ClearFlag), (6 bytes).
    Removing stm32f0xx_tim.o(i.TIM_ClearOC1Ref), (12 bytes).
    Removing stm32f0xx_tim.o(i.TIM_ClearOC2Ref), (14 bytes).
    Removing stm32f0xx_tim.o(i.TIM_ClearOC3Ref), (12 bytes).
    Removing stm32f0xx_tim.o(i.TIM_ClearOC4Ref), (14 bytes).
    Removing stm32f0xx_tim.o(i.TIM_CounterModeConfig), (12 bytes).
    Removing stm32f0xx_tim.o(i.TIM_CtrlPWMOutputs), (24 bytes).
    Removing stm32f0xx_tim.o(i.TIM_DMACmd), (16 bytes).
    Removing stm32f0xx_tim.o(i.TIM_DMAConfig), (8 bytes).
    Removing stm32f0xx_tim.o(i.TIM_DeInit), (204 bytes).
    Removing stm32f0xx_tim.o(i.TIM_ETRClockMode1Config), (28 bytes).
    Removing stm32f0xx_tim.o(i.TIM_ETRClockMode2Config), (20 bytes).
    Removing stm32f0xx_tim.o(i.TIM_ETRConfig), (18 bytes).
    Removing stm32f0xx_tim.o(i.TIM_EncoderInterfaceConfig), (48 bytes).
    Removing stm32f0xx_tim.o(i.TIM_ForcedOC1Config), (12 bytes).
    Removing stm32f0xx_tim.o(i.TIM_ForcedOC2Config), (20 bytes).
    Removing stm32f0xx_tim.o(i.TIM_ForcedOC3Config), (12 bytes).
    Removing stm32f0xx_tim.o(i.TIM_ForcedOC4Config), (20 bytes).
    Removing stm32f0xx_tim.o(i.TIM_GenerateEvent), (4 bytes).
    Removing stm32f0xx_tim.o(i.TIM_GetCapture1), (4 bytes).
    Removing stm32f0xx_tim.o(i.TIM_GetCapture2), (4 bytes).
    Removing stm32f0xx_tim.o(i.TIM_GetCapture3), (4 bytes).
    Removing stm32f0xx_tim.o(i.TIM_GetCapture4), (4 bytes).
    Removing stm32f0xx_tim.o(i.TIM_GetCounter), (4 bytes).
    Removing stm32f0xx_tim.o(i.TIM_GetFlagStatus), (14 bytes).
    Removing stm32f0xx_tim.o(i.TIM_GetPrescaler), (4 bytes).
    Removing stm32f0xx_tim.o(i.TIM_ICInit), (184 bytes).
    Removing stm32f0xx_tim.o(i.TIM_ICStructInit), (16 bytes).
    Removing stm32f0xx_tim.o(i.TIM_ITRxExternalClockConfig), (18 bytes).
    Removing stm32f0xx_tim.o(i.TIM_InternalClockConfig), (10 bytes).
    Removing stm32f0xx_tim.o(i.TIM_OC1FastConfig), (12 bytes).
    Removing stm32f0xx_tim.o(i.TIM_OC1Init), (124 bytes).
    Removing stm32f0xx_tim.o(i.TIM_OC1NPolarityConfig), (12 bytes).
    Removing stm32f0xx_tim.o(i.TIM_OC1PolarityConfig), (12 bytes).
    Removing stm32f0xx_tim.o(i.TIM_OC1PreloadConfig), (12 bytes).
    Removing stm32f0xx_tim.o(i.TIM_OC2FastConfig), (20 bytes).
    Removing stm32f0xx_tim.o(i.TIM_OC2Init), (144 bytes).
    Removing stm32f0xx_tim.o(i.TIM_OC2NPolarityConfig), (14 bytes).
    Removing stm32f0xx_tim.o(i.TIM_OC2PolarityConfig), (14 bytes).
    Removing stm32f0xx_tim.o(i.TIM_OC2PreloadConfig), (20 bytes).
    Removing stm32f0xx_tim.o(i.TIM_OC3FastConfig), (12 bytes).
    Removing stm32f0xx_tim.o(i.TIM_OC3Init), (136 bytes).
    Removing stm32f0xx_tim.o(i.TIM_OC3NPolarityConfig), (20 bytes).
    Removing stm32f0xx_tim.o(i.TIM_OC3PolarityConfig), (20 bytes).
    Removing stm32f0xx_tim.o(i.TIM_OC3PreloadConfig), (12 bytes).
    Removing stm32f0xx_tim.o(i.TIM_OC4FastConfig), (20 bytes).
    Removing stm32f0xx_tim.o(i.TIM_OC4Init), (100 bytes).
    Removing stm32f0xx_tim.o(i.TIM_OC4PolarityConfig), (20 bytes).
    Removing stm32f0xx_tim.o(i.TIM_OC4PreloadConfig), (20 bytes).
    Removing stm32f0xx_tim.o(i.TIM_OCStructInit), (20 bytes).
    Removing stm32f0xx_tim.o(i.TIM_PWMIConfig), (104 bytes).
    Removing stm32f0xx_tim.o(i.TIM_PrescalerConfig), (6 bytes).
    Removing stm32f0xx_tim.o(i.TIM_RemapConfig), (6 bytes).
    Removing stm32f0xx_tim.o(i.TIM_SelectCCDMA), (18 bytes).
    Removing stm32f0xx_tim.o(i.TIM_SelectCOM), (18 bytes).
    Removing stm32f0xx_tim.o(i.TIM_SelectHallSensor), (18 bytes).
    Removing stm32f0xx_tim.o(i.TIM_SelectInputTrigger), (12 bytes).
    Removing stm32f0xx_tim.o(i.TIM_SelectMasterSlaveMode), (16 bytes).
    Removing stm32f0xx_tim.o(i.TIM_SelectOCREFClear), (16 bytes).
    Removing stm32f0xx_tim.o(i.TIM_SelectOCxM), (70 bytes).
    Removing stm32f0xx_tim.o(i.TIM_SelectOnePulseMode), (16 bytes).
    Removing stm32f0xx_tim.o(i.TIM_SelectOutputTrigger), (16 bytes).
    Removing stm32f0xx_tim.o(i.TIM_SelectSlaveMode), (16 bytes).
    Removing stm32f0xx_tim.o(i.TIM_SetAutoreload), (4 bytes).
    Removing stm32f0xx_tim.o(i.TIM_SetClockDivision), (20 bytes).
    Removing stm32f0xx_tim.o(i.TIM_SetCompare1), (4 bytes).
    Removing stm32f0xx_tim.o(i.TIM_SetCompare2), (4 bytes).
    Removing stm32f0xx_tim.o(i.TIM_SetCompare3), (4 bytes).
    Removing stm32f0xx_tim.o(i.TIM_SetCompare4), (4 bytes).
    Removing stm32f0xx_tim.o(i.TIM_SetCounter), (4 bytes).
    Removing stm32f0xx_tim.o(i.TIM_SetIC1Prescaler), (16 bytes).
    Removing stm32f0xx_tim.o(i.TIM_SetIC2Prescaler), (24 bytes).
    Removing stm32f0xx_tim.o(i.TIM_SetIC3Prescaler), (16 bytes).
    Removing stm32f0xx_tim.o(i.TIM_SetIC4Prescaler), (24 bytes).
    Removing stm32f0xx_tim.o(i.TIM_TIxExternalClockConfig), (48 bytes).
    Removing stm32f0xx_tim.o(i.TIM_TimeBaseStructInit), (18 bytes).
    Removing stm32f0xx_tim.o(i.TIM_UpdateDisableConfig), (18 bytes).
    Removing stm32f0xx_tim.o(i.TIM_UpdateRequestConfig), (18 bytes).
    Removing stm32f0xx_usart.o(.rev16_text), (4 bytes).
    Removing stm32f0xx_usart.o(.revsh_text), (4 bytes).
    Removing stm32f0xx_usart.o(i.USART_AddressDetectionConfig), (16 bytes).
    Removing stm32f0xx_usart.o(i.USART_AutoBaudRateCmd), (20 bytes).
    Removing stm32f0xx_usart.o(i.USART_AutoBaudRateConfig), (18 bytes).
    Removing stm32f0xx_usart.o(i.USART_ClearFlag), (4 bytes).
    Removing stm32f0xx_usart.o(i.USART_ClearITPendingBit), (10 bytes).
    Removing stm32f0xx_usart.o(i.USART_ClockInit), (28 bytes).
    Removing stm32f0xx_usart.o(i.USART_ClockStructInit), (12 bytes).
    Removing stm32f0xx_usart.o(i.USART_Cmd), (20 bytes).
    Removing stm32f0xx_usart.o(i.USART_DECmd), (20 bytes).
    Removing stm32f0xx_usart.o(i.USART_DEPolarityConfig), (18 bytes).
    Removing stm32f0xx_usart.o(i.USART_DMACmd), (16 bytes).
    Removing stm32f0xx_usart.o(i.USART_DMAReceptionErrorConfig), (18 bytes).
    Removing stm32f0xx_usart.o(i.USART_DataInvCmd), (20 bytes).
    Removing stm32f0xx_usart.o(i.USART_DeInit), (184 bytes).
    Removing stm32f0xx_usart.o(i.USART_DirectionModeCmd), (16 bytes).
    Removing stm32f0xx_usart.o(i.USART_GetFlagStatus), (14 bytes).
    Removing stm32f0xx_usart.o(i.USART_GetITStatus), (56 bytes).
    Removing stm32f0xx_usart.o(i.USART_HalfDuplexCmd), (18 bytes).
    Removing stm32f0xx_usart.o(i.USART_ITConfig), (42 bytes).
    Removing stm32f0xx_usart.o(i.USART_Init), (168 bytes).
    Removing stm32f0xx_usart.o(i.USART_InvPinCmd), (16 bytes).
    Removing stm32f0xx_usart.o(i.USART_IrDACmd), (18 bytes).
    Removing stm32f0xx_usart.o(i.USART_IrDAConfig), (16 bytes).
    Removing stm32f0xx_usart.o(i.USART_LINBreakDetectLengthConfig), (16 bytes).
    Removing stm32f0xx_usart.o(i.USART_LINCmd), (20 bytes).
    Removing stm32f0xx_usart.o(i.USART_MSBFirstCmd), (20 bytes).
    Removing stm32f0xx_usart.o(i.USART_MuteModeCmd), (20 bytes).
    Removing stm32f0xx_usart.o(i.USART_MuteModeWakeUpConfig), (18 bytes).
    Removing stm32f0xx_usart.o(i.USART_OneBitMethodCmd), (20 bytes).
    Removing stm32f0xx_usart.o(i.USART_OverSampling8Cmd), (20 bytes).
    Removing stm32f0xx_usart.o(i.USART_OverrunDetectionConfig), (18 bytes).
    Removing stm32f0xx_usart.o(i.USART_ReceiveData), (8 bytes).
    Removing stm32f0xx_usart.o(i.USART_ReceiverTimeOutCmd), (20 bytes).
    Removing stm32f0xx_usart.o(i.USART_RequestCmd), (16 bytes).
    Removing stm32f0xx_usart.o(i.USART_STOPModeCmd), (18 bytes).
    Removing stm32f0xx_usart.o(i.USART_SWAPPinCmd), (20 bytes).
    Removing stm32f0xx_usart.o(i.USART_SendData), (8 bytes).
    Removing stm32f0xx_usart.o(i.USART_SetAddress), (18 bytes).
    Removing stm32f0xx_usart.o(i.USART_SetAutoRetryCount), (20 bytes).
    Removing stm32f0xx_usart.o(i.USART_SetBlockLength), (18 bytes).
    Removing stm32f0xx_usart.o(i.USART_SetDEAssertionTime), (20 bytes).
    Removing stm32f0xx_usart.o(i.USART_SetDEDeassertionTime), (20 bytes).
    Removing stm32f0xx_usart.o(i.USART_SetGuardTime), (16 bytes).
    Removing stm32f0xx_usart.o(i.USART_SetPrescaler), (16 bytes).
    Removing stm32f0xx_usart.o(i.USART_SetReceiverTimeOut), (16 bytes).
    Removing stm32f0xx_usart.o(i.USART_SmartCardCmd), (18 bytes).
    Removing stm32f0xx_usart.o(i.USART_SmartCardNACKCmd), (18 bytes).
    Removing stm32f0xx_usart.o(i.USART_StopModeWakeUpSourceConfig), (18 bytes).
    Removing stm32f0xx_usart.o(i.USART_StructInit), (22 bytes).
    Removing stm32f0xx_wwdg.o(.rev16_text), (4 bytes).
    Removing stm32f0xx_wwdg.o(.revsh_text), (4 bytes).
    Removing stm32f0xx_wwdg.o(i.WWDG_ClearFlag), (12 bytes).
    Removing stm32f0xx_wwdg.o(i.WWDG_DeInit), (22 bytes).
    Removing stm32f0xx_wwdg.o(i.WWDG_Enable), (16 bytes).
    Removing stm32f0xx_wwdg.o(i.WWDG_EnableIT), (16 bytes).
    Removing stm32f0xx_wwdg.o(i.WWDG_GetFlagStatus), (20 bytes).
    Removing stm32f0xx_wwdg.o(i.WWDG_SetCounter), (16 bytes).
    Removing stm32f0xx_wwdg.o(i.WWDG_SetPrescaler), (20 bytes).
    Removing stm32f0xx_wwdg.o(i.WWDG_SetWindowValue), (28 bytes).

563 unused section(s) (total 15712 bytes) removed from the image.

==============================================================================

Image Symbol Table

    Local Symbols

    Symbol Name                              Value     Ov Type        Size  Object(Section)

    ../clib/angel/boardlib.s                 0x00000000   Number         0  boardshut.o ABSOLUTE
    ../clib/angel/boardlib.s                 0x00000000   Number         0  boardinit1.o ABSOLUTE
    ../clib/angel/boardlib.s                 0x00000000   Number         0  boardinit2.o ABSOLUTE
    ../clib/angel/boardlib.s                 0x00000000   Number         0  boardinit3.o ABSOLUTE
    ../clib/angel/handlers.s                 0x00000000   Number         0  __scatter_zi.o ABSOLUTE
    ../clib/angel/handlers.s                 0x00000000   Number         0  __scatter_copy.o ABSOLUTE
    ../clib/angel/kernel.s                   0x00000000   Number         0  rtexit2.o ABSOLUTE
    ../clib/angel/kernel.s                   0x00000000   Number         0  __rtentry.o ABSOLUTE
    ../clib/angel/kernel.s                   0x00000000   Number         0  __rtentry2.o ABSOLUTE
    ../clib/angel/kernel.s                   0x00000000   Number         0  __rtentry4.o ABSOLUTE
    ../clib/angel/kernel.s                   0x00000000   Number         0  rtexit.o ABSOLUTE
    ../clib/angel/rt.s                       0x00000000   Number         0  aeabi_idiv0.o ABSOLUTE
    ../clib/angel/rt.s                       0x00000000   Number         0  aeabi_idiv0_sigfpe.o ABSOLUTE
    ../clib/angel/rt.s                       0x00000000   Number         0  rt_div0.o ABSOLUTE
    ../clib/angel/rt.s                       0x00000000   Number         0  rt_raise.o ABSOLUTE
    ../clib/angel/scatterp.s                 0x00000000   Number         0  __scatter.o ABSOLUTE
    ../clib/angel/startup.s                  0x00000000   Number         0  __main.o ABSOLUTE
    ../clib/angel/sys.s                      0x00000000   Number         0  indicate_semi.o ABSOLUTE
    ../clib/angel/sys.s                      0x00000000   Number         0  sys_stackheap_outer.o ABSOLUTE
    ../clib/angel/sys.s                      0x00000000   Number         0  use_no_semi.o ABSOLUTE
    ../clib/angel/sys.s                      0x00000000   Number         0  libspace.o ABSOLUTE
    ../clib/angel/sys.s                      0x00000000   Number         0  tempstk.o ABSOLUTE
    ../clib/angel/sysapp.c                   0x00000000   Number         0  sys_exit.o ABSOLUTE
    ../clib/angel/sysapp.c                   0x00000000   Number         0  sys_wrch.o ABSOLUTE
    ../clib/angel/sysapp.c                   0x00000000   Number         0  sys_command.o ABSOLUTE
    ../clib/armsys.c                         0x00000000   Number         0  argv_veneer.o ABSOLUTE
    ../clib/armsys.c                         0x00000000   Number         0  no_argv.o ABSOLUTE
    ../clib/armsys.c                         0x00000000   Number         0  _get_argv_nomalloc.o ABSOLUTE
    ../clib/division.s                       0x00000000   Number         0  aeabi_sdiv.o ABSOLUTE
    ../clib/division.s                       0x00000000   Number         0  aeabi_sdiv_div0.o ABSOLUTE
    ../clib/heapalloc.c                      0x00000000   Number         0  hrguard.o ABSOLUTE
    ../clib/heapaux.c                        0x00000000   Number         0  heapauxi.o ABSOLUTE
    ../clib/libinit.s                        0x00000000   Number         0  libshutdown2.o ABSOLUTE
    ../clib/libinit.s                        0x00000000   Number         0  libinit2.o ABSOLUTE
    ../clib/libinit.s                        0x00000000   Number         0  libinit.o ABSOLUTE
    ../clib/libinit.s                        0x00000000   Number         0  libshutdown.o ABSOLUTE
    ../clib/signal.c                         0x00000000   Number         0  defsig_rtmem_outer.o ABSOLUTE
    ../clib/signal.c                         0x00000000   Number         0  defsig_rtmem_inner.o ABSOLUTE
    ../clib/signal.c                         0x00000000   Number         0  defsig_rtmem_formal.o ABSOLUTE
    ../clib/signal.c                         0x00000000   Number         0  defsig_stak_inner.o ABSOLUTE
    ../clib/signal.c                         0x00000000   Number         0  defsig_general.o ABSOLUTE
    ../clib/signal.c                         0x00000000   Number         0  defsig_abrt_inner.o ABSOLUTE
    ../clib/signal.c                         0x00000000   Number         0  defsig_fpe_inner.o ABSOLUTE
    ../clib/signal.c                         0x00000000   Number         0  defsig_pvfn_inner.o ABSOLUTE
    ../clib/signal.c                         0x00000000   Number         0  defsig_cppl_inner.o ABSOLUTE
    ../clib/signal.c                         0x00000000   Number         0  defsig_other.o ABSOLUTE
    ../clib/signal.c                         0x00000000   Number         0  defsig_segv_inner.o ABSOLUTE
    ../clib/signal.c                         0x00000000   Number         0  defsig_rtred_inner.o ABSOLUTE
    ../clib/signal.c                         0x00000000   Number         0  defsig_fpe_formal.o ABSOLUTE
    ../clib/signal.c                         0x00000000   Number         0  defsig_fpe_outer.o ABSOLUTE
    ../clib/signal.c                         0x00000000   Number         0  defsig_exit.o ABSOLUTE
    ../clib/signal.c                         0x00000000   Number         0  __raise.o ABSOLUTE
    ../clib/signal.s                         0x00000000   Number         0  defsig.o ABSOLUTE
    ../clib/stdlib.c                         0x00000000   Number         0  exit.o ABSOLUTE
    ../clib/unhosted.c                       0x00000000   Number         0  uread4.o ABSOLUTE
    ../fplib/cfplib/d2f.c                    0x00000000   Number         0  d2f.o ABSOLUTE
    ../fplib/cfplib/daddsub.c                0x00000000   Number         0  daddsub.o ABSOLUTE
    ../fplib/cfplib/ddiv.c                   0x00000000   Number         0  ddiv.o ABSOLUTE
    ../fplib/cfplib/dmul.c                   0x00000000   Number         0  dmul.o ABSOLUTE
    ../fplib/cfplib/f2d.c                    0x00000000   Number         0  f2d.o ABSOLUTE
    ../fplib/cfplib/fdiv.c                   0x00000000   Number         0  fdiv.o ABSOLUTE
    ../fplib/cfplib/ffix.c                   0x00000000   Number         0  ffixui.o ABSOLUTE
    ../fplib/cfplib/fflt.c                   0x00000000   Number         0  dflti.o ABSOLUTE
    ../fplib/cfplib/fflt.c                   0x00000000   Number         0  fflti.o ABSOLUTE
    ../fplib/cfplib/fpinit.c                 0x00000000   Number         0  fpinit.o ABSOLUTE
    ../fplib/cfplib/scalbn.c                 0x00000000   Number         0  fscalbn.o ABSOLUTE
    ../fplib/faddsub6m.s                     0x00000000   Number         0  faddsub.o ABSOLUTE
    ../fplib/fmul6m.s                        0x00000000   Number         0  fmul.o ABSOLUTE
    ../fplib/usenofp.s                       0x00000000   Number         0  usenofp.o ABSOLUTE
    ..\STM32F0xx_StdPeriph_Lib_V1.5.0\Libraries\CMSIS\Device\ST\STM32F0xx\Source\Templates\arm\startup_stm32f030.s 0x00000000   Number         0  startup_stm32f030.o ABSOLUTE
    ..\STM32F0xx_StdPeriph_Lib_V1.5.0\Libraries\STM32F0xx_StdPeriph_Driver\src\stm32f0xx_adc.c 0x00000000   Number         0  stm32f0xx_adc.o ABSOLUTE
    ..\STM32F0xx_StdPeriph_Lib_V1.5.0\Libraries\STM32F0xx_StdPeriph_Driver\src\stm32f0xx_can.c 0x00000000   Number         0  stm32f0xx_can.o ABSOLUTE
    ..\STM32F0xx_StdPeriph_Lib_V1.5.0\Libraries\STM32F0xx_StdPeriph_Driver\src\stm32f0xx_cec.c 0x00000000   Number         0  stm32f0xx_cec.o ABSOLUTE
    ..\STM32F0xx_StdPeriph_Lib_V1.5.0\Libraries\STM32F0xx_StdPeriph_Driver\src\stm32f0xx_comp.c 0x00000000   Number         0  stm32f0xx_comp.o ABSOLUTE
    ..\STM32F0xx_StdPeriph_Lib_V1.5.0\Libraries\STM32F0xx_StdPeriph_Driver\src\stm32f0xx_crc.c 0x00000000   Number         0  stm32f0xx_crc.o ABSOLUTE
    ..\STM32F0xx_StdPeriph_Lib_V1.5.0\Libraries\STM32F0xx_StdPeriph_Driver\src\stm32f0xx_crs.c 0x00000000   Number         0  stm32f0xx_crs.o ABSOLUTE
    ..\STM32F0xx_StdPeriph_Lib_V1.5.0\Libraries\STM32F0xx_StdPeriph_Driver\src\stm32f0xx_dac.c 0x00000000   Number         0  stm32f0xx_dac.o ABSOLUTE
    ..\STM32F0xx_StdPeriph_Lib_V1.5.0\Libraries\STM32F0xx_StdPeriph_Driver\src\stm32f0xx_dbgmcu.c 0x00000000   Number         0  stm32f0xx_dbgmcu.o ABSOLUTE
    ..\STM32F0xx_StdPeriph_Lib_V1.5.0\Libraries\STM32F0xx_StdPeriph_Driver\src\stm32f0xx_dma.c 0x00000000   Number         0  stm32f0xx_dma.o ABSOLUTE
    ..\STM32F0xx_StdPeriph_Lib_V1.5.0\Libraries\STM32F0xx_StdPeriph_Driver\src\stm32f0xx_exti.c 0x00000000   Number         0  stm32f0xx_exti.o ABSOLUTE
    ..\STM32F0xx_StdPeriph_Lib_V1.5.0\Libraries\STM32F0xx_StdPeriph_Driver\src\stm32f0xx_flash.c 0x00000000   Number         0  stm32f0xx_flash.o ABSOLUTE
    ..\STM32F0xx_StdPeriph_Lib_V1.5.0\Libraries\STM32F0xx_StdPeriph_Driver\src\stm32f0xx_gpio.c 0x00000000   Number         0  stm32f0xx_gpio.o ABSOLUTE
    ..\STM32F0xx_StdPeriph_Lib_V1.5.0\Libraries\STM32F0xx_StdPeriph_Driver\src\stm32f0xx_i2c.c 0x00000000   Number         0  stm32f0xx_i2c.o ABSOLUTE
    ..\STM32F0xx_StdPeriph_Lib_V1.5.0\Libraries\STM32F0xx_StdPeriph_Driver\src\stm32f0xx_iwdg.c 0x00000000   Number         0  stm32f0xx_iwdg.o ABSOLUTE
    ..\STM32F0xx_StdPeriph_Lib_V1.5.0\Libraries\STM32F0xx_StdPeriph_Driver\src\stm32f0xx_misc.c 0x00000000   Number         0  stm32f0xx_misc.o ABSOLUTE
    ..\STM32F0xx_StdPeriph_Lib_V1.5.0\Libraries\STM32F0xx_StdPeriph_Driver\src\stm32f0xx_pwr.c 0x00000000   Number         0  stm32f0xx_pwr.o ABSOLUTE
    ..\STM32F0xx_StdPeriph_Lib_V1.5.0\Libraries\STM32F0xx_StdPeriph_Driver\src\stm32f0xx_rcc.c 0x00000000   Number         0  stm32f0xx_rcc.o ABSOLUTE
    ..\STM32F0xx_StdPeriph_Lib_V1.5.0\Libraries\STM32F0xx_StdPeriph_Driver\src\stm32f0xx_rtc.c 0x00000000   Number         0  stm32f0xx_rtc.o ABSOLUTE
    ..\STM32F0xx_StdPeriph_Lib_V1.5.0\Libraries\STM32F0xx_StdPeriph_Driver\src\stm32f0xx_spi.c 0x00000000   Number         0  stm32f0xx_spi.o ABSOLUTE
    ..\STM32F0xx_StdPeriph_Lib_V1.5.0\Libraries\STM32F0xx_StdPeriph_Driver\src\stm32f0xx_syscfg.c 0x00000000   Number         0  stm32f0xx_syscfg.o ABSOLUTE
    ..\STM32F0xx_StdPeriph_Lib_V1.5.0\Libraries\STM32F0xx_StdPeriph_Driver\src\stm32f0xx_tim.c 0x00000000   Number         0  stm32f0xx_tim.o ABSOLUTE
    ..\STM32F0xx_StdPeriph_Lib_V1.5.0\Libraries\STM32F0xx_StdPeriph_Driver\src\stm32f0xx_usart.c 0x00000000   Number         0  stm32f0xx_usart.o ABSOLUTE
    ..\STM32F0xx_StdPeriph_Lib_V1.5.0\Libraries\STM32F0xx_StdPeriph_Driver\src\stm32f0xx_wwdg.c 0x00000000   Number         0  stm32f0xx_wwdg.o ABSOLUTE
    ..\\STM32F0xx_StdPeriph_Lib_V1.5.0\\Libraries\\STM32F0xx_StdPeriph_Driver\\src\\stm32f0xx_adc.c 0x00000000   Number         0  stm32f0xx_adc.o ABSOLUTE
    ..\\STM32F0xx_StdPeriph_Lib_V1.5.0\\Libraries\\STM32F0xx_StdPeriph_Driver\\src\\stm32f0xx_can.c 0x00000000   Number         0  stm32f0xx_can.o ABSOLUTE
    ..\\STM32F0xx_StdPeriph_Lib_V1.5.0\\Libraries\\STM32F0xx_StdPeriph_Driver\\src\\stm32f0xx_cec.c 0x00000000   Number         0  stm32f0xx_cec.o ABSOLUTE
    ..\\STM32F0xx_StdPeriph_Lib_V1.5.0\\Libraries\\STM32F0xx_StdPeriph_Driver\\src\\stm32f0xx_comp.c 0x00000000   Number         0  stm32f0xx_comp.o ABSOLUTE
    ..\\STM32F0xx_StdPeriph_Lib_V1.5.0\\Libraries\\STM32F0xx_StdPeriph_Driver\\src\\stm32f0xx_crc.c 0x00000000   Number         0  stm32f0xx_crc.o ABSOLUTE
    ..\\STM32F0xx_StdPeriph_Lib_V1.5.0\\Libraries\\STM32F0xx_StdPeriph_Driver\\src\\stm32f0xx_crs.c 0x00000000   Number         0  stm32f0xx_crs.o ABSOLUTE
    ..\\STM32F0xx_StdPeriph_Lib_V1.5.0\\Libraries\\STM32F0xx_StdPeriph_Driver\\src\\stm32f0xx_dac.c 0x00000000   Number         0  stm32f0xx_dac.o ABSOLUTE
    ..\\STM32F0xx_StdPeriph_Lib_V1.5.0\\Libraries\\STM32F0xx_StdPeriph_Driver\\src\\stm32f0xx_dbgmcu.c 0x00000000   Number         0  stm32f0xx_dbgmcu.o ABSOLUTE
    ..\\STM32F0xx_StdPeriph_Lib_V1.5.0\\Libraries\\STM32F0xx_StdPeriph_Driver\\src\\stm32f0xx_dma.c 0x00000000   Number         0  stm32f0xx_dma.o ABSOLUTE
    ..\\STM32F0xx_StdPeriph_Lib_V1.5.0\\Libraries\\STM32F0xx_StdPeriph_Driver\\src\\stm32f0xx_exti.c 0x00000000   Number         0  stm32f0xx_exti.o ABSOLUTE
    ..\\STM32F0xx_StdPeriph_Lib_V1.5.0\\Libraries\\STM32F0xx_StdPeriph_Driver\\src\\stm32f0xx_flash.c 0x00000000   Number         0  stm32f0xx_flash.o ABSOLUTE
    ..\\STM32F0xx_StdPeriph_Lib_V1.5.0\\Libraries\\STM32F0xx_StdPeriph_Driver\\src\\stm32f0xx_gpio.c 0x00000000   Number         0  stm32f0xx_gpio.o ABSOLUTE
    ..\\STM32F0xx_StdPeriph_Lib_V1.5.0\\Libraries\\STM32F0xx_StdPeriph_Driver\\src\\stm32f0xx_i2c.c 0x00000000   Number         0  stm32f0xx_i2c.o ABSOLUTE
    ..\\STM32F0xx_StdPeriph_Lib_V1.5.0\\Libraries\\STM32F0xx_StdPeriph_Driver\\src\\stm32f0xx_iwdg.c 0x00000000   Number         0  stm32f0xx_iwdg.o ABSOLUTE
    ..\\STM32F0xx_StdPeriph_Lib_V1.5.0\\Libraries\\STM32F0xx_StdPeriph_Driver\\src\\stm32f0xx_misc.c 0x00000000   Number         0  stm32f0xx_misc.o ABSOLUTE
    ..\\STM32F0xx_StdPeriph_Lib_V1.5.0\\Libraries\\STM32F0xx_StdPeriph_Driver\\src\\stm32f0xx_pwr.c 0x00000000   Number         0  stm32f0xx_pwr.o ABSOLUTE
    ..\\STM32F0xx_StdPeriph_Lib_V1.5.0\\Libraries\\STM32F0xx_StdPeriph_Driver\\src\\stm32f0xx_rcc.c 0x00000000   Number         0  stm32f0xx_rcc.o ABSOLUTE
    ..\\STM32F0xx_StdPeriph_Lib_V1.5.0\\Libraries\\STM32F0xx_StdPeriph_Driver\\src\\stm32f0xx_rtc.c 0x00000000   Number         0  stm32f0xx_rtc.o ABSOLUTE
    ..\\STM32F0xx_StdPeriph_Lib_V1.5.0\\Libraries\\STM32F0xx_StdPeriph_Driver\\src\\stm32f0xx_spi.c 0x00000000   Number         0  stm32f0xx_spi.o ABSOLUTE
    ..\\STM32F0xx_StdPeriph_Lib_V1.5.0\\Libraries\\STM32F0xx_StdPeriph_Driver\\src\\stm32f0xx_syscfg.c 0x00000000   Number         0  stm32f0xx_syscfg.o ABSOLUTE
    ..\\STM32F0xx_StdPeriph_Lib_V1.5.0\\Libraries\\STM32F0xx_StdPeriph_Driver\\src\\stm32f0xx_tim.c 0x00000000   Number         0  stm32f0xx_tim.o ABSOLUTE
    ..\\STM32F0xx_StdPeriph_Lib_V1.5.0\\Libraries\\STM32F0xx_StdPeriph_Driver\\src\\stm32f0xx_usart.c 0x00000000   Number         0  stm32f0xx_usart.o ABSOLUTE
    ..\\STM32F0xx_StdPeriph_Lib_V1.5.0\\Libraries\\STM32F0xx_StdPeriph_Driver\\src\\stm32f0xx_wwdg.c 0x00000000   Number         0  stm32f0xx_wwdg.o ABSOLUTE
    dc.s                                     0x00000000   Number         0  dc.o ABSOLUTE
    source\\adc.c                            0x00000000   Number         0  adc.o ABSOLUTE
    source\\eeprom_emulation.c               0x00000000   Number         0  eeprom_emulation.o ABSOLUTE
    source\\i2c_slave.c                      0x00000000   Number         0  i2c_slave.o ABSOLUTE
    source\\metronome.c                      0x00000000   Number         0  metronome.o ABSOLUTE
    source\\user.c                           0x00000000   Number         0  user.o ABSOLUTE
    source\\user_init.c                      0x00000000   Number         0  user_init.o ABSOLUTE
    source\adc.c                             0x00000000   Number         0  adc.o ABSOLUTE
    source\eeprom_emulation.c                0x00000000   Number         0  eeprom_emulation.o ABSOLUTE
    source\i2c_slave.c                       0x00000000   Number         0  i2c_slave.o ABSOLUTE
    source\metronome.c                       0x00000000   Number         0  metronome.o ABSOLUTE
    source\user.c                            0x00000000   Number         0  user.o ABSOLUTE
    source\user_init.c                       0x00000000   Number         0  user_init.o ABSOLUTE
    RESET                                    0x08000000   Section      180  startup_stm32f030.o(RESET)
    !!!main                                  0x080000b4   Section        8  __main.o(!!!main)
    !!!scatter                               0x080000bc   Section       60  __scatter.o(!!!scatter)
    !!handler_copy                           0x080000f8   Section       26  __scatter_copy.o(!!handler_copy)
    !!handler_zi                             0x08000114   Section       28  __scatter_zi.o(!!handler_zi)
    .ARM.Collect$$libinit$$00000000          0x08000130   Section        2  libinit.o(.ARM.Collect$$libinit$$00000000)
    .ARM.Collect$$libinit$$00000002          0x08000132   Section        0  libinit2.o(.ARM.Collect$$libinit$$00000002)
    .ARM.Collect$$libinit$$00000004          0x08000132   Section        0  libinit2.o(.ARM.Collect$$libinit$$00000004)
    .ARM.Collect$$libinit$$0000000A          0x08000132   Section        0  libinit2.o(.ARM.Collect$$libinit$$0000000A)
    .ARM.Collect$$libinit$$0000000C          0x08000132   Section        0  libinit2.o(.ARM.Collect$$libinit$$0000000C)
    .ARM.Collect$$libinit$$0000000E          0x08000132   Section        0  libinit2.o(.ARM.Collect$$libinit$$0000000E)
    .ARM.Collect$$libinit$$00000011          0x08000132   Section        0  libinit2.o(.ARM.Collect$$libinit$$00000011)
    .ARM.Collect$$libinit$$00000013          0x08000132   Section        0  libinit2.o(.ARM.Collect$$libinit$$00000013)
    .ARM.Collect$$libinit$$00000015          0x08000132   Section        0  libinit2.o(.ARM.Collect$$libinit$$00000015)
    .ARM.Collect$$libinit$$00000017          0x08000132   Section        0  libinit2.o(.ARM.Collect$$libinit$$00000017)
    .ARM.Collect$$libinit$$00000019          0x08000132   Section        0  libinit2.o(.ARM.Collect$$libinit$$00000019)
    .ARM.Collect$$libinit$$0000001B          0x08000132   Section        0  libinit2.o(.ARM.Collect$$libinit$$0000001B)
    .ARM.Collect$$libinit$$0000001D          0x08000132   Section        0  libinit2.o(.ARM.Collect$$libinit$$0000001D)
    .ARM.Collect$$libinit$$0000001F          0x08000132   Section        0  libinit2.o(.ARM.Collect$$libinit$$0000001F)
    .ARM.Collect$$libinit$$00000021          0x08000132   Section        0  libinit2.o(.ARM.Collect$$libinit$$00000021)
    .ARM.Collect$$libinit$$00000023          0x08000132   Section        0  libinit2.o(.ARM.Collect$$libinit$$00000023)
    .ARM.Collect$$libinit$$00000025          0x08000132   Section        0  libinit2.o(.ARM.Collect$$libinit$$00000025)
    .ARM.Collect$$libinit$$0000002C          0x08000132   Section        0  libinit2.o(.ARM.Collect$$libinit$$0000002C)
    .ARM.Collect$$libinit$$0000002E          0x08000132   Section        0  libinit2.o(.ARM.Collect$$libinit$$0000002E)
    .ARM.Collect$$libinit$$00000030          0x08000132   Section        0  libinit2.o(.ARM.Collect$$libinit$$00000030)
    .ARM.Collect$$libinit$$00000032          0x08000132   Section        0  libinit2.o(.ARM.Collect$$libinit$$00000032)
    .ARM.Collect$$libinit$$00000033          0x08000132   Section        2  libinit2.o(.ARM.Collect$$libinit$$00000033)
    .ARM.Collect$$libshutdown$$00000000      0x08000134   Section        2  libshutdown.o(.ARM.Collect$$libshutdown$$00000000)
    .ARM.Collect$$libshutdown$$00000002      0x08000136   Section        0  libshutdown2.o(.ARM.Collect$$libshutdown$$00000002)
    .ARM.Collect$$libshutdown$$00000004      0x08000136   Section        0  libshutdown2.o(.ARM.Collect$$libshutdown$$00000004)
    .ARM.Collect$$libshutdown$$00000007      0x08000136   Section        0  libshutdown2.o(.ARM.Collect$$libshutdown$$00000007)
    .ARM.Collect$$libshutdown$$0000000A      0x08000136   Section        0  libshutdown2.o(.ARM.Collect$$libshutdown$$0000000A)
    .ARM.Collect$$libshutdown$$0000000C      0x08000136   Section        0  libshutdown2.o(.ARM.Collect$$libshutdown$$0000000C)
    .ARM.Collect$$libshutdown$$0000000F      0x08000136   Section        0  libshutdown2.o(.ARM.Collect$$libshutdown$$0000000F)
    .ARM.Collect$$libshutdown$$00000010      0x08000136   Section        2  libshutdown2.o(.ARM.Collect$$libshutdown$$00000010)
    .ARM.Collect$$rtentry$$00000000          0x08000138   Section        0  __rtentry.o(.ARM.Collect$$rtentry$$00000000)
    .ARM.Collect$$rtentry$$00000002          0x08000138   Section        0  __rtentry2.o(.ARM.Collect$$rtentry$$00000002)
    .ARM.Collect$$rtentry$$00000004          0x08000138   Section        6  __rtentry4.o(.ARM.Collect$$rtentry$$00000004)
    .ARM.Collect$$rtentry$$00000009          0x0800013e   Section        0  __rtentry2.o(.ARM.Collect$$rtentry$$00000009)
    .ARM.Collect$$rtentry$$0000000A          0x0800013e   Section        4  __rtentry2.o(.ARM.Collect$$rtentry$$0000000A)
    .ARM.Collect$$rtentry$$0000000C          0x08000142   Section        0  __rtentry2.o(.ARM.Collect$$rtentry$$0000000C)
    .ARM.Collect$$rtentry$$0000000D          0x08000142   Section        8  __rtentry2.o(.ARM.Collect$$rtentry$$0000000D)
    .ARM.Collect$$rtexit$$00000000           0x0800014a   Section        2  rtexit.o(.ARM.Collect$$rtexit$$00000000)
    .ARM.Collect$$rtexit$$00000002           0x0800014c   Section        0  rtexit2.o(.ARM.Collect$$rtexit$$00000002)
    .ARM.Collect$$rtexit$$00000003           0x0800014c   Section        4  rtexit2.o(.ARM.Collect$$rtexit$$00000003)
    .ARM.Collect$$rtexit$$00000004           0x08000150   Section        6  rtexit2.o(.ARM.Collect$$rtexit$$00000004)
    .text                                    0x08000158   Section      116  startup_stm32f030.o(.text)
    .text                                    0x080001cc   Section        0  heapauxi.o(.text)
    .text                                    0x080001d4   Section        0  d2f.o(.text)
    .text                                    0x08000250   Section        0  daddsub.o(.text)
    _dadd1                                   0x08000251   Thumb Code   290  daddsub.o(.text)
    _dsub1                                   0x08000373   Thumb Code   470  daddsub.o(.text)
    .text                                    0x080005a8   Section        0  ddiv.o(.text)
    .text                                    0x080009f0   Section        0  dflti.o(.text)
    .text                                    0x08000a48   Section        0  dmul.o(.text)
    .text                                    0x08000c90   Section        0  f2d.o(.text)
    .text                                    0x08000ce4   Section        0  fdiv.o(.text)
    .text                                    0x08000e44   Section        0  ffixui.o(.text)
    .text                                    0x08000e74   Section        0  fflti.o(.text)
    .text                                    0x08000ed4   Section        0  fscalbn.o(.text)
    .text                                    0x08000f18   Section       62  sys_stackheap_outer.o(.text)
    .text                                    0x08000f56   Section        0  exit.o(.text)
    .text                                    0x08000f68   Section        8  libspace.o(.text)
    .text                                    0x08000f70   Section        0  sys_exit.o(.text)
    .text                                    0x08000f7c   Section        2  use_no_semi.o(.text)
    .text                                    0x08000f7e   Section        0  indicate_semi.o(.text)
    i.ADC1_IRQHandler                        0x08000f7e   Section        0  adc.o(i.ADC1_IRQHandler)
    i.ADC_ChannelConfig                      0x08000f80   Section        0  stm32f0xx_adc.o(i.ADC_ChannelConfig)
    i.ADC_ClockModeConfig                    0x08000f8a   Section        0  stm32f0xx_adc.o(i.ADC_ClockModeConfig)
    i.ADC_Cmd                                0x08000f8e   Section        0  stm32f0xx_adc.o(i.ADC_Cmd)
    i.ADC_DMACmd                             0x08000fa0   Section        0  stm32f0xx_adc.o(i.ADC_DMACmd)
    i.ADC_DMARequestModeConfig               0x08000fb4   Section        0  stm32f0xx_adc.o(i.ADC_DMARequestModeConfig)
    i.ADC_GetCalibrationFactor               0x08000fc4   Section        0  stm32f0xx_adc.o(i.ADC_GetCalibrationFactor)
    i.ADC_GetFlagStatus                      0x08000ff2   Section        0  stm32f0xx_adc.o(i.ADC_GetFlagStatus)
    i.ADC_Init                               0x08001010   Section        0  stm32f0xx_adc.o(i.ADC_Init)
    i.ADC_StartOfConversion                  0x0800103c   Section        0  stm32f0xx_adc.o(i.ADC_StartOfConversion)
    i.ADC_TempSensorCmd                      0x08001048   Section        0  stm32f0xx_adc.o(i.ADC_TempSensorCmd)
    i.ADC_VrefintCmd                         0x08001064   Section        0  stm32f0xx_adc.o(i.ADC_VrefintCmd)
    i.ADC_cfg                                0x08001080   Section        0  adc.o(i.ADC_cfg)
    i.DMA1_Channel1_IRQHandler               0x080010f0   Section        0  adc.o(i.DMA1_Channel1_IRQHandler)
    i.DMA_ClearITPendingBit                  0x08001110   Section        0  stm32f0xx_dma.o(i.DMA_ClearITPendingBit)
    i.DMA_Cmd                                0x08001128   Section        0  stm32f0xx_dma.o(i.DMA_Cmd)
    i.DMA_GetFlagStatus                      0x08001140   Section        0  stm32f0xx_dma.o(i.DMA_GetFlagStatus)
    i.DMA_ITConfig                           0x08001160   Section        0  stm32f0xx_dma.o(i.DMA_ITConfig)
    i.DMA_Init                               0x08001170   Section        0  stm32f0xx_dma.o(i.DMA_Init)
    i.DMA_cfg                                0x080011ac   Section        0  adc.o(i.DMA_cfg)
    i.FLASH_GetStatus                        0x08001208   Section        0  stm32f0xx_flash.o(i.FLASH_GetStatus)
    i.FLASH_Lock                             0x08001230   Section        0  stm32f0xx_flash.o(i.FLASH_Lock)
    i.FLASH_ProgramHalfWord                  0x08001240   Section        0  stm32f0xx_flash.o(i.FLASH_ProgramHalfWord)
    i.FLASH_Unlock                           0x08001274   Section        0  stm32f0xx_flash.o(i.FLASH_Unlock)
    i.FLASH_WaitForLastOperation             0x08001294   Section        0  stm32f0xx_flash.o(i.FLASH_WaitForLastOperation)
    i.GPIO_Init                              0x080012b6   Section        0  stm32f0xx_gpio.o(i.GPIO_Init)
    i.GPIO_PinAFConfig                       0x08001326   Section        0  stm32f0xx_gpio.o(i.GPIO_PinAFConfig)
    i.I2C1_IRQHandler                        0x08001348   Section        0  i2c_slave.o(i.I2C1_IRQHandler)
    i.I2C_ClearITPendingBit                  0x08001448   Section        0  stm32f0xx_i2c.o(i.I2C_ClearITPendingBit)
    i.I2C_Cmd                                0x0800144c   Section        0  stm32f0xx_i2c.o(i.I2C_Cmd)
    i.I2C_GetITStatus                        0x08001460   Section        0  stm32f0xx_i2c.o(i.I2C_GetITStatus)
    i.I2C_GetTransferDirection               0x08001490   Section        0  stm32f0xx_i2c.o(i.I2C_GetTransferDirection)
    i.I2C_ITConfig                           0x080014a2   Section        0  stm32f0xx_i2c.o(i.I2C_ITConfig)
    i.I2C_Init                               0x080014b4   Section        0  stm32f0xx_i2c.o(i.I2C_Init)
    i.I2C_ReceiveData                        0x08001518   Section        0  stm32f0xx_i2c.o(i.I2C_ReceiveData)
    i.I2C_SendData                           0x0800151e   Section        0  stm32f0xx_i2c.o(i.I2C_SendData)
    i.NVIC_Init                              0x08001524   Section        0  stm32f0xx_misc.o(i.NVIC_Init)
    i.NVIC_cfg                               0x08001574   Section        0  user_init.o(i.NVIC_cfg)
    i.RCC_AHBPeriphClockCmd                  0x080015e0   Section        0  stm32f0xx_rcc.o(i.RCC_AHBPeriphClockCmd)
    i.RCC_APB1PeriphClockCmd                 0x080015f8   Section        0  stm32f0xx_rcc.o(i.RCC_APB1PeriphClockCmd)
    i.RCC_APB2PeriphClockCmd                 0x08001610   Section        0  stm32f0xx_rcc.o(i.RCC_APB2PeriphClockCmd)
    i.RCC_HCLKConfig                         0x08001628   Section        0  stm32f0xx_rcc.o(i.RCC_HCLKConfig)
    i.RCC_HSEConfig                          0x0800163c   Section        0  stm32f0xx_rcc.o(i.RCC_HSEConfig)
    i.RCC_PCLKConfig                         0x0800164c   Section        0  stm32f0xx_rcc.o(i.RCC_PCLKConfig)
    i.RCC_PLLCmd                             0x08001660   Section        0  stm32f0xx_rcc.o(i.RCC_PLLCmd)
    i.RCC_SYSCLKConfig                       0x0800167c   Section        0  stm32f0xx_rcc.o(i.RCC_SYSCLKConfig)
    i.RCC_cfg                                0x08001690   Section        0  user_init.o(i.RCC_cfg)
    i.SystemInit                             0x080016ec   Section        0  user.o(i.SystemInit)
    i.TIM17_IRQHandler                       0x080016f0   Section        0  metronome.o(i.TIM17_IRQHandler)
    i.TIM_ARRPreloadConfig                   0x08001718   Section        0  stm32f0xx_tim.o(i.TIM_ARRPreloadConfig)
    i.TIM_ClearITPendingBit                  0x0800172a   Section        0  stm32f0xx_tim.o(i.TIM_ClearITPendingBit)
    i.TIM_Cmd                                0x08001730   Section        0  stm32f0xx_tim.o(i.TIM_Cmd)
    i.TIM_GetITStatus                        0x08001744   Section        0  stm32f0xx_tim.o(i.TIM_GetITStatus)
    i.TIM_ITConfig                           0x0800175c   Section        0  stm32f0xx_tim.o(i.TIM_ITConfig)
    i.TIM_TimeBaseInit                       0x0800176c   Section        0  stm32f0xx_tim.o(i.TIM_TimeBaseInit)
    i.adcDataProcess                         0x080017e0   Section        0  adc.o(i.adcDataProcess)
    i.adc_GPIO_cfg                           0x080018b0   Section        0  adc.o(i.adc_GPIO_cfg)
    i.i2c1_GPIO_cfg                          0x080018d0   Section        0  i2c_slave.o(i.i2c1_GPIO_cfg)
    i.i2c1_cfg                               0x0800190c   Section        0  i2c_slave.o(i.i2c1_cfg)
    i.i2cRegUpdate                           0x08001948   Section        0  user.o(i.i2cRegUpdate)
    i.main                                   0x080019ac   Section        0  user.o(i.main)
    i.mtn_TIM17_cfg                          0x08001a28   Section        0  metronome.o(i.mtn_TIM17_cfg)
    i.rd_coff                                0x08001a6c   Section        0  eeprom_emulation.o(i.rd_coff)
    i.rd_flash_1hw                           0x08001aa0   Section        0  eeprom_emulation.o(i.rd_flash_1hw)
    i.rd_flash_hw                            0x08001ab0   Section        0  eeprom_emulation.o(i.rd_flash_hw)
    i.solve2f                                0x08001ad4   Section        0  adc.o(i.solve2f)
    i.time2tell                              0x08001ce4   Section        0  metronome.o(i.time2tell)
    i.wr_coff                                0x08001cfc   Section        0  eeprom_emulation.o(i.wr_coff)
    i.wr_flash_hw                            0x08001d3c   Section        0  eeprom_emulation.o(i.wr_flash_hw)
    x$fpl$fadd                               0x08001d70   Section      140  faddsub.o(x$fpl$fadd)
    _fadd1                                   0x08001d7d   Thumb Code     0  faddsub.o(x$fpl$fadd)
    x$fpl$fmul                               0x08001dfc   Section      176  fmul.o(x$fpl$fmul)
    x$fpl$frsb                               0x08001eac   Section       24  faddsub.o(x$fpl$frsb)
    x$fpl$fsub                               0x08001ec4   Section      208  faddsub.o(x$fpl$fsub)
    _fsub1                                   0x08001ed1   Thumb Code     0  faddsub.o(x$fpl$fsub)
    .constdata                               0x08001f94   Section      128  ddiv.o(.constdata)
    x$fpl$usenofp                            0x08001f94   Section        0  usenofp.o(x$fpl$usenofp)
    ddiv_reciptbl                            0x08001f94   Data         128  ddiv.o(.constdata)
    .constdata                               0x08002014   Section       64  fdiv.o(.constdata)
    fdiv_tab                                 0x08002014   Data          64  fdiv.o(.constdata)
    .data                                    0x20000000   Section       16  user.o(.data)
    usRegHoldingStart                        0x20000000   Data           2  user.o(.data)
    v0                                       0x20000004   Data           4  user.o(.data)
    .data                                    0x20000010   Section        3  user_init.o(.data)
    NVIC_InitStructure                       0x20000010   Data           3  user_init.o(.data)
    .data                                    0x20000014   Section       84  adc.o(.data)
    i                                        0x20000014   Data           1  adc.o(.data)
    dma_complete_flag                        0x20000015   Data           1  adc.o(.data)
    rs0                                      0x20000016   Data           2  adc.o(.data)
    rl                                       0x20000018   Data           2  adc.o(.data)
    adcValue                                 0x2000001a   Data           2  adc.o(.data)
    tempValue                                0x2000001c   Data           2  adc.o(.data)
    vrefValue                                0x2000001e   Data           2  adc.o(.data)
    sa                                       0x20000020   Data           4  adc.o(.data)
    sb                                       0x20000024   Data           4  adc.o(.data)
    sc                                       0x20000028   Data           4  adc.o(.data)
    sd                                       0x2000002c   Data           4  adc.o(.data)
    ta                                       0x20000030   Data           4  adc.o(.data)
    tb                                       0x20000034   Data           4  adc.o(.data)
    tc                                       0x20000038   Data           4  adc.o(.data)
    td                                       0x2000003c   Data           4  adc.o(.data)
    ha                                       0x20000040   Data           4  adc.o(.data)
    hb                                       0x20000044   Data           4  adc.o(.data)
    vdd                                      0x20000048   Data           4  adc.o(.data)
    x0                                       0x2000004c   Data           4  adc.o(.data)
    x1                                       0x20000050   Data           4  adc.o(.data)
    rgovr0                                   0x20000054   Data           4  adc.o(.data)
    fx                                       0x20000058   Data           4  adc.o(.data)
    vout                                     0x2000005c   Data           4  adc.o(.data)
    GPIO_InitStructure                       0x20000060   Data           8  adc.o(.data)
    .data                                    0x20000068   Section       12  metronome.o(.data)
    l2tell                                   0x20000068   Data           1  metronome.o(.data)
    GPIO_InitStructure                       0x2000006c   Data           8  metronome.o(.data)
    .data                                    0x20000074   Section       16  i2c_slave.o(.data)
    i2c_mode                                 0x20000074   Data           1  i2c_slave.o(.data)
    rx_cnt                                   0x20000075   Data           1  i2c_slave.o(.data)
    tx_cnt                                   0x20000076   Data           1  i2c_slave.o(.data)
    reg_offset                               0x20000078   Data           2  i2c_slave.o(.data)
    GPIO_InitStructure                       0x2000007c   Data           8  i2c_slave.o(.data)
    .bss                                     0x20000084   Section       64  user.o(.bss)
    usRegHoldingBuf                          0x20000084   Data          64  user.o(.bss)
    .bss                                     0x200000c4   Section      516  adc.o(.bss)
    dma4adc                                  0x200000c4   Data         384  adc.o(.bss)
    ADC_InitStructure                        0x20000244   Data          24  adc.o(.bss)
    DMA_InitStructure                        0x2000025c   Data          44  adc.o(.bss)
    .bss                                     0x200002c8   Section       12  metronome.o(.bss)
    TIM_TimeBaseStructure                    0x200002c8   Data          12  metronome.o(.bss)
    .bss                                     0x200002d4   Section      156  i2c_slave.o(.bss)
    I2C_InitStructure                        0x200002d4   Data          28  i2c_slave.o(.bss)
    data_buf                                 0x200002f0   Data         128  i2c_slave.o(.bss)
    .bss                                     0x20000370   Section       96  libspace.o(.bss)
    HEAP                                     0x200003d0   Section      512  startup_stm32f030.o(HEAP)
    Heap_Mem                                 0x200003d0   Data         512  startup_stm32f030.o(HEAP)
    STACK                                    0x200005d0   Section     1024  startup_stm32f030.o(STACK)
    Stack_Mem                                0x200005d0   Data        1024  startup_stm32f030.o(STACK)
    __initial_sp                             0x200009d0   Data           0  startup_stm32f030.o(STACK)

    Global Symbols

    Symbol Name                              Value     Ov Type        Size  Object(Section)

    BuildAttributes$$THM_ISAv3M$S$PE$A:L22$X:L11$S22$IEEE1$IW$USESV6$~STKCKD$USESV7$~SHL$OSPACE$ROPI$EBA8$UX$STANDARDLIB$REQ8$PRES8$EABIv2 0x00000000   Number         0  anon$$obj.o ABSOLUTE
    __ARM_use_no_argv                        0x00000000   Number         0  user.o ABSOLUTE
    __ARM_exceptions_init                     - Undefined Weak Reference
    __alloca_initialize                       - Undefined Weak Reference
    __arm_preinit_                            - Undefined Weak Reference
    __cpp_initialize__aeabi_                  - Undefined Weak Reference
    __cxa_finalize                            - Undefined Weak Reference
    __rt_locale                               - Undefined Weak Reference
    __sigvec_lookup                           - Undefined Weak Reference
    _atexit_init                              - Undefined Weak Reference
    _call_atexit_fns                          - Undefined Weak Reference
    _clock_init                               - Undefined Weak Reference
    _fp_trap_init                             - Undefined Weak Reference
    _fp_trap_shutdown                         - Undefined Weak Reference
    _get_lc_collate                           - Undefined Weak Reference
    _get_lc_ctype                             - Undefined Weak Reference
    _get_lc_monetary                          - Undefined Weak Reference
    _get_lc_numeric                           - Undefined Weak Reference
    _get_lc_time                              - Undefined Weak Reference
    _getenv_init                              - Undefined Weak Reference
    _handle_redirection                       - Undefined Weak Reference
    _init_alloc                               - Undefined Weak Reference
    _init_user_alloc                          - Undefined Weak Reference
    _initio                                   - Undefined Weak Reference
    _rand_init                                - Undefined Weak Reference
    _signal_finish                            - Undefined Weak Reference
    _signal_init                              - Undefined Weak Reference
    _terminate_alloc                          - Undefined Weak Reference
    _terminate_user_alloc                     - Undefined Weak Reference
    _terminateio                              - Undefined Weak Reference
    __Vectors_Size                           0x000000b4   Number         0  startup_stm32f030.o ABSOLUTE
    __Vectors                                0x08000000   Data           4  startup_stm32f030.o(RESET)
    __Vectors_End                            0x080000b4   Data           0  startup_stm32f030.o(RESET)
    __main                                   0x080000b5   Thumb Code     8  __main.o(!!!main)
    __scatterload                            0x080000bd   Thumb Code     0  __scatter.o(!!!scatter)
    __scatterload_rt2                        0x080000bd   Thumb Code    52  __scatter.o(!!!scatter)
    __scatterload_rt2_thumb_only             0x080000bd   Thumb Code     0  __scatter.o(!!!scatter)
    __scatterload_null                       0x080000cd   Thumb Code     0  __scatter.o(!!!scatter)
    __scatterload_copy                       0x080000f9   Thumb Code    26  __scatter_copy.o(!!handler_copy)
    __scatterload_zeroinit                   0x08000115   Thumb Code    28  __scatter_zi.o(!!handler_zi)
    __rt_lib_init                            0x08000131   Thumb Code     0  libinit.o(.ARM.Collect$$libinit$$00000000)
    __rt_lib_init_alloca_1                   0x08000133   Thumb Code     0  libinit2.o(.ARM.Collect$$libinit$$0000002E)
    __rt_lib_init_argv_1                     0x08000133   Thumb Code     0  libinit2.o(.ARM.Collect$$libinit$$0000002C)
    __rt_lib_init_atexit_1                   0x08000133   Thumb Code     0  libinit2.o(.ARM.Collect$$libinit$$0000001B)
    __rt_lib_init_clock_1                    0x08000133   Thumb Code     0  libinit2.o(.ARM.Collect$$libinit$$00000021)
    __rt_lib_init_cpp_1                      0x08000133   Thumb Code     0  libinit2.o(.ARM.Collect$$libinit$$00000032)
    __rt_lib_init_exceptions_1               0x08000133   Thumb Code     0  libinit2.o(.ARM.Collect$$libinit$$00000030)
    __rt_lib_init_fp_1                       0x08000133   Thumb Code     0  libinit2.o(.ARM.Collect$$libinit$$00000002)
    __rt_lib_init_fp_trap_1                  0x08000133   Thumb Code     0  libinit2.o(.ARM.Collect$$libinit$$0000001F)
    __rt_lib_init_getenv_1                   0x08000133   Thumb Code     0  libinit2.o(.ARM.Collect$$libinit$$00000023)
    __rt_lib_init_heap_1                     0x08000133   Thumb Code     0  libinit2.o(.ARM.Collect$$libinit$$0000000A)
    __rt_lib_init_lc_collate_1               0x08000133   Thumb Code     0  libinit2.o(.ARM.Collect$$libinit$$00000011)
    __rt_lib_init_lc_ctype_1                 0x08000133   Thumb Code     0  libinit2.o(.ARM.Collect$$libinit$$00000013)
    __rt_lib_init_lc_monetary_1              0x08000133   Thumb Code     0  libinit2.o(.ARM.Collect$$libinit$$00000015)
    __rt_lib_init_lc_numeric_1               0x08000133   Thumb Code     0  libinit2.o(.ARM.Collect$$libinit$$00000017)
    __rt_lib_init_lc_time_1                  0x08000133   Thumb Code     0  libinit2.o(.ARM.Collect$$libinit$$00000019)
    __rt_lib_init_preinit_1                  0x08000133   Thumb Code     0  libinit2.o(.ARM.Collect$$libinit$$00000004)
    __rt_lib_init_rand_1                     0x08000133   Thumb Code     0  libinit2.o(.ARM.Collect$$libinit$$0000000E)
    __rt_lib_init_return                     0x08000133   Thumb Code     0  libinit2.o(.ARM.Collect$$libinit$$00000033)
    __rt_lib_init_signal_1                   0x08000133   Thumb Code     0  libinit2.o(.ARM.Collect$$libinit$$0000001D)
    __rt_lib_init_stdio_1                    0x08000133   Thumb Code     0  libinit2.o(.ARM.Collect$$libinit$$00000025)
    __rt_lib_init_user_alloc_1               0x08000133   Thumb Code     0  libinit2.o(.ARM.Collect$$libinit$$0000000C)
    __rt_lib_shutdown                        0x08000135   Thumb Code     0  libshutdown.o(.ARM.Collect$$libshutdown$$00000000)
    __rt_lib_shutdown_cpp_1                  0x08000137   Thumb Code     0  libshutdown2.o(.ARM.Collect$$libshutdown$$00000002)
    __rt_lib_shutdown_fp_trap_1              0x08000137   Thumb Code     0  libshutdown2.o(.ARM.Collect$$libshutdown$$00000007)
    __rt_lib_shutdown_heap_1                 0x08000137   Thumb Code     0  libshutdown2.o(.ARM.Collect$$libshutdown$$0000000F)
    __rt_lib_shutdown_return                 0x08000137   Thumb Code     0  libshutdown2.o(.ARM.Collect$$libshutdown$$00000010)
    __rt_lib_shutdown_signal_1               0x08000137   Thumb Code     0  libshutdown2.o(.ARM.Collect$$libshutdown$$0000000A)
    __rt_lib_shutdown_stdio_1                0x08000137   Thumb Code     0  libshutdown2.o(.ARM.Collect$$libshutdown$$00000004)
    __rt_lib_shutdown_user_alloc_1           0x08000137   Thumb Code     0  libshutdown2.o(.ARM.Collect$$libshutdown$$0000000C)
    __rt_entry                               0x08000139   Thumb Code     0  __rtentry.o(.ARM.Collect$$rtentry$$00000000)
    __rt_entry_presh_1                       0x08000139   Thumb Code     0  __rtentry2.o(.ARM.Collect$$rtentry$$00000002)
    __rt_entry_sh                            0x08000139   Thumb Code     0  __rtentry4.o(.ARM.Collect$$rtentry$$00000004)
    __rt_entry_li                            0x0800013f   Thumb Code     0  __rtentry2.o(.ARM.Collect$$rtentry$$0000000A)
    __rt_entry_postsh_1                      0x0800013f   Thumb Code     0  __rtentry2.o(.ARM.Collect$$rtentry$$00000009)
    __rt_entry_main                          0x08000143   Thumb Code     0  __rtentry2.o(.ARM.Collect$$rtentry$$0000000D)
    __rt_entry_postli_1                      0x08000143   Thumb Code     0  __rtentry2.o(.ARM.Collect$$rtentry$$0000000C)
    __rt_exit                                0x0800014b   Thumb Code     0  rtexit.o(.ARM.Collect$$rtexit$$00000000)
    __rt_exit_ls                             0x0800014d   Thumb Code     0  rtexit2.o(.ARM.Collect$$rtexit$$00000003)
    __rt_exit_prels_1                        0x0800014d   Thumb Code     0  rtexit2.o(.ARM.Collect$$rtexit$$00000002)
    __rt_exit_exit                           0x08000151   Thumb Code     0  rtexit2.o(.ARM.Collect$$rtexit$$00000004)
    Reset_Handler                            0x08000159   Thumb Code    38  startup_stm32f030.o(.text)
    NMI_Handler                              0x0800017f   Thumb Code     2  startup_stm32f030.o(.text)
    HardFault_Handler                        0x08000181   Thumb Code     2  startup_stm32f030.o(.text)
    SVC_Handler                              0x08000183   Thumb Code     2  startup_stm32f030.o(.text)
    PendSV_Handler                           0x08000185   Thumb Code     2  startup_stm32f030.o(.text)
    SysTick_Handler                          0x08000187   Thumb Code     2  startup_stm32f030.o(.text)
    DMA1_Channel2_3_IRQHandler               0x08000189   Thumb Code     0  startup_stm32f030.o(.text)
    DMA1_Channel4_5_IRQHandler               0x08000189   Thumb Code     0  startup_stm32f030.o(.text)
    EXTI0_1_IRQHandler                       0x08000189   Thumb Code     0  startup_stm32f030.o(.text)
    EXTI2_3_IRQHandler                       0x08000189   Thumb Code     0  startup_stm32f030.o(.text)
    EXTI4_15_IRQHandler                      0x08000189   Thumb Code     0  startup_stm32f030.o(.text)
    FLASH_IRQHandler                         0x08000189   Thumb Code     0  startup_stm32f030.o(.text)
    I2C2_IRQHandler                          0x08000189   Thumb Code     0  startup_stm32f030.o(.text)
    RCC_IRQHandler                           0x08000189   Thumb Code     0  startup_stm32f030.o(.text)
    RTC_IRQHandler                           0x08000189   Thumb Code     0  startup_stm32f030.o(.text)
    SPI1_IRQHandler                          0x08000189   Thumb Code     0  startup_stm32f030.o(.text)
    SPI2_IRQHandler                          0x08000189   Thumb Code     0  startup_stm32f030.o(.text)
    TIM14_IRQHandler                         0x08000189   Thumb Code     0  startup_stm32f030.o(.text)
    TIM15_IRQHandler                         0x08000189   Thumb Code     0  startup_stm32f030.o(.text)
    TIM16_IRQHandler                         0x08000189   Thumb Code     0  startup_stm32f030.o(.text)
    TIM1_BRK_UP_TRG_COM_IRQHandler           0x08000189   Thumb Code     0  startup_stm32f030.o(.text)
    TIM1_CC_IRQHandler                       0x08000189   Thumb Code     0  startup_stm32f030.o(.text)
    TIM3_IRQHandler                          0x08000189   Thumb Code     0  startup_stm32f030.o(.text)
    USART1_IRQHandler                        0x08000189   Thumb Code     0  startup_stm32f030.o(.text)
    USART2_IRQHandler                        0x08000189   Thumb Code     0  startup_stm32f030.o(.text)
    WWDG_IRQHandler                          0x08000189   Thumb Code     0  startup_stm32f030.o(.text)
    __user_initial_stackheap                 0x0800018d   Thumb Code     0  startup_stm32f030.o(.text)
    __use_two_region_memory                  0x080001cd   Thumb Code     2  heapauxi.o(.text)
    __rt_heap_escrow$2region                 0x080001cf   Thumb Code     2  heapauxi.o(.text)
    __rt_heap_expand$2region                 0x080001d1   Thumb Code     2  heapauxi.o(.text)
    __aeabi_d2f                              0x080001d5   Thumb Code     0  d2f.o(.text)
    _d2f                                     0x080001d5   Thumb Code   120  d2f.o(.text)
    __aeabi_dadd                             0x08000549   Thumb Code     0  daddsub.o(.text)
    _dadd                                    0x08000549   Thumb Code    26  daddsub.o(.text)
    __aeabi_dsub                             0x08000563   Thumb Code     0  daddsub.o(.text)
    _dsub                                    0x08000563   Thumb Code    22  daddsub.o(.text)
    __aeabi_drsub                            0x08000579   Thumb Code     0  daddsub.o(.text)
    _drsb                                    0x08000579   Thumb Code    28  daddsub.o(.text)
    __aeabi_ddiv                             0x080005a9   Thumb Code     0  ddiv.o(.text)
    _ddiv                                    0x080005a9   Thumb Code  1072  ddiv.o(.text)
    _drdiv                                   0x080009d9   Thumb Code    20  ddiv.o(.text)
    __aeabi_i2d_normalise                    0x080009f1   Thumb Code    66  dflti.o(.text)
    __aeabi_i2d                              0x08000a33   Thumb Code    16  dflti.o(.text)
    _dflt                                    0x08000a33   Thumb Code     0  dflti.o(.text)
    __aeabi_ui2d                             0x08000a43   Thumb Code     6  dflti.o(.text)
    _dfltu                                   0x08000a43   Thumb Code     0  dflti.o(.text)
    __aeabi_dmul                             0x08000a49   Thumb Code     0  dmul.o(.text)
    _dmul                                    0x08000a49   Thumb Code   558  dmul.o(.text)
    __aeabi_f2d                              0x08000c91   Thumb Code     0  f2d.o(.text)
    _f2d                                     0x08000c91   Thumb Code    80  f2d.o(.text)
    __aeabi_fdiv                             0x08000ce5   Thumb Code     0  fdiv.o(.text)
    _fdiv                                    0x08000ce5   Thumb Code   334  fdiv.o(.text)
    _frdiv                                   0x08000e33   Thumb Code     8  fdiv.o(.text)
    __aeabi_f2uiz                            0x08000e45   Thumb Code     0  ffixui.o(.text)
    _ffixu                                   0x08000e45   Thumb Code    48  ffixui.o(.text)
    __aeabi_i2f_normalise                    0x08000e75   Thumb Code    72  fflti.o(.text)
    __aeabi_i2f                              0x08000ebd   Thumb Code    16  fflti.o(.text)
    _fflt                                    0x08000ebd   Thumb Code     0  fflti.o(.text)
    __aeabi_ui2f                             0x08000ecd   Thumb Code     6  fflti.o(.text)
    _ffltu                                   0x08000ecd   Thumb Code     0  fflti.o(.text)
    __ARM_scalbnf                            0x08000ed5   Thumb Code    64  fscalbn.o(.text)
    __user_setup_stackheap                   0x08000f19   Thumb Code    62  sys_stackheap_outer.o(.text)
    exit                                     0x08000f57   Thumb Code    16  exit.o(.text)
    __user_libspace                          0x08000f69   Thumb Code     8  libspace.o(.text)
    __user_perproc_libspace                  0x08000f69   Thumb Code     0  libspace.o(.text)
    __user_perthread_libspace                0x08000f69   Thumb Code     0  libspace.o(.text)
    _sys_exit                                0x08000f71   Thumb Code     8  sys_exit.o(.text)
    __I$use$semihosting                      0x08000f7d   Thumb Code     0  use_no_semi.o(.text)
    __use_no_semihosting_swi                 0x08000f7d   Thumb Code     2  use_no_semi.o(.text)
    ADC1_IRQHandler                          0x08000f7f   Thumb Code     2  adc.o(i.ADC1_IRQHandler)
    __semihosting_library_function           0x08000f7f   Thumb Code     0  indicate_semi.o(.text)
    ADC_ChannelConfig                        0x08000f81   Thumb Code    10  stm32f0xx_adc.o(i.ADC_ChannelConfig)
    ADC_ClockModeConfig                      0x08000f8b   Thumb Code     4  stm32f0xx_adc.o(i.ADC_ClockModeConfig)
    ADC_Cmd                                  0x08000f8f   Thumb Code    18  stm32f0xx_adc.o(i.ADC_Cmd)
    ADC_DMACmd                               0x08000fa1   Thumb Code    20  stm32f0xx_adc.o(i.ADC_DMACmd)
    ADC_DMARequestModeConfig                 0x08000fb5   Thumb Code    16  stm32f0xx_adc.o(i.ADC_DMARequestModeConfig)
    ADC_GetCalibrationFactor                 0x08000fc5   Thumb Code    46  stm32f0xx_adc.o(i.ADC_GetCalibrationFactor)
    ADC_GetFlagStatus                        0x08000ff3   Thumb Code    28  stm32f0xx_adc.o(i.ADC_GetFlagStatus)
    ADC_Init                                 0x08001011   Thumb Code    38  stm32f0xx_adc.o(i.ADC_Init)
    ADC_StartOfConversion                    0x0800103d   Thumb Code    10  stm32f0xx_adc.o(i.ADC_StartOfConversion)
    ADC_TempSensorCmd                        0x08001049   Thumb Code    22  stm32f0xx_adc.o(i.ADC_TempSensorCmd)
    ADC_VrefintCmd                           0x08001065   Thumb Code    22  stm32f0xx_adc.o(i.ADC_VrefintCmd)
    ADC_cfg                                  0x08001081   Thumb Code    98  adc.o(i.ADC_cfg)
    DMA1_Channel1_IRQHandler                 0x080010f1   Thumb Code    26  adc.o(i.DMA1_Channel1_IRQHandler)
    DMA_ClearITPendingBit                    0x08001111   Thumb Code    14  stm32f0xx_dma.o(i.DMA_ClearITPendingBit)
    DMA_Cmd                                  0x08001129   Thumb Code    20  stm32f0xx_dma.o(i.DMA_Cmd)
    DMA_GetFlagStatus                        0x08001141   Thumb Code    24  stm32f0xx_dma.o(i.DMA_GetFlagStatus)
    DMA_ITConfig                             0x08001161   Thumb Code    16  stm32f0xx_dma.o(i.DMA_ITConfig)
    DMA_Init                                 0x08001171   Thumb Code    56  stm32f0xx_dma.o(i.DMA_Init)
    DMA_cfg                                  0x080011ad   Thumb Code    74  adc.o(i.DMA_cfg)
    FLASH_GetStatus                          0x08001209   Thumb Code    34  stm32f0xx_flash.o(i.FLASH_GetStatus)
    FLASH_Lock                               0x08001231   Thumb Code    12  stm32f0xx_flash.o(i.FLASH_Lock)
    FLASH_ProgramHalfWord                    0x08001241   Thumb Code    48  stm32f0xx_flash.o(i.FLASH_ProgramHalfWord)
    FLASH_Unlock                             0x08001275   Thumb Code    18  stm32f0xx_flash.o(i.FLASH_Unlock)
    FLASH_WaitForLastOperation               0x08001295   Thumb Code    34  stm32f0xx_flash.o(i.FLASH_WaitForLastOperation)
    GPIO_Init                                0x080012b7   Thumb Code   112  stm32f0xx_gpio.o(i.GPIO_Init)
    GPIO_PinAFConfig                         0x08001327   Thumb Code    32  stm32f0xx_gpio.o(i.GPIO_PinAFConfig)
    I2C1_IRQHandler                          0x08001349   Thumb Code   244  i2c_slave.o(i.I2C1_IRQHandler)
    I2C_ClearITPendingBit                    0x08001449   Thumb Code     4  stm32f0xx_i2c.o(i.I2C_ClearITPendingBit)
    I2C_Cmd                                  0x0800144d   Thumb Code    20  stm32f0xx_i2c.o(i.I2C_Cmd)
    I2C_GetITStatus                          0x08001461   Thumb Code    48  stm32f0xx_i2c.o(i.I2C_GetITStatus)
    I2C_GetTransferDirection                 0x08001491   Thumb Code    18  stm32f0xx_i2c.o(i.I2C_GetTransferDirection)
    I2C_ITConfig                             0x080014a3   Thumb Code    16  stm32f0xx_i2c.o(i.I2C_ITConfig)
    I2C_Init                                 0x080014b5   Thumb Code    92  stm32f0xx_i2c.o(i.I2C_Init)
    I2C_ReceiveData                          0x08001519   Thumb Code     6  stm32f0xx_i2c.o(i.I2C_ReceiveData)
    I2C_SendData                             0x0800151f   Thumb Code     4  stm32f0xx_i2c.o(i.I2C_SendData)
    NVIC_Init                                0x08001525   Thumb Code    70  stm32f0xx_misc.o(i.NVIC_Init)
    NVIC_cfg                                 0x08001575   Thumb Code   102  user_init.o(i.NVIC_cfg)
    RCC_AHBPeriphClockCmd                    0x080015e1   Thumb Code    18  stm32f0xx_rcc.o(i.RCC_AHBPeriphClockCmd)
    RCC_APB1PeriphClockCmd                   0x080015f9   Thumb Code    18  stm32f0xx_rcc.o(i.RCC_APB1PeriphClockCmd)
    RCC_APB2PeriphClockCmd                   0x08001611   Thumb Code    18  stm32f0xx_rcc.o(i.RCC_APB2PeriphClockCmd)
    RCC_HCLKConfig                           0x08001629   Thumb Code    14  stm32f0xx_rcc.o(i.RCC_HCLKConfig)
    RCC_HSEConfig                            0x0800163d   Thumb Code    10  stm32f0xx_rcc.o(i.RCC_HSEConfig)
    RCC_PCLKConfig                           0x0800164d   Thumb Code    16  stm32f0xx_rcc.o(i.RCC_PCLKConfig)
    RCC_PLLCmd                               0x08001661   Thumb Code    22  stm32f0xx_rcc.o(i.RCC_PLLCmd)
    RCC_SYSCLKConfig                         0x0800167d   Thumb Code    14  stm32f0xx_rcc.o(i.RCC_SYSCLKConfig)
    RCC_cfg                                  0x08001691   Thumb Code    78  user_init.o(i.RCC_cfg)
    SystemInit                               0x080016ed   Thumb Code     2  user.o(i.SystemInit)
    TIM17_IRQHandler                         0x080016f1   Thumb Code    32  metronome.o(i.TIM17_IRQHandler)
    TIM_ARRPreloadConfig                     0x08001719   Thumb Code    18  stm32f0xx_tim.o(i.TIM_ARRPreloadConfig)
    TIM_ClearITPendingBit                    0x0800172b   Thumb Code     6  stm32f0xx_tim.o(i.TIM_ClearITPendingBit)
    TIM_Cmd                                  0x08001731   Thumb Code    20  stm32f0xx_tim.o(i.TIM_Cmd)
    TIM_GetITStatus                          0x08001745   Thumb Code    24  stm32f0xx_tim.o(i.TIM_GetITStatus)
    TIM_ITConfig                             0x0800175d   Thumb Code    16  stm32f0xx_tim.o(i.TIM_ITConfig)
    TIM_TimeBaseInit                         0x0800176d   Thumb Code    88  stm32f0xx_tim.o(i.TIM_TimeBaseInit)
    adcDataProcess                           0x080017e1   Thumb Code   182  adc.o(i.adcDataProcess)
    adc_GPIO_cfg                             0x080018b1   Thumb Code    28  adc.o(i.adc_GPIO_cfg)
    i2c1_GPIO_cfg                            0x080018d1   Thumb Code    56  i2c_slave.o(i.i2c1_GPIO_cfg)
    i2c1_cfg                                 0x0800190d   Thumb Code    50  i2c_slave.o(i.i2c1_cfg)
    i2cRegUpdate                             0x08001949   Thumb Code    90  user.o(i.i2cRegUpdate)
    main                                     0x080019ad   Thumb Code   106  user.o(i.main)
    mtn_TIM17_cfg                            0x08001a29   Thumb Code    56  metronome.o(i.mtn_TIM17_cfg)
    rd_coff                                  0x08001a6d   Thumb Code    50  eeprom_emulation.o(i.rd_coff)
    rd_flash_1hw                             0x08001aa1   Thumb Code    10  eeprom_emulation.o(i.rd_flash_1hw)
    rd_flash_hw                              0x08001ab1   Thumb Code    30  eeprom_emulation.o(i.rd_flash_hw)
    solve2f                                  0x08001ad5   Thumb Code   494  adc.o(i.solve2f)
    time2tell                                0x08001ce5   Thumb Code    20  metronome.o(i.time2tell)
    wr_coff                                  0x08001cfd   Thumb Code    58  eeprom_emulation.o(i.wr_coff)
    wr_flash_hw                              0x08001d3d   Thumb Code    46  eeprom_emulation.o(i.wr_flash_hw)
    __aeabi_fadd                             0x08001d71   Thumb Code     0  faddsub.o(x$fpl$fadd)
    _fadd                                    0x08001d71   Thumb Code   134  faddsub.o(x$fpl$fadd)
    __aeabi_fmul                             0x08001dfd   Thumb Code     0  fmul.o(x$fpl$fmul)
    _fmul                                    0x08001dfd   Thumb Code   172  fmul.o(x$fpl$fmul)
    __aeabi_frsub                            0x08001ead   Thumb Code     0  faddsub.o(x$fpl$frsb)
    _frsb                                    0x08001ead   Thumb Code    24  faddsub.o(x$fpl$frsb)
    __aeabi_fsub                             0x08001ec5   Thumb Code     0  faddsub.o(x$fpl$fsub)
    _fsub                                    0x08001ec5   Thumb Code   204  faddsub.o(x$fpl$fsub)
    __I$use$fp                               0x08001f94   Number         0  usenofp.o(x$fpl$usenofp)
    Region$$Table$$Base                      0x08002054   Number         0  anon$$obj.o(Region$$Table)
    Region$$Table$$Limit                     0x08002074   Number         0  anon$$obj.o(Region$$Table)
    T                                        0x20000008   Data           4  user.o(.data)
    H                                        0x2000000c   Data           4  user.o(.data)
    prcv                                     0x20000288   Data          64  adc.o(.bss)
    __libspace_start                         0x20000370   Data          96  libspace.o(.bss)
    __temporary_stack_top$libspace           0x200003d0   Data           0  libspace.o(.bss)



==============================================================================

Memory Map of the image

  Image Entry point : 0x08000159

  Load Region LR_1 (Base: 0x08000000, Size: 0x000020f8, Max: 0xffffffff, ABSOLUTE)

    Execution Region ER_RO (Base: 0x08000000, Size: 0x00002074, Max: 0xffffffff, ABSOLUTE)

    Base Addr    Size         Type   Attr      Idx    E Section Name        Object

    0x08000000   0x000000b4   Data   RO            3    RESET               startup_stm32f030.o
    0x080000b4   0x00000008   Code   RO         3945  * !!!main             c_p.l(__main.o)
    0x080000bc   0x0000003c   Code   RO         4145    !!!scatter          c_p.l(__scatter.o)
    0x080000f8   0x0000001a   Code   RO         4147    !!handler_copy      c_p.l(__scatter_copy.o)
    0x08000112   0x00000002   PAD
    0x08000114   0x0000001c   Code   RO         4149    !!handler_zi        c_p.l(__scatter_zi.o)
    0x08000130   0x00000002   Code   RO         4014    .ARM.Collect$$libinit$$00000000  c_p.l(libinit.o)
    0x08000132   0x00000000   Code   RO         4028    .ARM.Collect$$libinit$$00000002  c_p.l(libinit2.o)
    0x08000132   0x00000000   Code   RO         4030    .ARM.Collect$$libinit$$00000004  c_p.l(libinit2.o)
    0x08000132   0x00000000   Code   RO         4033    .ARM.Collect$$libinit$$0000000A  c_p.l(libinit2.o)
    0x08000132   0x00000000   Code   RO         4035    .ARM.Collect$$libinit$$0000000C  c_p.l(libinit2.o)
    0x08000132   0x00000000   Code   RO         4037    .ARM.Collect$$libinit$$0000000E  c_p.l(libinit2.o)
    0x08000132   0x00000000   Code   RO         4040    .ARM.Collect$$libinit$$00000011  c_p.l(libinit2.o)
    0x08000132   0x00000000   Code   RO         4042    .ARM.Collect$$libinit$$00000013  c_p.l(libinit2.o)
    0x08000132   0x00000000   Code   RO         4044    .ARM.Collect$$libinit$$00000015  c_p.l(libinit2.o)
    0x08000132   0x00000000   Code   RO         4046    .ARM.Collect$$libinit$$00000017  c_p.l(libinit2.o)
    0x08000132   0x00000000   Code   RO         4048    .ARM.Collect$$libinit$$00000019  c_p.l(libinit2.o)
    0x08000132   0x00000000   Code   RO         4050    .ARM.Collect$$libinit$$0000001B  c_p.l(libinit2.o)
    0x08000132   0x00000000   Code   RO         4052    .ARM.Collect$$libinit$$0000001D  c_p.l(libinit2.o)
    0x08000132   0x00000000   Code   RO         4054    .ARM.Collect$$libinit$$0000001F  c_p.l(libinit2.o)
    0x08000132   0x00000000   Code   RO         4056    .ARM.Collect$$libinit$$00000021  c_p.l(libinit2.o)
    0x08000132   0x00000000   Code   RO         4058    .ARM.Collect$$libinit$$00000023  c_p.l(libinit2.o)
    0x08000132   0x00000000   Code   RO         4060    .ARM.Collect$$libinit$$00000025  c_p.l(libinit2.o)
    0x08000132   0x00000000   Code   RO         4064    .ARM.Collect$$libinit$$0000002C  c_p.l(libinit2.o)
    0x08000132   0x00000000   Code   RO         4066    .ARM.Collect$$libinit$$0000002E  c_p.l(libinit2.o)
    0x08000132   0x00000000   Code   RO         4068    .ARM.Collect$$libinit$$00000030  c_p.l(libinit2.o)
    0x08000132   0x00000000   Code   RO         4070    .ARM.Collect$$libinit$$00000032  c_p.l(libinit2.o)
    0x08000132   0x00000002   Code   RO         4071    .ARM.Collect$$libinit$$00000033  c_p.l(libinit2.o)
    0x08000134   0x00000002   Code   RO         4102    .ARM.Collect$$libshutdown$$00000000  c_p.l(libshutdown.o)
    0x08000136   0x00000000   Code   RO         4128    .ARM.Collect$$libshutdown$$00000002  c_p.l(libshutdown2.o)
    0x08000136   0x00000000   Code   RO         4130    .ARM.Collect$$libshutdown$$00000004  c_p.l(libshutdown2.o)
    0x08000136   0x00000000   Code   RO         4133    .ARM.Collect$$libshutdown$$00000007  c_p.l(libshutdown2.o)
    0x08000136   0x00000000   Code   RO         4136    .ARM.Collect$$libshutdown$$0000000A  c_p.l(libshutdown2.o)
    0x08000136   0x00000000   Code   RO         4138    .ARM.Collect$$libshutdown$$0000000C  c_p.l(libshutdown2.o)
    0x08000136   0x00000000   Code   RO         4141    .ARM.Collect$$libshutdown$$0000000F  c_p.l(libshutdown2.o)
    0x08000136   0x00000002   Code   RO         4142    .ARM.Collect$$libshutdown$$00000010  c_p.l(libshutdown2.o)
    0x08000138   0x00000000   Code   RO         3977    .ARM.Collect$$rtentry$$00000000  c_p.l(__rtentry.o)
    0x08000138   0x00000000   Code   RO         3984    .ARM.Collect$$rtentry$$00000002  c_p.l(__rtentry2.o)
    0x08000138   0x00000006   Code   RO         3996    .ARM.Collect$$rtentry$$00000004  c_p.l(__rtentry4.o)
    0x0800013e   0x00000000   Code   RO         3986    .ARM.Collect$$rtentry$$00000009  c_p.l(__rtentry2.o)
    0x0800013e   0x00000004   Code   RO         3987    .ARM.Collect$$rtentry$$0000000A  c_p.l(__rtentry2.o)
    0x08000142   0x00000000   Code   RO         3989    .ARM.Collect$$rtentry$$0000000C  c_p.l(__rtentry2.o)
    0x08000142   0x00000008   Code   RO         3990    .ARM.Collect$$rtentry$$0000000D  c_p.l(__rtentry2.o)
    0x0800014a   0x00000002   Code   RO         4019    .ARM.Collect$$rtexit$$00000000  c_p.l(rtexit.o)
    0x0800014c   0x00000000   Code   RO         4075    .ARM.Collect$$rtexit$$00000002  c_p.l(rtexit2.o)
    0x0800014c   0x00000004   Code   RO         4076    .ARM.Collect$$rtexit$$00000003  c_p.l(rtexit2.o)
    0x08000150   0x00000006   Code   RO         4077    .ARM.Collect$$rtexit$$00000004  c_p.l(rtexit2.o)
    0x08000156   0x00000002   PAD
    0x08000158   0x00000074   Code   RO            4  * .text               startup_stm32f030.o
    0x080001cc   0x00000006   Code   RO         3943    .text               c_p.l(heapauxi.o)
    0x080001d2   0x00000002   PAD
    0x080001d4   0x0000007c   Code   RO         3947    .text               fz_ps.l(d2f.o)
    0x08000250   0x00000358   Code   RO         3949    .text               fz_ps.l(daddsub.o)
    0x080005a8   0x00000448   Code   RO         3951    .text               fz_ps.l(ddiv.o)
    0x080009f0   0x00000058   Code   RO         3954    .text               fz_ps.l(dflti.o)
    0x08000a48   0x00000248   Code   RO         3956    .text               fz_ps.l(dmul.o)
    0x08000c90   0x00000054   Code   RO         3958    .text               fz_ps.l(f2d.o)
    0x08000ce4   0x00000160   Code   RO         3966    .text               fz_ps.l(fdiv.o)
    0x08000e44   0x00000030   Code   RO         3969    .text               fz_ps.l(ffixui.o)
    0x08000e74   0x0000005e   Code   RO         3971    .text               fz_ps.l(fflti.o)
    0x08000ed2   0x00000002   PAD
    0x08000ed4   0x00000044   Code   RO         3975    .text               fz_ps.l(fscalbn.o)
    0x08000f18   0x0000003e   Code   RO         4000    .text               c_p.l(sys_stackheap_outer.o)
    0x08000f56   0x00000010   Code   RO         4003    .text               c_p.l(exit.o)
    0x08000f66   0x00000002   PAD
    0x08000f68   0x00000008   Code   RO         4015    .text               c_p.l(libspace.o)
    0x08000f70   0x0000000c   Code   RO         4072    .text               c_p.l(sys_exit.o)
    0x08000f7c   0x00000002   Code   RO         4091    .text               c_p.l(use_no_semi.o)
    0x08000f7e   0x00000000   Code   RO         4093    .text               c_p.l(indicate_semi.o)
    0x08000f7e   0x00000002   Code   RO          149    i.ADC1_IRQHandler   adc.o
    0x08000f80   0x0000000a   Code   RO          350    i.ADC_ChannelConfig  stm32f0xx_adc.o
    0x08000f8a   0x00000004   Code   RO          353    i.ADC_ClockModeConfig  stm32f0xx_adc.o
    0x08000f8e   0x00000012   Code   RO          354    i.ADC_Cmd           stm32f0xx_adc.o
    0x08000fa0   0x00000014   Code   RO          356    i.ADC_DMACmd        stm32f0xx_adc.o
    0x08000fb4   0x00000010   Code   RO          357    i.ADC_DMARequestModeConfig  stm32f0xx_adc.o
    0x08000fc4   0x0000002e   Code   RO          360    i.ADC_GetCalibrationFactor  stm32f0xx_adc.o
    0x08000ff2   0x0000001c   Code   RO          362    i.ADC_GetFlagStatus  stm32f0xx_adc.o
    0x0800100e   0x00000002   PAD
    0x08001010   0x0000002c   Code   RO          365    i.ADC_Init          stm32f0xx_adc.o
    0x0800103c   0x0000000a   Code   RO          368    i.ADC_StartOfConversion  stm32f0xx_adc.o
    0x08001046   0x00000002   PAD
    0x08001048   0x0000001c   Code   RO          371    i.ADC_TempSensorCmd  stm32f0xx_adc.o
    0x08001064   0x0000001c   Code   RO          373    i.ADC_VrefintCmd    stm32f0xx_adc.o
    0x08001080   0x00000070   Code   RO          150    i.ADC_cfg           adc.o
    0x080010f0   0x00000020   Code   RO          151    i.DMA1_Channel1_IRQHandler  adc.o
    0x08001110   0x00000018   Code   RO         1279    i.DMA_ClearITPendingBit  stm32f0xx_dma.o
    0x08001128   0x00000018   Code   RO         1280    i.DMA_Cmd           stm32f0xx_dma.o
    0x08001140   0x00000020   Code   RO         1283    i.DMA_GetFlagStatus  stm32f0xx_dma.o
    0x08001160   0x00000010   Code   RO         1285    i.DMA_ITConfig      stm32f0xx_dma.o
    0x08001170   0x0000003c   Code   RO         1286    i.DMA_Init          stm32f0xx_dma.o
    0x080011ac   0x0000005c   Code   RO          152    i.DMA_cfg           adc.o
    0x08001208   0x00000028   Code   RO         1431    i.FLASH_GetStatus   stm32f0xx_flash.o
    0x08001230   0x00000010   Code   RO         1433    i.FLASH_Lock        stm32f0xx_flash.o
    0x08001240   0x00000034   Code   RO         1452    i.FLASH_ProgramHalfWord  stm32f0xx_flash.o
    0x08001274   0x00000020   Code   RO         1455    i.FLASH_Unlock      stm32f0xx_flash.o
    0x08001294   0x00000022   Code   RO         1456    i.FLASH_WaitForLastOperation  stm32f0xx_flash.o
    0x080012b6   0x00000070   Code   RO         1626    i.GPIO_Init         stm32f0xx_gpio.o
    0x08001326   0x00000020   Code   RO         1627    i.GPIO_PinAFConfig  stm32f0xx_gpio.o
    0x08001346   0x00000002   PAD
    0x08001348   0x00000100   Code   RO          308    i.I2C1_IRQHandler   i2c_slave.o
    0x08001448   0x00000004   Code   RO         1723    i.I2C_ClearITPendingBit  stm32f0xx_i2c.o
    0x0800144c   0x00000014   Code   RO         1725    i.I2C_Cmd           stm32f0xx_i2c.o
    0x08001460   0x00000030   Code   RO         1735    i.I2C_GetITStatus   stm32f0xx_i2c.o
    0x08001490   0x00000012   Code   RO         1737    i.I2C_GetTransferDirection  stm32f0xx_i2c.o
    0x080014a2   0x00000010   Code   RO         1738    i.I2C_ITConfig      stm32f0xx_i2c.o
    0x080014b2   0x00000002   PAD
    0x080014b4   0x00000064   Code   RO         1740    i.I2C_Init          stm32f0xx_i2c.o
    0x08001518   0x00000006   Code   RO         1746    i.I2C_ReceiveData   stm32f0xx_i2c.o
    0x0800151e   0x00000004   Code   RO         1749    i.I2C_SendData      stm32f0xx_i2c.o
    0x08001522   0x00000002   PAD
    0x08001524   0x00000050   Code   RO         2042    i.NVIC_Init         stm32f0xx_misc.o
    0x08001574   0x0000006c   Code   RO          121    i.NVIC_cfg          user_init.o
    0x080015e0   0x00000018   Code   RO         2149    i.RCC_AHBPeriphClockCmd  stm32f0xx_rcc.o
    0x080015f8   0x00000018   Code   RO         2151    i.RCC_APB1PeriphClockCmd  stm32f0xx_rcc.o
    0x08001610   0x00000018   Code   RO         2153    i.RCC_APB2PeriphClockCmd  stm32f0xx_rcc.o
    0x08001628   0x00000014   Code   RO         2167    i.RCC_HCLKConfig    stm32f0xx_rcc.o
    0x0800163c   0x00000010   Code   RO         2168    i.RCC_HSEConfig     stm32f0xx_rcc.o
    0x0800164c   0x00000014   Code   RO         2179    i.RCC_PCLKConfig    stm32f0xx_rcc.o
    0x08001660   0x0000001c   Code   RO         2180    i.RCC_PLLCmd        stm32f0xx_rcc.o
    0x0800167c   0x00000014   Code   RO         2185    i.RCC_SYSCLKConfig  stm32f0xx_rcc.o
    0x08001690   0x0000005c   Code   RO          122    i.RCC_cfg           user_init.o
    0x080016ec   0x00000002   Code   RO           12    i.SystemInit        user.o
    0x080016ee   0x00000002   PAD
    0x080016f0   0x00000028   Code   RO          267    i.TIM17_IRQHandler  metronome.o
    0x08001718   0x00000012   Code   RO         3016    i.TIM_ARRPreloadConfig  stm32f0xx_tim.o
    0x0800172a   0x00000006   Code   RO         3023    i.TIM_ClearITPendingBit  stm32f0xx_tim.o
    0x08001730   0x00000014   Code   RO         3028    i.TIM_Cmd           stm32f0xx_tim.o
    0x08001744   0x00000018   Code   RO         3049    i.TIM_GetITStatus   stm32f0xx_tim.o
    0x0800175c   0x00000010   Code   RO         3053    i.TIM_ITConfig      stm32f0xx_tim.o
    0x0800176c   0x00000074   Code   RO         3101    i.TIM_TimeBaseInit  stm32f0xx_tim.o
    0x080017e0   0x000000d0   Code   RO          154    i.adcDataProcess    adc.o
    0x080018b0   0x00000020   Code   RO          155    i.adc_GPIO_cfg      adc.o
    0x080018d0   0x0000003c   Code   RO          309    i.i2c1_GPIO_cfg     i2c_slave.o
    0x0800190c   0x0000003c   Code   RO          310    i.i2c1_cfg          i2c_slave.o
    0x08001948   0x00000064   Code   RO           13    i.i2cRegUpdate      user.o
    0x080019ac   0x0000007c   Code   RO           14    i.main              user.o
    0x08001a28   0x00000044   Code   RO          269    i.mtn_TIM17_cfg     metronome.o
    0x08001a6c   0x00000032   Code   RO          221    i.rd_coff           eeprom_emulation.o
    0x08001a9e   0x00000002   PAD
    0x08001aa0   0x00000010   Code   RO          222    i.rd_flash_1hw      eeprom_emulation.o
    0x08001ab0   0x00000024   Code   RO          223    i.rd_flash_hw       eeprom_emulation.o
    0x08001ad4   0x00000210   Code   RO          157    i.solve2f           adc.o
    0x08001ce4   0x00000018   Code   RO          270    i.time2tell         metronome.o
    0x08001cfc   0x00000040   Code   RO          224    i.wr_coff           eeprom_emulation.o
    0x08001d3c   0x00000034   Code   RO          225    i.wr_flash_hw       eeprom_emulation.o
    0x08001d70   0x0000008c   Code   RO         3960    x$fpl$fadd          fz_ps.l(faddsub.o)
    0x08001dfc   0x000000b0   Code   RO         3973    x$fpl$fmul          fz_ps.l(fmul.o)
    0x08001eac   0x00000018   Code   RO         3961    x$fpl$frsb          fz_ps.l(faddsub.o)
    0x08001ec4   0x000000d0   Code   RO         3962    x$fpl$fsub          fz_ps.l(faddsub.o)
    0x08001f94   0x00000000   Code   RO         3982    x$fpl$usenofp       fz_ps.l(usenofp.o)
    0x08001f94   0x00000080   Data   RO         3952    .constdata          fz_ps.l(ddiv.o)
    0x08002014   0x00000040   Data   RO         3967    .constdata          fz_ps.l(fdiv.o)
    0x08002054   0x00000020   Data   RO         4143    Region$$Table       anon$$obj.o


    Execution Region ER_RW (Base: 0x20000000, Size: 0x00000084, Max: 0xffffffff, ABSOLUTE)

    Base Addr    Size         Type   Attr      Idx    E Section Name        Object

    0x20000000   0x00000010   Data   RW           18    .data               user.o
    0x20000010   0x00000003   Data   RW          123    .data               user_init.o
    0x20000013   0x00000001   PAD
    0x20000014   0x00000054   Data   RW          159    .data               adc.o
    0x20000068   0x0000000c   Data   RW          272    .data               metronome.o
    0x20000074   0x00000010   Data   RW          312    .data               i2c_slave.o


    Execution Region ER_ZI (Base: 0x20000084, Size: 0x0000094c, Max: 0xffffffff, ABSOLUTE)

    Base Addr    Size         Type   Attr      Idx    E Section Name        Object

    0x20000084   0x00000040   Zero   RW           15    .bss                user.o
    0x200000c4   0x00000204   Zero   RW          158    .bss                adc.o
    0x200002c8   0x0000000c   Zero   RW          271    .bss                metronome.o
    0x200002d4   0x0000009c   Zero   RW          311    .bss                i2c_slave.o
    0x20000370   0x00000060   Zero   RW         4016    .bss                c_p.l(libspace.o)
    0x200003d0   0x00000200   Zero   RW            2    HEAP                startup_stm32f030.o
    0x200005d0   0x00000400   Zero   RW            1    STACK               startup_stm32f030.o


==============================================================================

Image component sizes


      Code (inc. data)   RO Data    RW Data    ZI Data      Debug   Object Name

      1006        102          0         84        516       4871   adc.o
       218         24          0          0          0       3117   eeprom_emulation.o
       376         26          0         16        156       2146   i2c_slave.o
       132         24          0         12         12       1487   metronome.o
       116         56        180          0       1536        800   startup_stm32f030.o
       252         18          0          0          0       7483   stm32f0xx_adc.o
       156         26          0          0          0       4904   stm32f0xx_dma.o
       174         28          0          0          0       3791   stm32f0xx_flash.o
       144          0          0          0          0       1979   stm32f0xx_gpio.o
       216          8          0          0          0       5798   stm32f0xx_i2c.o
        80         10          0          0          0       1120   stm32f0xx_misc.o
       176         46          0          0          0       4760   stm32f0xx_rcc.o
       200         28          0          0          0       5480   stm32f0xx_tim.o
       226         28          0         16         64     238117   user.o
       200         20          0          3          0       1061   user_init.o

    ----------------------------------------------------------------------
      3686        444        212        132       2284     286914   Object Totals
         0          0         32          0          0          0   (incl. Generated)
        14          0          0          1          0          0   (incl. Padding)

    ----------------------------------------------------------------------

      Code (inc. data)   RO Data    RW Data    ZI Data      Debug   Library Member Name

         8          0          0          0          0         68   __main.o
         0          0          0          0          0          0   __rtentry.o
        12          0          0          0          0          0   __rtentry2.o
         6          0          0          0          0          0   __rtentry4.o
        60          8          0          0          0          0   __scatter.o
        26          0          0          0          0          0   __scatter_copy.o
        28          0          0          0          0          0   __scatter_zi.o
        16          0          0          0          0         68   exit.o
         6          0          0          0          0        136   heapauxi.o
         0          0          0          0          0          0   indicate_semi.o
         2          0          0          0          0          0   libinit.o
         2          0          0          0          0          0   libinit2.o
         2          0          0          0          0          0   libshutdown.o
         2          0          0          0          0          0   libshutdown2.o
         8          4          0          0         96         68   libspace.o
         2          0          0          0          0          0   rtexit.o
        10          0          0          0          0          0   rtexit2.o
        12          4          0          0          0         60   sys_exit.o
        62          0          0          0          0         80   sys_stackheap_outer.o
         2          0          0          0          0         68   use_no_semi.o
       124          4          0          0          0         72   d2f.o
       856         20          0          0          0        208   daddsub.o
      1096         26        128          0          0        112   ddiv.o
        88          0          0          0          0         92   dflti.o
       584         26          0          0          0         84   dmul.o
        84          4          0          0          0         60   f2d.o
       372          8          0          0          0        240   faddsub.o
       352         10         64          0          0         92   fdiv.o
        48          0          0          0          0         60   ffixui.o
        94          0          0          0          0         92   fflti.o
       176          4          0          0          0         80   fmul.o
        68          4          0          0          0         68   fscalbn.o
         0          0          0          0          0          0   usenofp.o

    ----------------------------------------------------------------------
      4218        122        192          0         96       1808   Library Totals
        10          0          0          0          0          0   (incl. Padding)

    ----------------------------------------------------------------------

      Code (inc. data)   RO Data    RW Data    ZI Data      Debug   Library Name

       266         16          0          0         96        548   c_p.l
      3942        106        192          0          0       1260   fz_ps.l

    ----------------------------------------------------------------------
      4218        122        192          0         96       1808   Library Totals

    ----------------------------------------------------------------------

==============================================================================


      Code (inc. data)   RO Data    RW Data    ZI Data      Debug   

      7904        566        404        132       2380     285122   Grand Totals
      7904        566        404        132       2380     285122   ELF Image Totals
      7904        566        404        132          0          0   ROM Totals

==============================================================================

    Total RO  Size (Code + RO Data)                 8308 (   8.11kB)
    Total RW  Size (RW Data + ZI Data)              2512 (   2.45kB)
    Total ROM Size (Code + RO Data + RW Data)       8440 (   8.24kB)

==============================================================================

